Component: Arm Compiler for Embedded 6.23 Tool: armlink [5f102400]

==============================================================================

Section Cross References

    startup_stm32f407xx.o(STACK) refers (Special) to heapauxi.o(.text) for __use_two_region_memory
    startup_stm32f407xx.o(HEAP) refers (Special) to heapauxi.o(.text) for __use_two_region_memory
    startup_stm32f407xx.o(RESET) refers (Special) to heapauxi.o(.text) for __use_two_region_memory
    startup_stm32f407xx.o(RESET) refers to startup_stm32f407xx.o(STACK) for __initial_sp
    startup_stm32f407xx.o(RESET) refers to startup_stm32f407xx.o(.text) for Reset_Handler
    startup_stm32f407xx.o(RESET) refers to stm32f4xx_it.o(.text.NMI_Handler) for NMI_Handler
    startup_stm32f407xx.o(RESET) refers to stm32f4xx_it.o(.text.HardFault_Handler) for HardFault_Handler
    startup_stm32f407xx.o(RESET) refers to stm32f4xx_it.o(.text.MemManage_Handler) for MemManage_Handler
    startup_stm32f407xx.o(RESET) refers to stm32f4xx_it.o(.text.BusFault_Handler) for BusFault_Handler
    startup_stm32f407xx.o(RESET) refers to stm32f4xx_it.o(.text.UsageFault_Handler) for UsageFault_Handler
    startup_stm32f407xx.o(RESET) refers to stm32f4xx_it.o(.text.SVC_Handler) for SVC_Handler
    startup_stm32f407xx.o(RESET) refers to stm32f4xx_it.o(.text.DebugMon_Handler) for DebugMon_Handler
    startup_stm32f407xx.o(RESET) refers to stm32f4xx_it.o(.text.PendSV_Handler) for PendSV_Handler
    startup_stm32f407xx.o(RESET) refers to stm32f4xx_it.o(.text.SysTick_Handler) for SysTick_Handler
    startup_stm32f407xx.o(RESET) refers to stm32f4xx_it.o(.text.FLASH_IRQHandler) for FLASH_IRQHandler
    startup_stm32f407xx.o(RESET) refers to stm32f4xx_it.o(.text.RCC_IRQHandler) for RCC_IRQHandler
    startup_stm32f407xx.o(RESET) refers to stm32f4xx_it.o(.text.EXTI2_IRQHandler) for EXTI2_IRQHandler
    startup_stm32f407xx.o(RESET) refers to stm32f4xx_it.o(.text.EXTI4_IRQHandler) for EXTI4_IRQHandler
    startup_stm32f407xx.o(RESET) refers to stm32f4xx_it.o(.text.DMA1_Stream0_IRQHandler) for DMA1_Stream0_IRQHandler
    startup_stm32f407xx.o(RESET) refers to stm32f4xx_it.o(.text.DMA1_Stream1_IRQHandler) for DMA1_Stream1_IRQHandler
    startup_stm32f407xx.o(RESET) refers to stm32f4xx_it.o(.text.DMA1_Stream3_IRQHandler) for DMA1_Stream3_IRQHandler
    startup_stm32f407xx.o(RESET) refers to stm32f4xx_it.o(.text.EXTI9_5_IRQHandler) for EXTI9_5_IRQHandler
    startup_stm32f407xx.o(RESET) refers to stm32f4xx_it.o(.text.TIM1_BRK_TIM9_IRQHandler) for TIM1_BRK_TIM9_IRQHandler
    startup_stm32f407xx.o(RESET) refers to stm32f4xx_it.o(.text.TIM2_IRQHandler) for TIM2_IRQHandler
    startup_stm32f407xx.o(RESET) refers to stm32f4xx_it.o(.text.TIM3_IRQHandler) for TIM3_IRQHandler
    startup_stm32f407xx.o(RESET) refers to stm32f4xx_it.o(.text.TIM4_IRQHandler) for TIM4_IRQHandler
    startup_stm32f407xx.o(RESET) refers to stm32f4xx_it.o(.text.USART1_IRQHandler) for USART1_IRQHandler
    startup_stm32f407xx.o(RESET) refers to stm32f4xx_it.o(.text.USART3_IRQHandler) for USART3_IRQHandler
    startup_stm32f407xx.o(RESET) refers to stm32f4xx_it.o(.text.EXTI15_10_IRQHandler) for EXTI15_10_IRQHandler
    startup_stm32f407xx.o(RESET) refers to stm32f4xx_it.o(.text.DMA1_Stream7_IRQHandler) for DMA1_Stream7_IRQHandler
    startup_stm32f407xx.o(RESET) refers to stm32f4xx_it.o(.text.TIM5_IRQHandler) for TIM5_IRQHandler
    startup_stm32f407xx.o(RESET) refers to stm32f4xx_it.o(.text.UART5_IRQHandler) for UART5_IRQHandler
    startup_stm32f407xx.o(RESET) refers to stm32f4xx_it.o(.text.DMA2_Stream2_IRQHandler) for DMA2_Stream2_IRQHandler
    startup_stm32f407xx.o(RESET) refers to stm32f4xx_it.o(.text.DMA2_Stream7_IRQHandler) for DMA2_Stream7_IRQHandler
    startup_stm32f407xx.o(.text) refers (Special) to heapauxi.o(.text) for __use_two_region_memory
    startup_stm32f407xx.o(.text) refers to system_stm32f4xx.o(.text.SystemInit) for SystemInit
    startup_stm32f407xx.o(.text) refers to __main.o(!!!main) for __main
    startup_stm32f407xx.o(.text) refers to startup_stm32f407xx.o(HEAP) for Heap_Mem
    startup_stm32f407xx.o(.text) refers to startup_stm32f407xx.o(STACK) for Stack_Mem
    main.o(.text.main) refers to stm32f4xx_hal.o(.text.HAL_Init) for HAL_Init
    main.o(.text.main) refers to main.o(.text.SystemClock_Config) for SystemClock_Config
    main.o(.text.main) refers to gpio.o(.text.MX_GPIO_Init) for MX_GPIO_Init
    main.o(.text.main) refers to dma.o(.text.MX_DMA_Init) for MX_DMA_Init
    main.o(.text.main) refers to usart.o(.text.MX_USART1_UART_Init) for MX_USART1_UART_Init
    main.o(.text.main) refers to usart.o(.text.MX_USART3_UART_Init) for MX_USART3_UART_Init
    main.o(.text.main) refers to usb_otg.o(.text.MX_USB_OTG_FS_HCD_Init) for MX_USB_OTG_FS_HCD_Init
    main.o(.text.main) refers to rtc.o(.text.MX_RTC_Init) for MX_RTC_Init
    main.o(.text.main) refers to tim.o(.text.MX_TIM2_Init) for MX_TIM2_Init
    main.o(.text.main) refers to tim.o(.text.MX_TIM3_Init) for MX_TIM3_Init
[...]
    [Anonymous Symbol]                       0x08000f1c   Section        0  stm32f4xx_hal_flash.o(.text.HAL_FLASH_EndOfOperationCallback)
    [Anonymous Symbol]                       0x08000f20   Section        0  stm32f4xx_hal_flash.o(.text.HAL_FLASH_IRQHandler)
    [Anonymous Symbol]                       0x08001058   Section        0  stm32f4xx_hal_flash.o(.text.HAL_FLASH_OperationErrorCallback)
    [Anonymous Symbol]                       0x0800105c   Section        0  main.o(.text.HAL_GPIO_EXTI_Callback)
    [Anonymous Symbol]                       0x08001314   Section        0  stm32f4xx_hal_gpio.o(.text.HAL_GPIO_EXTI_IRQHandler)
    [Anonymous Symbol]                       0x0800132c   Section        0  stm32f4xx_hal_gpio.o(.text.HAL_GPIO_Init)
    [Anonymous Symbol]                       0x080014cc   Section        0  stm32f4xx_hal_gpio.o(.text.HAL_GPIO_ReadPin)
    [Anonymous Symbol]                       0x080014d8   Section        0  stm32f4xx_hal_gpio.o(.text.HAL_GPIO_TogglePin)
    [Anonymous Symbol]                       0x080014e8   Section        0  stm32f4xx_hal_gpio.o(.text.HAL_GPIO_WritePin)
    [Anonymous Symbol]                       0x080014f4   Section        0  stm32f4xx_hal.o(.text.HAL_GetTick)
    [Anonymous Symbol]                       0x08001500   Section        0  stm32f4xx_hal_hcd.o(.text.HAL_HCD_Init)
    [Anonymous Symbol]                       0x0800158c   Section        0  usb_otg.o(.text.HAL_HCD_MspInit)
    [Anonymous Symbol]                       0x08001604   Section        0  stm32f4xx_hal.o(.text.HAL_IncTick)
    [Anonymous Symbol]                       0x08001620   Section        0  stm32f4xx_hal.o(.text.HAL_Init)
    [Anonymous Symbol]                       0x08001658   Section        0  stm32f4xx_hal.o(.text.HAL_InitTick)
    [Anonymous Symbol]                       0x080016a0   Section        0  stm32f4xx_hal_msp.o(.text.HAL_MspInit)
    [Anonymous Symbol]                       0x080016fc   Section        0  stm32f4xx_hal_cortex.o(.text.HAL_NVIC_EnableIRQ)
    [Anonymous Symbol]                       0x08001720   Section        0  stm32f4xx_hal_cortex.o(.text.HAL_NVIC_SetPriority)
    [Anonymous Symbol]                       0x08001778   Section        0  stm32f4xx_hal_cortex.o(.text.HAL_NVIC_SetPriorityGrouping)
    [Anonymous Symbol]                       0x08001798   Section        0  stm32f4xx_hal_cortex.o(.text.HAL_NVIC_SystemReset)
    [Anonymous Symbol]                       0x0800179c   Section        0  stm32f4xx_hal_rcc_ex.o(.text.HAL_RCCEx_PeriphCLKConfig)
    [Anonymous Symbol]                       0x080018e8   Section        0  stm32f4xx_hal_rcc.o(.text.HAL_RCC_ClockConfig)
    [Anonymous Symbol]                       0x08001a4c   Section        0  stm32f4xx_hal_rcc.o(.text.HAL_RCC_GetPCLK1Freq)
    [Anonymous Symbol]                       0x08001a74   Section        0  stm32f4xx_hal_rcc.o(.text.HAL_RCC_GetPCLK2Freq)
    [Anonymous Symbol]                       0x08001a9c   Section        0  stm32f4xx_hal_rcc.o(.text.HAL_RCC_GetSysClockFreq)
    [Anonymous Symbol]                       0x08001b0c   Section        0  stm32f4xx_hal_rcc.o(.text.HAL_RCC_OscConfig)
    [Anonymous Symbol]                       0x08001eb8   Section        0  stm32f4xx_hal_rtc.o(.text.HAL_RTC_Init)
    [Anonymous Symbol]                       0x08001fb4   Section        0  rtc.o(.text.HAL_RTC_MspInit)
    [Anonymous Symbol]                       0x08001ff8   Section        0  stm32f4xx_hal_cortex.o(.text.HAL_SYSTICK_Config)
    [Anonymous Symbol]                       0x08002024   Section        0  stm32f4xx_hal_tim_ex.o(.text.HAL_TIMEx_BreakCallback)
    [Anonymous Symbol]                       0x08002028   Section        0  stm32f4xx_hal_tim_ex.o(.text.HAL_TIMEx_CommutCallback)
    [Anonymous Symbol]                       0x0800202c   Section        0  stm32f4xx_hal_tim_ex.o(.text.HAL_TIMEx_MasterConfigSynchronization)
    [Anonymous Symbol]                       0x080020e8   Section        0  stm32f4xx_hal_tim.o(.text.HAL_TIM_Base_Init)
    [Anonymous Symbol]                       0x08002144   Section        0  tim.o(.text.HAL_TIM_Base_MspInit)
    [Anonymous Symbol]                       0x08002288   Section        0  stm32f4xx_hal_tim.o(.text.HAL_TIM_Base_Start_IT)
    [Anonymous Symbol]                       0x08002334   Section        0  stm32f4xx_hal_tim.o(.text.HAL_TIM_Base_Stop_IT)
    [Anonymous Symbol]                       0x08002370   Section        0  stm32f4xx_hal_tim.o(.text.HAL_TIM_ConfigClockSource)
    [Anonymous Symbol]                       0x08002510   Section        0  stm32f4xx_hal_tim.o(.text.HAL_TIM_Encoder_Init)
    [Anonymous Symbol]                       0x080025c4   Section        0  tim.o(.text.HAL_TIM_Encoder_MspInit)
    [Anonymous Symbol]                       0x08002670   Section        0  stm32f4xx_hal_tim.o(.text.HAL_TIM_Encoder_Start)
    [Anonymous Symbol]                       0x0800272c   Section        0  stm32f4xx_hal_tim.o(.text.HAL_TIM_GenerateEvent)
    [Anonymous Symbol]                       0x08002750   Section        0  stm32f4xx_hal_tim.o(.text.HAL_TIM_IC_CaptureCallback)
    [Anonymous Symbol]                       0x08002754   Section        0  stm32f4xx_hal_tim.o(.text.HAL_TIM_IRQHandler)
    [Anonymous Symbol]                       0x080028a4   Section        0  stm32f4xx_hal_tim.o(.text.HAL_TIM_OC_DelayElapsedCallback)
    [Anonymous Symbol]                       0x080028a8   Section        0  stm32f4xx_hal_tim.o(.text.HAL_TIM_PWM_ConfigChannel)
    [Anonymous Symbol]                       0x08002ac8   Section        0  stm32f4xx_hal_tim.o(.text.HAL_TIM_PWM_Init)
    [Anonymous Symbol]                       0x08002b24   Section        0  stm32f4xx_hal_tim.o(.text.HAL_TIM_PWM_MspInit)
    [Anonymous Symbol]                       0x08002b28   Section        0  stm32f4xx_hal_tim.o(.text.HAL_TIM_PWM_PulseFinishedCallback)
    [Anonymous Symbol]                       0x08002b2c   Section        0  stm32f4xx_hal_tim.o(.text.HAL_TIM_PWM_Start)
    [Anonymous Symbol]                       0x08002c3c   Section        0  stm32f4xx_hal_tim.o(.text.HAL_TIM_PWM_Stop)
    [Anonymous Symbol]                       0x08002ce8   Section        0  main.o(.text.HAL_TIM_PeriodElapsedCallback)
    [Anonymous Symbol]                       0x08002de4   Section        0  stm32f4xx_hal_tim.o(.text.HAL_TIM_TriggerCallback)
    [Anonymous Symbol]                       0x08002de8   Section        0  stm32f4xx_hal_uart.o(.text.HAL_UARTEx_RxEventCallback)
    [Anonymous Symbol]                       0x08002dec   Section        0  stm32f4xx_hal_uart.o(.text.HAL_UART_DMAStop)
    [Anonymous Symbol]                       0x08003008   Section        0  stm32f4xx_hal_uart.o(.text.HAL_UART_ErrorCallback)
    [Anonymous Symbol]                       0x0800300c   Section        0  stm32f4xx_hal_uart.o(.text.HAL_UART_IRQHandler)
    [Anonymous Symbol]                       0x080035a0   Section        0  stm32f4xx_hal_uart.o(.text.HAL_UART_Init)
    [Anonymous Symbol]                       0x08003600   Section        0  usart.o(.text.HAL_UART_MspInit)
    [Anonymous Symbol]                       0x080038f0   Section        0  stm32f4xx_hal_uart.o(.text.HAL_UART_Receive_DMA)
    [Anonymous Symbol]                       0x08003a70   Section        0  stm32f4xx_hal_uart.o(.text.HAL_UART_RxCpltCallback)
    [Anonymous Symbol]                       0x08003a74   Section        0  stm32f4xx_hal_uart.o(.text.HAL_UART_RxHalfCpltCallback)
    [Anonymous Symbol]                       0x08003a78   Section        0  stm32f4xx_hal_uart.o(.text.HAL_UART_Transmit)
    [Anonymous Symbol]                       0x08003c0c   Section        0  stm32f4xx_hal_uart.o(.text.HAL_UART_Transmit_DMA)
    [Anonymous Symbol]                       0x08003ce0   Section        0  stm32f4xx_hal_uart.o(.text.HAL_UART_TxCpltCallback)
    [Anonymous Symbol]                       0x08003ce4   Section        0  stm32f4xx_hal_uart.o(.text.HAL_UART_TxHalfCpltCallback)
    [Anonymous Symbol]                       0x08003ce8   Section        0  stm32f4xx_it.o(.text.HardFault_Handler)
    [Anonymous Symbol]                       0x08003cec   Section        0  dma.o(.text.MX_DMA_Init)
    [Anonymous Symbol]                       0x08003d88   Section        0  gpio.o(.text.MX_GPIO_Init)
    [Anonymous Symbol]                       0x08003fdc   Section        0  rtc.o(.text.MX_RTC_Init)
    [Anonymous Symbol]                       0x08004014   Section        0  tim.o(.text.MX_TIM10_Init)
    [Anonymous Symbol]                       0x0800404c   Section        0  tim.o(.text.MX_TIM2_Init)
    [Anonymous Symbol]                       0x080040b4   Section        0  tim.o(.text.MX_TIM3_Init)
    [Anonymous Symbol]                       0x0800412c   Section        0  tim.o(.text.MX_TIM4_Init)
    [Anonymous Symbol]                       0x080041a4   Section        0  tim.o(.text.MX_TIM5_Init)
    [Anonymous Symbol]                       0x0800421c   Section        0  tim.o(.text.MX_TIM9_Init)
    [Anonymous Symbol]                       0x08004310   Section        0  usart.o(.text.MX_UART5_Init)
    [Anonymous Symbol]                       0x0800434c   Section        0  usart.o(.text.MX_USART1_UART_Init)
    [Anonymous Symbol]                       0x08004390   Section        0  usart.o(.text.MX_USART3_UART_Init)
    [Anonymous Symbol]                       0x080043d4   Section        0  usb_otg.o(.text.MX_USB_OTG_FS_HCD_Init)
    [Anonymous Symbol]                       0x08004408   Section        0  stm32f4xx_it.o(.text.MemManage_Handler)
    [Anonymous Symbol]                       0x0800440c   Section        0  stm32f4xx_it.o(.text.NMI_Handler)
    [Anonymous Symbol]                       0x08004410   Section        0  stm32f4xx_it.o(.text.PendSV_Handler)
    [Anonymous Symbol]                       0x08004414   Section        0  stm32f4xx_it.o(.text.RCC_IRQHandler)
    [Anonymous Symbol]                       0x08004418   Section        0  stm32f4xx_it.o(.text.SVC_Handler)
    [Anonymous Symbol]                       0x0800441c   Section        0  hardware.o(.text.Send_motor1)
    [Anonymous Symbol]                       0x08004660   Section        0  stm32f4xx_it.o(.text.SysTick_Handler)
    [Anonymous Symbol]                       0x08004664   Section        0  main.o(.text.SystemClock_Config)
    [Anonymous Symbol]                       0x08004710   Section        0  system_stm32f4xx.o(.text.SystemInit)
    [Anonymous Symbol]                       0x08004724   Section        0  stm32f4xx_it.o(.text.TIM1_BRK_TIM9_IRQHandler)
    [Anonymous Symbol]                       0x08004730   Section        0  stm32f4xx_it.o(.text.TIM2_IRQHandler)
    [Anonymous Symbol]                       0x0800473c   Section        0  stm32f4xx_it.o(.text.TIM3_IRQHandler)
    [Anonymous Symbol]                       0x08004748   Section        0  stm32f4xx_it.o(.text.TIM4_IRQHandler)
    [Anonymous Symbol]                       0x08004754   Section        0  stm32f4xx_it.o(.text.TIM5_IRQHandler)
    [Anonymous Symbol]                       0x08004760   Section        0  stm32f4xx_hal_tim.o(.text.TIM_Base_SetConfig)
    [Anonymous Symbol]                       0x0800489c   Section        0  stm32f4xx_it.o(.text.UART5_IRQHandler)
    UART_DMAAbortOnError                     0x08004919   Thumb Code    10  stm32f4xx_hal_uart.o(.text.UART_DMAAbortOnError)
    [Anonymous Symbol]                       0x08004918   Section        0  stm32f4xx_hal_uart.o(.text.UART_DMAAbortOnError)
    UART_DMAError                            0x08004925   Thumb Code   380  stm32f4xx_hal_uart.o(.text.UART_DMAError)
    [Anonymous Symbol]                       0x08004924   Section        0  stm32f4xx_hal_uart.o(.text.UART_DMAError)
    UART_DMAReceiveCplt                      0x08004aa1   Thumb Code   350  stm32f4xx_hal_uart.o(.text.UART_DMAReceiveCplt)
    [Anonymous Symbol]                       0x08004aa0   Section        0  stm32f4xx_hal_uart.o(.text.UART_DMAReceiveCplt)
    UART_DMARxHalfCplt                       0x08004c01   Thumb Code    24  stm32f4xx_hal_uart.o(.text.UART_DMARxHalfCplt)
    [Anonymous Symbol]                       0x08004c00   Section        0  stm32f4xx_hal_uart.o(.text.UART_DMARxHalfCplt)
    UART_DMATransmitCplt                     0x08004c19   Thumb Code   176  stm32f4xx_hal_uart.o(.text.UART_DMATransmitCplt)
    [Anonymous Symbol]                       0x08004c18   Section        0  stm32f4xx_hal_uart.o(.text.UART_DMATransmitCplt)
    UART_DMATxHalfCplt                       0x08004cc9   Thumb Code     6  stm32f4xx_hal_uart.o(.text.UART_DMATxHalfCplt)
    [Anonymous Symbol]                       0x08004cc8   Section        0  stm32f4xx_hal_uart.o(.text.UART_DMATxHalfCplt)
    UART_Receive_IT                          0x08004cd1   Thumb Code   254  stm32f4xx_hal_uart.o(.text.UART_Receive_IT)
    [Anonymous Symbol]                       0x08004cd0   Section        0  stm32f4xx_hal_uart.o(.text.UART_Receive_IT)
    UART_SetConfig                           0x08004dd1   Thumb Code   230  stm32f4xx_hal_uart.o(.text.UART_SetConfig)
    [Anonymous Symbol]                       0x08004dd0   Section        0  stm32f4xx_hal_uart.o(.text.UART_SetConfig)
    [Anonymous Symbol]                       0x08004eb8   Section        0  stm32f4xx_it.o(.text.USART1_IRQHandler)
    [Anonymous Symbol]                       0x08004f44   Section        0  stm32f4xx_it.o(.text.USART3_IRQHandler)
    [Anonymous Symbol]                       0x08004fc0   Section        0  stm32f4xx_ll_usb.o(.text.USB_CoreInit)
    [Anonymous Symbol]                       0x08005238   Section        0  stm32f4xx_ll_usb.o(.text.USB_DisableGlobalInt)
    [Anonymous Symbol]                       0x08005248   Section        0  stm32f4xx_ll_usb.o(.text.USB_HostInit)
    [Anonymous Symbol]                       0x08005528   Section        0  stm32f4xx_ll_usb.o(.text.USB_SetCurrentMode)
    [Anonymous Symbol]                       0x08005890   Section        0  stm32f4xx_it.o(.text.UsageFault_Handler)
    __NVIC_SystemReset                       0x08005895   Thumb Code    42  stm32f4xx_hal_cortex.o(.text.__NVIC_SystemReset)
    [Anonymous Symbol]                       0x08005894   Section        0  stm32f4xx_hal_cortex.o(.text.__NVIC_SystemReset)
    [Anonymous Symbol]                       0x080058c0   Section        0  crc.o(.text.crc16_head_check)
    [Anonymous Symbol]                       0x080059bc   Section        0  crc.o(.text.crc16_make)
    [Anonymous Symbol]                       0x08005aa4   Section        0  crc.o(.text.generate_head_crc)
    [Anonymous Symbol]                       0x08005ae8   Section        0  main.o(.text.main)
    [Anonymous Symbol]                       0x08005e40   Section        0  ring.o(.text.ring_buf_init)
    [Anonymous Symbol]                       0x08005e50   Section        0  ring.o(.text.ring_buf_read)
    [Anonymous Symbol]                       0x08005e64   Section        0  ring.o(.text.ring_buf_write)
    [Anonymous Symbol]                       0x08005e98   Section        0  unpack.o(.text.unpack_fun)
    [Anonymous Symbol]                       0x08005f88   Section        0  unpack.o(.text.unpack_init)
    $v0                                      0x08005f94   Number         0  fpinit.o(x$fpl$fpinit)
    x$fpl$fpinit                             0x08005f94   Section       26  fpinit.o(x$fpl$fpinit)
    CRC16Table                               0x08005fc8   Data        1024  crc.o(.rodata.CRC16Table)
    [Anonymous Symbol]                       0x08005fc8   Section        0  crc.o(.rodata.CRC16Table)
    DMA_CalcBaseAndBitshift.flagBitshiftOffset 0x080063c8   Data           8  stm32f4xx_hal_dma.o(.rodata.cst8)
    [Anonymous Symbol]                       0x080063c8   Section        0  stm32f4xx_hal_dma.o(.rodata.cst8)
    .L_MergedGlobals                         0x20000000   Data          33  main.o(.data..L_MergedGlobals)
    [Anonymous Symbol]                       0x20000000   Section        0  main.o(.data..L_MergedGlobals)
    .L_MergedGlobals                         0x20000024   Data           8  stm32f4xx_hal.o(.data..L_MergedGlobals)
    [Anonymous Symbol]                       0x20000024   Section        0  stm32f4xx_hal.o(.data..L_MergedGlobals)
    .bss                                     0x20000068   Section       96  libspace.o(.bss)
    .L_MergedGlobals.2                       0x200000c8   Data          22  main.o(.bss..L_MergedGlobals.2)
    [Anonymous Symbol]                       0x200000c8   Section        0  main.o(.bss..L_MergedGlobals.2)
    Heap_Mem                                 0x20001390   Data         512  startup_stm32f407xx.o(HEAP)
    HEAP                                     0x20001390   Section      512  startup_stm32f407xx.o(HEAP)
    Stack_Mem                                0x20001590   Data        1024  startup_stm32f407xx.o(STACK)
    STACK                                    0x20001590   Section     1024  startup_stm32f407xx.o(STACK)
    __initial_sp                             0x20001990   Data           0  startup_stm32f407xx.o(STACK)

    Global Symbols

    Symbol Name                              Value     Ov Type        Size  Object(Section)

    BuildAttributes$$THM_ISAv4$E$P$D$K$B$S$7EM$VFPi3$EXTD16$VFPS$VFMA$PE$A:L22UL41UL21$X:L11$S22US41US21$IEEE1$IW$~IW$USESV6$~STKCKD$USESV7$~SHL$OTIME$ROPI$EBA8$UX$STANDARDLIB$REQ8$PRES8$EABIv2 0x00000000   Number         0  anon$$obj.o ABSOLUTE
    __ARM_exceptions_init                     - Undefined Weak Reference
    __alloca_initialize                       - Undefined Weak Reference
    __arm_preinit_                            - Undefined Weak Reference
    __arm_relocate_pie_                       - Undefined Weak Reference
    __cpp_initialize__aeabi_                  - Undefined Weak Reference
    __cxa_finalize                            - Undefined Weak Reference
    __rt_locale                               - Undefined Weak Reference
    __sigvec_lookup                           - Undefined Weak Reference
    _atexit_init                              - Undefined Weak Reference
    _call_atexit_fns                          - Undefined Weak Reference
    _clock_init                               - Undefined Weak Reference
    _fp_trap_init                             - Undefined Weak Reference
    _fp_trap_shutdown                         - Undefined Weak Reference
    _get_lc_collate                           - Undefined Weak Reference
    _get_lc_ctype                             - Undefined Weak Reference
    _get_lc_monetary                          - Undefined Weak Reference
    _get_lc_numeric                           - Undefined Weak Reference
    _get_lc_time                              - Undefined Weak Reference
    _getenv_init                              - Undefined Weak Reference
    _handle_redirection                       - Undefined Weak Reference
    _init_alloc                               - Undefined Weak Reference
    _init_user_alloc                          - Undefined Weak Reference
    _initio                                   - Undefined Weak Reference
    _rand_init                                - Undefined Weak Reference
    _signal_finish                            - Undefined Weak Reference
    _signal_init                              - Undefined Weak Reference
    _terminate_alloc                          - Undefined Weak Reference
    _terminate_user_alloc                     - Undefined Weak Reference
    _terminateio                              - Undefined Weak Reference
    __Vectors_Size                           0x00000188   Number         0  startup_stm32f407xx.o ABSOLUTE
    __Vectors                                0x08000000   Data           4  startup_stm32f407xx.o(RESET)
    __Vectors_End                            0x08000188   Data           0  startup_stm32f407xx.o(RESET)
    __main                                   0x08000189   Thumb Code     8  __main.o(!!!main)
    __scatterload                            0x08000191   Thumb Code     0  __scatter.o(!!!scatter)
    __scatterload_rt2                        0x08000191   Thumb Code    84  __scatter.o(!!!scatter)
    __scatterload_rt2_thumb_only             0x08000191   Thumb Code     0  __scatter.o(!!!scatter)
    __scatterload_loop                       0x0800019b   Thumb Code     0  __scatter.o(!!!scatter)
    __scatterload_copy                       0x080001ed   Thumb Code    26  __scatter_copy.o(!!handler_copy)
    __scatterload_null                       0x08000209   Thumb Code     2  __scatter.o(!!handler_null)
    __scatterload_zeroinit                   0x0800020d   Thumb Code    28  __scatter_zi.o(!!handler_zi)
    __rt_lib_init                            0x08000229   Thumb Code     0  libinit.o(.ARM.Collect$$libinit$$00000000)
    __rt_lib_init_fp_1                       0x0800022b   Thumb Code     0  libinit2.o(.ARM.Collect$$libinit$$00000001)
    __rt_lib_init_alloca_1                   0x0800022f   Thumb Code     0  libinit2.o(.ARM.Collect$$libinit$$00000030)
    __rt_lib_init_argv_1                     0x0800022f   Thumb Code     0  libinit2.o(.ARM.Collect$$libinit$$0000002E)
    __rt_lib_init_atexit_1                   0x0800022f   Thumb Code     0  libinit2.o(.ARM.Collect$$libinit$$0000001D)
    __rt_lib_init_clock_1                    0x0800022f   Thumb Code     0  libinit2.o(.ARM.Collect$$libinit$$00000023)
    __rt_lib_init_cpp_1                      0x0800022f   Thumb Code     0  libinit2.o(.ARM.Collect$$libinit$$00000034)
    __rt_lib_init_exceptions_1               0x0800022f   Thumb Code     0  libinit2.o(.ARM.Collect$$libinit$$00000032)
    __rt_lib_init_fp_trap_1                  0x0800022f   Thumb Code     0  libinit2.o(.ARM.Collect$$libinit$$00000021)
    __rt_lib_init_getenv_1                   0x0800022f   Thumb Code     0  libinit2.o(.ARM.Collect$$libinit$$00000025)
    __rt_lib_init_heap_1                     0x0800022f   Thumb Code     0  libinit2.o(.ARM.Collect$$libinit$$0000000C)
    __rt_lib_init_lc_collate_1               0x0800022f   Thumb Code     0  libinit2.o(.ARM.Collect$$libinit$$00000013)
    __rt_lib_init_lc_ctype_1                 0x0800022f   Thumb Code     0  libinit2.o(.ARM.Collect$$libinit$$00000015)
    __rt_lib_init_lc_monetary_1              0x0800022f   Thumb Code     0  libinit2.o(.ARM.Collect$$libinit$$00000017)
    __rt_lib_init_lc_numeric_1               0x0800022f   Thumb Code     0  libinit2.o(.ARM.Collect$$libinit$$00000019)
    __rt_lib_init_lc_time_1                  0x0800022f   Thumb Code     0  libinit2.o(.ARM.Collect$$libinit$$0000001B)
    __rt_lib_init_preinit_1                  0x0800022f   Thumb Code     0  libinit2.o(.ARM.Collect$$libinit$$00000006)
    __rt_lib_init_rand_1                     0x0800022f   Thumb Code     0  libinit2.o(.ARM.Collect$$libinit$$00000010)
    __rt_lib_init_relocate_pie_1             0x0800022f   Thumb Code     0  libinit2.o(.ARM.Collect$$libinit$$00000004)
    __rt_lib_init_return                     0x0800022f   Thumb Code     0  libinit2.o(.ARM.Collect$$libinit$$00000035)
    __rt_lib_init_signal_1                   0x0800022f   Thumb Code     0  libinit2.o(.ARM.Collect$$libinit$$0000001F)
    __rt_lib_init_stdio_1                    0x0800022f   Thumb Code     0  libinit2.o(.ARM.Collect$$libinit$$00000027)
    __rt_lib_init_user_alloc_1               0x0800022f   Thumb Code     0  libinit2.o(.ARM.Collect$$libinit$$0000000E)
    __rt_lib_shutdown                        0x08000231   Thumb Code     0  libshutdown.o(.ARM.Collect$$libshutdown$$00000000)
    __rt_lib_shutdown_cpp_1                  0x08000233   Thumb Code     0  libshutdown2.o(.ARM.Collect$$libshutdown$$00000002)
    __rt_lib_shutdown_fp_trap_1              0x08000233   Thumb Code     0  libshutdown2.o(.ARM.Collect$$libshutdown$$00000007)
    __rt_lib_shutdown_heap_1                 0x08000233   Thumb Code     0  libshutdown2.o(.ARM.Collect$$libshutdown$$0000000F)
    __rt_lib_shutdown_return                 0x08000233   Thumb Code     0  libshutdown2.o(.ARM.Collect$$libshutdown$$00000010)
    __rt_lib_shutdown_signal_1               0x08000233   Thumb Code     0  libshutdown2.o(.ARM.Collect$$libshutdown$$0000000A)
    __rt_lib_shutdown_stdio_1                0x08000233   Thumb Code     0  libshutdown2.o(.ARM.Collect$$libshutdown$$00000004)
    __rt_lib_shutdown_user_alloc_1           0x08000233   Thumb Code     0  libshutdown2.o(.ARM.Collect$$libshutdown$$0000000C)
    __rt_entry                               0x08000235   Thumb Code     0  __rtentry.o(.ARM.Collect$$rtentry$$00000000)
    __rt_entry_presh_1                       0x08000235   Thumb Code     0  __rtentry2.o(.ARM.Collect$$rtentry$$00000002)
    __rt_entry_sh                            0x08000235   Thumb Code     0  __rtentry4.o(.ARM.Collect$$rtentry$$00000004)
    __rt_entry_li                            0x0800023b   Thumb Code     0  __rtentry2.o(.ARM.Collect$$rtentry$$0000000A)
    __rt_entry_postsh_1                      0x0800023b   Thumb Code     0  __rtentry2.o(.ARM.Collect$$rtentry$$00000009)
    __rt_entry_main                          0x0800023f   Thumb Code     0  __rtentry2.o(.ARM.Collect$$rtentry$$0000000D)
    __rt_entry_postli_1                      0x0800023f   Thumb Code     0  __rtentry2.o(.ARM.Collect$$rtentry$$0000000C)
    __rt_exit                                0x08000247   Thumb Code     0  rtexit.o(.ARM.Collect$$rtexit$$00000000)
    __rt_exit_ls                             0x08000249   Thumb Code     0  rtexit2.o(.ARM.Collect$$rtexit$$00000003)
    __rt_exit_prels_1                        0x08000249   Thumb Code     0  rtexit2.o(.ARM.Collect$$rtexit$$00000002)
    __rt_exit_exit                           0x0800024d   Thumb Code     0  rtexit2.o(.ARM.Collect$$rtexit$$00000004)
    Reset_Handler                            0x08000255   Thumb Code     8  startup_stm32f407xx.o(.text)
    ADC_IRQHandler                           0x0800026f   Thumb Code     0  startup_stm32f407xx.o(.text)
    CAN1_RX0_IRQHandler                      0x0800026f   Thumb Code     0  startup_stm32f407xx.o(.text)
    CAN1_RX1_IRQHandler                      0x0800026f   Thumb Code     0  startup_stm32f407xx.o(.text)
    CAN1_SCE_IRQHandler                      0x0800026f   Thumb Code     0  startup_stm32f407xx.o(.text)
    CAN1_TX_IRQHandler                       0x0800026f   Thumb Code     0  startup_stm32f407xx.o(.text)
    CAN2_RX0_IRQHandler                      0x0800026f   Thumb Code     0  startup_stm32f407xx.o(.text)
    CAN2_RX1_IRQHandler                      0x0800026f   Thumb Code     0  startup_stm32f407xx.o(.text)
    CAN2_SCE_IRQHandler                      0x0800026f   Thumb Code     0  startup_stm32f407xx.o(.text)
    CAN2_TX_IRQHandler                       0x0800026f   Thumb Code     0  startup_stm32f407xx.o(.text)
    DCMI_IRQHandler                          0x0800026f   Thumb Code     0  startup_stm32f407xx.o(.text)
    DMA1_Stream2_IRQHandler                  0x0800026f   Thumb Code     0  startup_stm32f407xx.o(.text)
    DMA1_Stream4_IRQHandler                  0x0800026f   Thumb Code     0  startup_stm32f407xx.o(.text)
    DMA1_Stream5_IRQHandler                  0x0800026f   Thumb Code     0  startup_stm32f407xx.o(.text)
    DMA1_Stream6_IRQHandler                  0x0800026f   Thumb Code     0  startup_stm32f407xx.o(.text)
    DMA2_Stream0_IRQHandler                  0x0800026f   Thumb Code     0  startup_stm32f407xx.o(.text)
    DMA2_Stream1_IRQHandler                  0x0800026f   Thumb Code     0  startup_stm32f407xx.o(.text)
    DMA2_Stream3_IRQHandler                  0x0800026f   Thumb Code     0  startup_stm32f407xx.o(.text)
    DMA2_Stream4_IRQHandler                  0x0800026f   Thumb Code     0  startup_stm32f407xx.o(.text)
    DMA2_Stream5_IRQHandler                  0x0800026f   Thumb Code     0  startup_stm32f407xx.o(.text)
    DMA2_Stream6_IRQHandler                  0x0800026f   Thumb Code     0  startup_stm32f407xx.o(.text)
    ETH_IRQHandler                           0x0800026f   Thumb Code     0  startup_stm32f407xx.o(.text)
    ETH_WKUP_IRQHandler                      0x0800026f   Thumb Code     0  startup_stm32f407xx.o(.text)
    EXTI0_IRQHandler                         0x0800026f   Thumb Code     0  startup_stm32f407xx.o(.text)
    EXTI1_IRQHandler                         0x0800026f   Thumb Code     0  startup_stm32f407xx.o(.text)
    EXTI3_IRQHandler                         0x0800026f   Thumb Code     0  startup_stm32f407xx.o(.text)
    FMC_IRQHandler                           0x0800026f   Thumb Code     0  startup_stm32f407xx.o(.text)
    FPU_IRQHandler                           0x0800026f   Thumb Code     0  startup_stm32f407xx.o(.text)
    HASH_RNG_IRQHandler                      0x0800026f   Thumb Code     0  startup_stm32f407xx.o(.text)
    I2C1_ER_IRQHandler                       0x0800026f   Thumb Code     0  startup_stm32f407xx.o(.text)
    I2C1_EV_IRQHandler                       0x0800026f   Thumb Code     0  startup_stm32f407xx.o(.text)
    I2C2_ER_IRQHandler                       0x0800026f   Thumb Code     0  startup_stm32f407xx.o(.text)
    I2C2_EV_IRQHandler                       0x0800026f   Thumb Code     0  startup_stm32f407xx.o(.text)
    I2C3_ER_IRQHandler                       0x0800026f   Thumb Code     0  startup_stm32f407xx.o(.text)
    I2C3_EV_IRQHandler                       0x0800026f   Thumb Code     0  startup_stm32f407xx.o(.text)
    OTG_FS_IRQHandler                        0x0800026f   Thumb Code     0  startup_stm32f407xx.o(.text)
    OTG_FS_WKUP_IRQHandler                   0x0800026f   Thumb Code     0  startup_stm32f407xx.o(.text)
    OTG_HS_EP1_IN_IRQHandler                 0x0800026f   Thumb Code     0  startup_stm32f407xx.o(.text)
    OTG_HS_EP1_OUT_IRQHandler                0x0800026f   Thumb Code     0  startup_stm32f407xx.o(.text)
    OTG_HS_IRQHandler                        0x0800026f   Thumb Code     0  startup_stm32f407xx.o(.text)
    OTG_HS_WKUP_IRQHandler                   0x0800026f   Thumb Code     0  startup_stm32f407xx.o(.text)
    PVD_IRQHandler                           0x0800026f   Thumb Code     0  startup_stm32f407xx.o(.text)
    RTC_Alarm_IRQHandler                     0x0800026f   Thumb Code     0  startup_stm32f407xx.o(.text)
    RTC_WKUP_IRQHandler                      0x0800026f   Thumb Code     0  startup_stm32f407xx.o(.text)
    SDIO_IRQHandler                          0x0800026f   Thumb Code     0  startup_stm32f407xx.o(.text)
    SPI1_IRQHandler                          0x0800026f   Thumb Code     0  startup_stm32f407xx.o(.text)
    SPI2_IRQHandler                          0x0800026f   Thumb Code     0  startup_stm32f407xx.o(.text)
    SPI3_IRQHandler                          0x0800026f   Thumb Code     0  startup_stm32f407xx.o(.text)
    TAMP_STAMP_IRQHandler                    0x0800026f   Thumb Code     0  startup_stm32f407xx.o(.text)
    TIM1_CC_IRQHandler                       0x0800026f   Thumb Code     0  startup_stm32f407xx.o(.text)
    TIM1_TRG_COM_TIM11_IRQHandler            0x0800026f   Thumb Code     0  startup_stm32f407xx.o(.text)
    TIM1_UP_TIM10_IRQHandler                 0x0800026f   Thumb Code     0  startup_stm32f407xx.o(.text)
    TIM6_DAC_IRQHandler                      0x0800026f   Thumb Code     0  startup_stm32f407xx.o(.text)
    TIM7_IRQHandler                          0x0800026f   Thumb Code     0  startup_stm32f407xx.o(.text)
    TIM8_BRK_TIM12_IRQHandler                0x0800026f   Thumb Code     0  startup_stm32f407xx.o(.text)
    TIM8_CC_IRQHandler                       0x0800026f   Thumb Code     0  startup_stm32f407xx.o(.text)
    TIM8_TRG_COM_TIM14_IRQHandler            0x0800026f   Thumb Code     0  startup_stm32f407xx.o(.text)
    TIM8_UP_TIM13_IRQHandler                 0x0800026f   Thumb Code     0  startup_stm32f407xx.o(.text)
    UART4_IRQHandler                         0x0800026f   Thumb Code     0  startup_stm32f407xx.o(.text)
    USART2_IRQHandler                        0x0800026f   Thumb Code     0  startup_stm32f407xx.o(.text)
    USART6_IRQHandler                        0x0800026f   Thumb Code     0  startup_stm32f407xx.o(.text)
    WWDG_IRQHandler                          0x0800026f   Thumb Code     0  startup_stm32f407xx.o(.text)
    __user_initial_stackheap                 0x08000271   Thumb Code     0  startup_stm32f407xx.o(.text)
    __aeabi_uldivmod                         0x08000295   Thumb Code     0  lludivv7m.o(.text)
    _ll_udiv                                 0x08000295   Thumb Code   240  lludivv7m.o(.text)
    __aeabi_memclr4                          0x08000385   Thumb Code     0  rt_memclr_w.o(.text)
    __aeabi_memclr8                          0x08000385   Thumb Code     0  rt_memclr_w.o(.text)
    __rt_memclr_w                            0x08000385   Thumb Code     0  rt_memclr_w.o(.text)
    _memset_w                                0x08000389   Thumb Code    74  rt_memclr_w.o(.text)
    __use_two_region_memory                  0x080003d3   Thumb Code     2  heapauxi.o(.text)
    __rt_heap_escrow$2region                 0x080003d5   Thumb Code     2  heapauxi.o(.text)
    __rt_heap_expand$2region                 0x080003d7   Thumb Code     2  heapauxi.o(.text)
    __user_setup_stackheap                   0x080003d9   Thumb Code    74  sys_stackheap_outer.o(.text)
    exit                                     0x08000423   Thumb Code    18  exit.o(.text)
    __user_libspace                          0x08000435   Thumb Code     8  libspace.o(.text)
    __user_perproc_libspace                  0x08000435   Thumb Code     0  libspace.o(.text)
    __user_perthread_libspace                0x08000435   Thumb Code     0  libspace.o(.text)
    _sys_exit                                0x0800043d   Thumb Code     8  sys_exit.o(.text)
    __I$use$semihosting                      0x08000449   Thumb Code     0  use_no_semi.o(.text)
    __use_no_semihosting_swi                 0x08000449   Thumb Code     2  use_no_semi.o(.text)
    __semihosting_library_function           0x0800044b   Thumb Code     0  indicate_semi.o(.text)
    BusFault_Handler                         0x0800044d   Thumb Code     2  stm32f4xx_it.o(.text.BusFault_Handler)
    CMD_handlder_fun                         0x08000451   Thumb Code  1116  cmdhandle.o(.text.CMD_handlder_fun)
    CMD_handlder_tx                          0x080008ad   Thumb Code   146  cmdhandle.o(.text.CMD_handlder_tx)
    DMA1_Stream0_IRQHandler                  0x08000941   Thumb Code    12  stm32f4xx_it.o(.text.DMA1_Stream0_IRQHandler)
    DMA1_Stream1_IRQHandler                  0x0800094d   Thumb Code    12  stm32f4xx_it.o(.text.DMA1_Stream1_IRQHandler)
    DMA1_Stream3_IRQHandler                  0x08000959   Thumb Code    12  stm32f4xx_it.o(.text.DMA1_Stream3_IRQHandler)
    DMA1_Stream7_IRQHandler                  0x08000965   Thumb Code    12  stm32f4xx_it.o(.text.DMA1_Stream7_IRQHandler)
    DMA2_Stream2_IRQHandler                  0x08000971   Thumb Code    12  stm32f4xx_it.o(.text.DMA2_Stream2_IRQHandler)
    DMA2_Stream7_IRQHandler                  0x0800097d   Thumb Code    12  stm32f4xx_it.o(.text.DMA2_Stream7_IRQHandler)
    DebugMon_Handler                         0x08000989   Thumb Code     2  stm32f4xx_it.o(.text.DebugMon_Handler)
    EXTI15_10_IRQHandler                     0x0800098d   Thumb Code    22  stm32f4xx_it.o(.text.EXTI15_10_IRQHandler)
    EXTI2_IRQHandler                         0x080009a5   Thumb Code     6  stm32f4xx_it.o(.text.EXTI2_IRQHandler)
    EXTI4_IRQHandler                         0x080009ad   Thumb Code     6  stm32f4xx_it.o(.text.EXTI4_IRQHandler)
    EXTI9_5_IRQHandler                       0x080009b5   Thumb Code    18  stm32f4xx_it.o(.text.EXTI9_5_IRQHandler)
    Error_Handler                            0x080009c9   Thumb Code     6  main.o(.text.Error_Handler)
    FLASH_Erase_Sector                       0x080009d1   Thumb Code    70  stm32f4xx_hal_flash_ex.o(.text.FLASH_Erase_Sector)
    FLASH_FlushCaches                        0x08000a19   Thumb Code    88  stm32f4xx_hal_flash_ex.o(.text.FLASH_FlushCaches)
    FLASH_IRQHandler                         0x08000a71   Thumb Code     4  stm32f4xx_it.o(.text.FLASH_IRQHandler)
    HAL_DMA_Abort                            0x08000a75   Thumb Code   142  stm32f4xx_hal_dma.o(.text.HAL_DMA_Abort)
    HAL_DMA_Abort_IT                         0x08000b05   Thumb Code    36  stm32f4xx_hal_dma.o(.text.HAL_DMA_Abort_IT)
    HAL_DMA_IRQHandler                       0x08000b29   Thumb Code   452  stm32f4xx_hal_dma.o(.text.HAL_DMA_IRQHandler)
    HAL_DMA_Init                             0x08000ced   Thumb Code   354  stm32f4xx_hal_dma.o(.text.HAL_DMA_Init)
    HAL_DMA_Start_IT                         0x08000e51   Thumb Code   162  stm32f4xx_hal_dma.o(.text.HAL_DMA_Start_IT)
    HAL_Delay                                0x08000ef5   Thumb Code    40  stm32f4xx_hal.o(.text.HAL_Delay)
    HAL_FLASH_EndOfOperationCallback         0x08000f1d   Thumb Code     2  stm32f4xx_hal_flash.o(.text.HAL_FLASH_EndOfOperationCallback)
    HAL_FLASH_IRQHandler                     0x08000f21   Thumb Code   312  stm32f4xx_hal_flash.o(.text.HAL_FLASH_IRQHandler)
    HAL_FLASH_OperationErrorCallback         0x08001059   Thumb Code     2  stm32f4xx_hal_flash.o(.text.HAL_FLASH_OperationErrorCallback)
    HAL_GPIO_EXTI_Callback                   0x0800105d   Thumb Code   694  main.o(.text.HAL_GPIO_EXTI_Callback)
    HAL_GPIO_EXTI_IRQHandler                 0x08001315   Thumb Code    22  stm32f4xx_hal_gpio.o(.text.HAL_GPIO_EXTI_IRQHandler)
    HAL_GPIO_Init                            0x0800132d   Thumb Code   414  stm32f4xx_hal_gpio.o(.text.HAL_GPIO_Init)
    HAL_GPIO_ReadPin                         0x080014cd   Thumb Code    10  stm32f4xx_hal_gpio.o(.text.HAL_GPIO_ReadPin)
    HAL_GPIO_TogglePin                       0x080014d9   Thumb Code    16  stm32f4xx_hal_gpio.o(.text.HAL_GPIO_TogglePin)
    HAL_GPIO_WritePin                        0x080014e9   Thumb Code    10  stm32f4xx_hal_gpio.o(.text.HAL_GPIO_WritePin)
    HAL_GetTick                              0x080014f5   Thumb Code    12  stm32f4xx_hal.o(.text.HAL_GetTick)
    HAL_HCD_Init                             0x08001501   Thumb Code   138  stm32f4xx_hal_hcd.o(.text.HAL_HCD_Init)
    HAL_HCD_MspInit                          0x0800158d   Thumb Code   120  usb_otg.o(.text.HAL_HCD_MspInit)
    HAL_IncTick                              0x08001605   Thumb Code    26  stm32f4xx_hal.o(.text.HAL_IncTick)
    HAL_Init                                 0x08001621   Thumb Code    54  stm32f4xx_hal.o(.text.HAL_Init)
    HAL_InitTick                             0x08001659   Thumb Code    72  stm32f4xx_hal.o(.text.HAL_InitTick)
    HAL_MspInit                              0x080016a1   Thumb Code    92  stm32f4xx_hal_msp.o(.text.HAL_MspInit)
    HAL_NVIC_EnableIRQ                       0x080016fd   Thumb Code    34  stm32f4xx_hal_cortex.o(.text.HAL_NVIC_EnableIRQ)
    HAL_NVIC_SetPriority                     0x08001721   Thumb Code    86  stm32f4xx_hal_cortex.o(.text.HAL_NVIC_SetPriority)
    HAL_NVIC_SetPriorityGrouping             0x08001779   Thumb Code    32  stm32f4xx_hal_cortex.o(.text.HAL_NVIC_SetPriorityGrouping)
    HAL_NVIC_SystemReset                     0x08001799   Thumb Code     4  stm32f4xx_hal_cortex.o(.text.HAL_NVIC_SystemReset)
    HAL_RCCEx_PeriphCLKConfig                0x0800179d   Thumb Code   330  stm32f4xx_hal_rcc_ex.o(.text.HAL_RCCEx_PeriphCLKConfig)
    HAL_RCC_ClockConfig                      0x080018e9   Thumb Code   356  stm32f4xx_hal_rcc.o(.text.HAL_RCC_ClockConfig)
    HAL_RCC_GetPCLK1Freq                     0x08001a4d   Thumb Code    38  stm32f4xx_hal_rcc.o(.text.HAL_RCC_GetPCLK1Freq)
    HAL_RCC_GetPCLK2Freq                     0x08001a75   Thumb Code    38  stm32f4xx_hal_rcc.o(.text.HAL_RCC_GetPCLK2Freq)
    HAL_RCC_GetSysClockFreq                  0x08001a9d   Thumb Code   112  stm32f4xx_hal_rcc.o(.text.HAL_RCC_GetSysClockFreq)
    HAL_RCC_OscConfig                        0x08001b0d   Thumb Code   940  stm32f4xx_hal_rcc.o(.text.HAL_RCC_OscConfig)
    HAL_RTC_Init                             0x08001eb9   Thumb Code   252  stm32f4xx_hal_rtc.o(.text.HAL_RTC_Init)
    HAL_RTC_MspInit                          0x08001fb5   Thumb Code    68  rtc.o(.text.HAL_RTC_MspInit)
    HAL_SYSTICK_Config                       0x08001ff9   Thumb Code    44  stm32f4xx_hal_cortex.o(.text.HAL_SYSTICK_Config)
    HAL_TIMEx_BreakCallback                  0x08002025   Thumb Code     2  stm32f4xx_hal_tim_ex.o(.text.HAL_TIMEx_BreakCallback)
    HAL_TIMEx_CommutCallback                 0x08002029   Thumb Code     2  stm32f4xx_hal_tim_ex.o(.text.HAL_TIMEx_CommutCallback)
    HAL_TIMEx_MasterConfigSynchronization    0x0800202d   Thumb Code   186  stm32f4xx_hal_tim_ex.o(.text.HAL_TIMEx_MasterConfigSynchronization)
    HAL_TIM_Base_Init                        0x080020e9   Thumb Code    90  stm32f4xx_hal_tim.o(.text.HAL_TIM_Base_Init)
    HAL_TIM_Base_MspInit                     0x08002145   Thumb Code   324  tim.o(.text.HAL_TIM_Base_MspInit)
    HAL_TIM_Base_Start_IT                    0x08002289   Thumb Code   170  stm32f4xx_hal_tim.o(.text.HAL_TIM_Base_Start_IT)
    HAL_TIM_Base_Stop_IT                     0x08002335   Thumb Code    60  stm32f4xx_hal_tim.o(.text.HAL_TIM_Base_Stop_IT)
    HAL_TIM_ConfigClockSource                0x08002371   Thumb Code   416  stm32f4xx_hal_tim.o(.text.HAL_TIM_ConfigClockSource)
    HAL_TIM_Encoder_Init                     0x08002511   Thumb Code   178  stm32f4xx_hal_tim.o(.text.HAL_TIM_Encoder_Init)
    HAL_TIM_Encoder_MspInit                  0x080025c5   Thumb Code   172  tim.o(.text.HAL_TIM_Encoder_MspInit)
    HAL_TIM_Encoder_Start                    0x08002671   Thumb Code   188  stm32f4xx_hal_tim.o(.text.HAL_TIM_Encoder_Start)
    HAL_TIM_GenerateEvent                    0x0800272d   Thumb Code    36  stm32f4xx_hal_tim.o(.text.HAL_TIM_GenerateEvent)
    HAL_TIM_IC_CaptureCallback               0x08002751   Thumb Code     2  stm32f4xx_hal_tim.o(.text.HAL_TIM_IC_CaptureCallback)
    HAL_TIM_IRQHandler                       0x08002755   Thumb Code   334  stm32f4xx_hal_tim.o(.text.HAL_TIM_IRQHandler)
    HAL_TIM_OC_DelayElapsedCallback          0x080028a5   Thumb Code     2  stm32f4xx_hal_tim.o(.text.HAL_TIM_OC_DelayElapsedCallback)
    HAL_TIM_PWM_ConfigChannel                0x080028a9   Thumb Code   544  stm32f4xx_hal_tim.o(.text.HAL_TIM_PWM_ConfigChannel)
    HAL_TIM_PWM_Init                         0x08002ac9   Thumb Code    90  stm32f4xx_hal_tim.o(.text.HAL_TIM_PWM_Init)
    HAL_TIM_PWM_MspInit                      0x08002b25   Thumb Code     2  stm32f4xx_hal_tim.o(.text.HAL_TIM_PWM_MspInit)
    HAL_TIM_PWM_PulseFinishedCallback        0x08002b29   Thumb Code     2  stm32f4xx_hal_tim.o(.text.HAL_TIM_PWM_PulseFinishedCallback)
    HAL_TIM_PWM_Start                        0x08002b2d   Thumb Code   270  stm32f4xx_hal_tim.o(.text.HAL_TIM_PWM_Start)
    HAL_TIM_PWM_Stop                         0x08002c3d   Thumb Code   170  stm32f4xx_hal_tim.o(.text.HAL_TIM_PWM_Stop)
    HAL_TIM_PeriodElapsedCallback            0x08002ce9   Thumb Code   250  main.o(.text.HAL_TIM_PeriodElapsedCallback)
    HAL_TIM_TriggerCallback                  0x08002de5   Thumb Code     2  stm32f4xx_hal_tim.o(.text.HAL_TIM_TriggerCallback)
    HAL_UARTEx_RxEventCallback               0x08002de9   Thumb Code     2  stm32f4xx_hal_uart.o(.text.HAL_UARTEx_RxEventCallback)
    HAL_UART_DMAStop                         0x08002ded   Thumb Code   540  stm32f4xx_hal_uart.o(.text.HAL_UART_DMAStop)
    HAL_UART_ErrorCallback                   0x08003009   Thumb Code     2  stm32f4xx_hal_uart.o(.text.HAL_UART_ErrorCallback)
    HAL_UART_IRQHandler                      0x0800300d   Thumb Code  1428  stm32f4xx_hal_uart.o(.text.HAL_UART_IRQHandler)
    HAL_UART_Init                            0x080035a1   Thumb Code    96  stm32f4xx_hal_uart.o(.text.HAL_UART_Init)
    HAL_UART_MspInit                         0x08003601   Thumb Code   752  usart.o(.text.HAL_UART_MspInit)
    HAL_UART_Receive_DMA                     0x080038f1   Thumb Code   384  stm32f4xx_hal_uart.o(.text.HAL_UART_Receive_DMA)
    HAL_UART_RxCpltCallback                  0x08003a71   Thumb Code     2  stm32f4xx_hal_uart.o(.text.HAL_UART_RxCpltCallback)
    HAL_UART_RxHalfCpltCallback              0x08003a75   Thumb Code     2  stm32f4xx_hal_uart.o(.text.HAL_UART_RxHalfCpltCallback)
    HAL_UART_Transmit                        0x08003a79   Thumb Code   402  stm32f4xx_hal_uart.o(.text.HAL_UART_Transmit)
    HAL_UART_Transmit_DMA                    0x08003c0d   Thumb Code   212  stm32f4xx_hal_uart.o(.text.HAL_UART_Transmit_DMA)
    HAL_UART_TxCpltCallback                  0x08003ce1   Thumb Code     2  stm32f4xx_hal_uart.o(.text.HAL_UART_TxCpltCallback)
    HAL_UART_TxHalfCpltCallback              0x08003ce5   Thumb Code     2  stm32f4xx_hal_uart.o(.text.HAL_UART_TxHalfCpltCallback)
    HardFault_Handler                        0x08003ce9   Thumb Code     2  stm32f4xx_it.o(.text.HardFault_Handler)
    MX_DMA_Init                              0x08003ced   Thumb Code   156  dma.o(.text.MX_DMA_Init)
    MX_GPIO_Init                             0x08003d89   Thumb Code   596  gpio.o(.text.MX_GPIO_Init)
    MX_RTC_Init                              0x08003fdd   Thumb Code    54  rtc.o(.text.MX_RTC_Init)
    MX_TIM10_Init                            0x08004015   Thumb Code    54  tim.o(.text.MX_TIM10_Init)
    MX_TIM2_Init                             0x0800404d   Thumb Code   102  tim.o(.text.MX_TIM2_Init)
    MX_TIM3_Init                             0x080040b5   Thumb Code   120  tim.o(.text.MX_TIM3_Init)
    MX_TIM4_Init                             0x0800412d   Thumb Code   120  tim.o(.text.MX_TIM4_Init)
    MX_TIM5_Init                             0x080041a5   Thumb Code   120  tim.o(.text.MX_TIM5_Init)
    MX_TIM9_Init                             0x0800421d   Thumb Code   244  tim.o(.text.MX_TIM9_Init)
    MX_UART5_Init                            0x08004311   Thumb Code    60  usart.o(.text.MX_UART5_Init)
    MX_USART1_UART_Init                      0x0800434d   Thumb Code    68  usart.o(.text.MX_USART1_UART_Init)
    MX_USART3_UART_Init                      0x08004391   Thumb Code    68  usart.o(.text.MX_USART3_UART_Init)
    MX_USB_OTG_FS_HCD_Init                   0x080043d5   Thumb Code    50  usb_otg.o(.text.MX_USB_OTG_FS_HCD_Init)
    MemManage_Handler                        0x08004409   Thumb Code     2  stm32f4xx_it.o(.text.MemManage_Handler)
    NMI_Handler                              0x0800440d   Thumb Code     2  stm32f4xx_it.o(.text.NMI_Handler)
    PendSV_Handler                           0x08004411   Thumb Code     2  stm32f4xx_it.o(.text.PendSV_Handler)
    RCC_IRQHandler                           0x08004415   Thumb Code     2  stm32f4xx_it.o(.text.RCC_IRQHandler)
    SVC_Handler                              0x08004419   Thumb Code     2  stm32f4xx_it.o(.text.SVC_Handler)
    Send_motor1                              0x0800441d   Thumb Code   578  hardware.o(.text.Send_motor1)
    SysTick_Handler                          0x08004661   Thumb Code     4  stm32f4xx_it.o(.text.SysTick_Handler)
    SystemClock_Config                       0x08004665   Thumb Code   172  main.o(.text.SystemClock_Config)
    SystemInit                               0x08004711   Thumb Code    18  system_stm32f4xx.o(.text.SystemInit)
    TIM1_BRK_TIM9_IRQHandler                 0x08004725   Thumb Code    12  stm32f4xx_it.o(.text.TIM1_BRK_TIM9_IRQHandler)
    TIM2_IRQHandler                          0x08004731   Thumb Code    12  stm32f4xx_it.o(.text.TIM2_IRQHandler)
    TIM3_IRQHandler                          0x0800473d   Thumb Code    12  stm32f4xx_it.o(.text.TIM3_IRQHandler)
    TIM4_IRQHandler                          0x08004749   Thumb Code    12  stm32f4xx_it.o(.text.TIM4_IRQHandler)
    TIM5_IRQHandler                          0x08004755   Thumb Code    12  stm32f4xx_it.o(.text.TIM5_IRQHandler)
    TIM_Base_SetConfig                       0x08004761   Thumb Code   314  stm32f4xx_hal_tim.o(.text.TIM_Base_SetConfig)
    UART5_IRQHandler                         0x0800489d   Thumb Code   122  stm32f4xx_it.o(.text.UART5_IRQHandler)
    USART1_IRQHandler                        0x08004eb9   Thumb Code   140  stm32f4xx_it.o(.text.USART1_IRQHandler)
    USART3_IRQHandler                        0x08004f45   Thumb Code   122  stm32f4xx_it.o(.text.USART3_IRQHandler)
    USB_CoreInit                             0x08004fc1   Thumb Code   630  stm32f4xx_ll_usb.o(.text.USB_CoreInit)
    USB_DisableGlobalInt                     0x08005239   Thumb Code    14  stm32f4xx_ll_usb.o(.text.USB_DisableGlobalInt)
    USB_HostInit                             0x08005249   Thumb Code   736  stm32f4xx_ll_usb.o(.text.USB_HostInit)
    USB_SetCurrentMode                       0x08005529   Thumb Code   872  stm32f4xx_ll_usb.o(.text.USB_SetCurrentMode)
    UsageFault_Handler                       0x08005891   Thumb Code     2  stm32f4xx_it.o(.text.UsageFault_Handler)
    crc16_head_check                         0x080058c1   Thumb Code   250  crc.o(.text.crc16_head_check)
    crc16_make                               0x080059bd   Thumb Code   232  crc.o(.text.crc16_make)
    generate_head_crc                        0x08005aa5   Thumb Code    68  crc.o(.text.generate_head_crc)
    main                                     0x08005ae9   Thumb Code   856  main.o(.text.main)
    ring_buf_init                            0x08005e41   Thumb Code    14  ring.o(.text.ring_buf_init)
    ring_buf_read                            0x08005e51   Thumb Code    20  ring.o(.text.ring_buf_read)
    ring_buf_write                           0x08005e65   Thumb Code    52  ring.o(.text.ring_buf_write)
    unpack_fun                               0x08005e99   Thumb Code   238  unpack.o(.text.unpack_fun)
    unpack_init                              0x08005f89   Thumb Code    12  unpack.o(.text.unpack_init)
    _fp_init                                 0x08005f95   Thumb Code    26  fpinit.o(x$fpl$fpinit)
    __fplib_config_fpu_vfp                   0x08005fad   Thumb Code     0  fpinit.o(x$fpl$fpinit)
    __fplib_config_pureend_doubles           0x08005fad   Thumb Code     0  fpinit.o(x$fpl$fpinit)
    AHBPrescTable                            0x08005fae   Data          16  system_stm32f4xx.o(.rodata.AHBPrescTable)
    APBPrescTable                            0x08005fbe   Data           8  system_stm32f4xx.o(.rodata.APBPrescTable)
    Region$$Table$$Base                      0x080063d0   Number         0  anon$$obj.o(Region$$Table)
    Region$$Table$$Limit                     0x080063f0   Number         0  anon$$obj.o(Region$$Table)
    TXBUF0                                   0x20000000   Data          14  main.o(.data..L_MergedGlobals)
    TXBUF1                                   0x2000000e   Data          19  main.o(.data..L_MergedGlobals)
    uwTickFreq                               0x20000024   Data           1  stm32f4xx_hal.o(.data..L_MergedGlobals)
    uwTickPrio                               0x20000028   Data           4  stm32f4xx_hal.o(.data..L_MergedGlobals)
    SystemCoreClock                          0x2000002c   Data           4  system_stm32f4xx.o(.data.SystemCoreClock)
    TXBUF2                                   0x20000030   Data          18  main.o(.data.TXBUF2)
    pFlash                                   0x20000044   Data          32  stm32f4xx_hal_flash.o(.data.pFlash)
    __libspace_start                         0x20000068   Data          96  libspace.o(.bss)
    __temporary_stack_top$libspace           0x200000c8   Data           0  libspace.o(.bss)
    rx5_flag                                 0x200000c8   Data           1  main.o(.bss..L_MergedGlobals.2)
    rx3_flag                                 0x200000c9   Data           1  main.o(.bss..L_MergedGlobals.2)
    expose_flag                              0x200000ca   Data           1  main.o(.bss..L_MergedGlobals.2)
    Gybpre_flag                              0x200000cb   Data           1  main.o(.bss..L_MergedGlobals.2)
    mode_flag                                0x200000cc   Data           1  main.o(.bss..L_MergedGlobals.2)
    motor_revflag                            0x200000cd   Data           1  main.o(.bss..L_MergedGlobals.2)
    detector_flag                            0x200000ce   Data           1  main.o(.bss..L_MergedGlobals.2)
    emc_flag                                 0x200000cf   Data           1  main.o(.bss..L_MergedGlobals.2)
    state                                    0x200000d0   Data           1  main.o(.bss..L_MergedGlobals.2)
    sync_in                                  0x200000d1   Data           1  main.o(.bss..L_MergedGlobals.2)
    sync_out                                 0x200000d2   Data           1  main.o(.bss..L_MergedGlobals.2)
    tim3flagw                                0x200000d3   Data           1  main.o(.bss..L_MergedGlobals.2)
    fmqflagw                                 0x200000d4   Data           1  main.o(.bss..L_MergedGlobals.2)
    SynState                                 0x200000d6   Data           2  main.o(.bss..L_MergedGlobals.2)
    rx3_length                               0x200000d8   Data           2  main.o(.bss..L_MergedGlobals.2)
    rx5_length                               0x200000da   Data           2  main.o(.bss..L_MergedGlobals.2)
    n_total                                  0x200000dc   Data           2  main.o(.bss..L_MergedGlobals.2)
    cmd_buf                                  0x200000de   Data         512  main.o(.bss.cmd_buf)
    hdma_uart5_rx                            0x200002e0   Data          96  usart.o(.bss.hdma_uart5_rx)
    hdma_uart5_tx                            0x20000340   Data          96  usart.o(.bss.hdma_uart5_tx)
    hdma_usart1_rx                           0x200003a0   Data          96  usart.o(.bss.hdma_usart1_rx)
    hdma_usart1_tx                           0x20000400   Data          96  usart.o(.bss.hdma_usart1_tx)
    hdma_usart3_rx                           0x20000460   Data          96  usart.o(.bss.hdma_usart3_rx)
    hdma_usart3_tx                           0x200004c0   Data          96  usart.o(.bss.hdma_usart3_tx)
    hhcd_USB_OTG_FS                          0x20000520   Data         992  usb_otg.o(.bss.hhcd_USB_OTG_FS)
    hrtc                                     0x20000900   Data          32  rtc.o(.bss.hrtc)
    htim10                                   0x20000920   Data          72  tim.o(.bss.htim10)
    htim2                                    0x20000968   Data          72  tim.o(.bss.htim2)
    htim3                                    0x200009b0   Data          72  tim.o(.bss.htim3)
    htim4                                    0x200009f8   Data          72  tim.o(.bss.htim4)
    htim5                                    0x20000a40   Data          72  tim.o(.bss.htim5)
    htim9                                    0x20000a88   Data          72  tim.o(.bss.htim9)
    huart1                                   0x20000ad0   Data          72  usart.o(.bss.huart1)
    huart3                                   0x20000b18   Data          72  usart.o(.bss.huart3)
    huart5                                   0x20000b60   Data          72  usart.o(.bss.huart5)
    pose_time                                0x20000ba8   Data           2  main.o(.bss.pose_time)
    ring_data                                0x20000baa   Data         512  main.o(.bss.ring_data)
    rx1_buffer                               0x20000daa   Data         500  main.o(.bss.rx1_buffer)
    rx1_flag                                 0x20000f9e   Data           1  main.o(.bss.rx1_flag)
    rx1_length                               0x20000fa0   Data           2  main.o(.bss.rx1_length)
    rx3_buffer                               0x20000fa2   Data         500  main.o(.bss.rx3_buffer)
    rx5_buffer                               0x20001196   Data         500  main.o(.bss.rx5_buffer)
    t_time                                   0x2000138a   Data           2  main.o(.bss.t_time)
    uwTick                                   0x2000138c   Data           4  stm32f4xx_hal.o(.bss.uwTick)



==============================================================================

Memory Map of the image

  Image Entry point : 0x08000189

  Load Region LR_IROM1 (Base: 0x08000000, Size: 0x00006458, Max: 0x00070000, ABSOLUTE)

    Execution Region ER_IROM1 (Exec base: 0x08000000, Load base: 0x08000000, Size: 0x000063f0, Max: 0x00070000, ABSOLUTE)

    Exec Addr    Load Addr    Size         Type   Attr      Idx    E Section Name        Object

    0x08000000   0x08000000   0x00000188   Data   RO            3    RESET               startup_stm32f407xx.o
    0x08000188   0x08000188   0x00000008   Code   RO         1465  * !!!main             c_w.l(__main.o)
    0x08000190   0x08000190   0x0000005c   Code   RO         1640    !!!scatter          c_w.l(__scatter.o)
    0x080001ec   0x080001ec   0x0000001a   Code   RO         1644    !!handler_copy      c_w.l(__scatter_copy.o)
    0x08000206   0x08000206   0x00000002   PAD
    0x08000208   0x08000208   0x00000002   Code   RO         1641    !!handler_null      c_w.l(__scatter.o)
    0x0800020a   0x0800020a   0x00000002   PAD
    0x0800020c   0x0800020c   0x0000001c   Code   RO         1646    !!handler_zi        c_w.l(__scatter_zi.o)
    0x08000228   0x08000228   0x00000002   Code   RO         1502    .ARM.Collect$$libinit$$00000000  c_w.l(libinit.o)
    0x0800022a   0x0800022a   0x00000004   Code   RO         1514    .ARM.Collect$$libinit$$00000001  c_w.l(libinit2.o)
    0x0800022e   0x0800022e   0x00000000   Code   RO         1517    .ARM.Collect$$libinit$$00000004  c_w.l(libinit2.o)
    0x0800022e   0x0800022e   0x00000000   Code   RO         1519    .ARM.Collect$$libinit$$00000006  c_w.l(libinit2.o)
    0x0800022e   0x0800022e   0x00000000   Code   RO         1522    .ARM.Collect$$libinit$$0000000C  c_w.l(libinit2.o)
    0x0800022e   0x0800022e   0x00000000   Code   RO         1524    .ARM.Collect$$libinit$$0000000E  c_w.l(libinit2.o)
    0x0800022e   0x0800022e   0x00000000   Code   RO         1526    .ARM.Collect$$libinit$$00000010  c_w.l(libinit2.o)
    0x0800022e   0x0800022e   0x00000000   Code   RO         1529    .ARM.Collect$$libinit$$00000013  c_w.l(libinit2.o)
    0x0800022e   0x0800022e   0x00000000   Code   RO         1531    .ARM.Collect$$libinit$$00000015  c_w.l(libinit2.o)
    0x0800022e   0x0800022e   0x00000000   Code   RO         1533    .ARM.Collect$$libinit$$00000017  c_w.l(libinit2.o)
    0x0800022e   0x0800022e   0x00000000   Code   RO         1535    .ARM.Collect$$libinit$$00000019  c_w.l(libinit2.o)
    0x0800022e   0x0800022e   0x00000000   Code   RO         1537    .ARM.Collect$$libinit$$0000001B  c_w.l(libinit2.o)
    0x0800022e   0x0800022e   0x00000000   Code   RO         1539    .ARM.Collect$$libinit$$0000001D  c_w.l(libinit2.o)
    0x0800022e   0x0800022e   0x00000000   Code   RO         1541    .ARM.Collect$$libinit$$0000001F  c_w.l(libinit2.o)
    0x0800022e   0x0800022e   0x00000000   Code   RO         1543    .ARM.Collect$$libinit$$00000021  c_w.l(libinit2.o)
    0x0800022e   0x0800022e   0x00000000   Code   RO         1545    .ARM.Collect$$libinit$$00000023  c_w.l(libinit2.o)
    0x0800022e   0x0800022e   0x00000000   Code   RO         1547    .ARM.Collect$$libinit$$00000025  c_w.l(libinit2.o)
    0x0800022e   0x0800022e   0x00000000   Code   RO         1549    .ARM.Collect$$libinit$$00000027  c_w.l(libinit2.o)
    0x0800022e   0x0800022e   0x00000000   Code   RO         1553    .ARM.Collect$$libinit$$0000002E  c_w.l(libinit2.o)
    0x0800022e   0x0800022e   0x00000000   Code   RO         1555    .ARM.Collect$$libinit$$00000030  c_w.l(libinit2.o)
    0x0800022e   0x0800022e   0x00000000   Code   RO         1557    .ARM.Collect$$libinit$$00000032  c_w.l(libinit2.o)
    0x0800022e   0x0800022e   0x00000000   Code   RO         1559    .ARM.Collect$$libinit$$00000034  c_w.l(libinit2.o)
    0x0800022e   0x0800022e   0x00000002   Code   RO         1560    .ARM.Collect$$libinit$$00000035  c_w.l(libinit2.o)
    0x08000230   0x08000230   0x00000002   Code   RO         1595    .ARM.Collect$$libshutdown$$00000000  c_w.l(libshutdown.o)
    0x08000232   0x08000232   0x00000000   Code   RO         1623    .ARM.Collect$$libshutdown$$00000002  c_w.l(libshutdown2.o)
    0x08000232   0x08000232   0x00000000   Code   RO         1625    .ARM.Collect$$libshutdown$$00000004  c_w.l(libshutdown2.o)
    0x08000232   0x08000232   0x00000000   Code   RO         1628    .ARM.Collect$$libshutdown$$00000007  c_w.l(libshutdown2.o)
    0x08000232   0x08000232   0x00000000   Code   RO         1631    .ARM.Collect$$libshutdown$$0000000A  c_w.l(libshutdown2.o)
    0x08000232   0x08000232   0x00000000   Code   RO         1633    .ARM.Collect$$libshutdown$$0000000C  c_w.l(libshutdown2.o)
    0x08000232   0x08000232   0x00000000   Code   RO         1636    .ARM.Collect$$libshutdown$$0000000F  c_w.l(libshutdown2.o)
    0x08000232   0x08000232   0x00000002   Code   RO         1637    .ARM.Collect$$libshutdown$$00000010  c_w.l(libshutdown2.o)
    0x08000234   0x08000234   0x00000000   Code   RO         1467    .ARM.Collect$$rtentry$$00000000  c_w.l(__rtentry.o)
    0x08000234   0x08000234   0x00000000   Code   RO         1473    .ARM.Collect$$rtentry$$00000002  c_w.l(__rtentry2.o)
    0x08000234   0x08000234   0x00000006   Code   RO         1485    .ARM.Collect$$rtentry$$00000004  c_w.l(__rtentry4.o)
    0x0800023a   0x0800023a   0x00000000   Code   RO         1475    .ARM.Collect$$rtentry$$00000009  c_w.l(__rtentry2.o)
    0x0800023a   0x0800023a   0x00000004   Code   RO         1476    .ARM.Collect$$rtentry$$0000000A  c_w.l(__rtentry2.o)
    0x0800023e   0x0800023e   0x00000000   Code   RO         1478    .ARM.Collect$$rtentry$$0000000C  c_w.l(__rtentry2.o)
    0x0800023e   0x0800023e   0x00000008   Code   RO         1479    .ARM.Collect$$rtentry$$0000000D  c_w.l(__rtentry2.o)
    0x08000246   0x08000246   0x00000002   Code   RO         1506    .ARM.Collect$$rtexit$$00000000  c_w.l(rtexit.o)
    0x08000248   0x08000248   0x00000000   Code   RO         1566    .ARM.Collect$$rtexit$$00000002  c_w.l(rtexit2.o)
    0x08000248   0x08000248   0x00000004   Code   RO         1567    .ARM.Collect$$rtexit$$00000003  c_w.l(rtexit2.o)
    0x0800024c   0x0800024c   0x00000006   Code   RO         1568    .ARM.Collect$$rtexit$$00000004  c_w.l(rtexit2.o)
    0x08000252   0x08000252   0x00000002   PAD
    0x08000254   0x08000254   0x00000040   Code   RO            4    .text               startup_stm32f407xx.o
    0x08000294   0x08000294   0x000000f0   Code   RO         1459    .text               c_w.l(lludivv7m.o)
    0x08000384   0x08000384   0x0000004e   Code   RO         1461    .text               c_w.l(rt_memclr_w.o)
    0x080003d2   0x080003d2   0x00000006   Code   RO         1463    .text               c_w.l(heapauxi.o)
    0x080003d8   0x080003d8   0x0000004a   Code   RO         1489    .text               c_w.l(sys_stackheap_outer.o)
    0x08000422   0x08000422   0x00000012   Code   RO         1491    .text               c_w.l(exit.o)
    0x08000434   0x08000434   0x00000008   Code   RO         1503    .text               c_w.l(libspace.o)
    0x0800043c   0x0800043c   0x0000000c   Code   RO         1561    .text               c_w.l(sys_exit.o)
    0x08000448   0x08000448   0x00000002   Code   RO         1584    .text               c_w.l(use_no_semi.o)
    0x0800044a   0x0800044a   0x00000000   Code   RO         1586    .text               c_w.l(indicate_semi.o)
    0x0800044a   0x0800044a   0x00000002   PAD
    0x0800044c   0x0800044c   0x00000002   Code   RO          166    .text.BusFault_Handler  stm32f4xx_it.o
    0x0800044e   0x0800044e   0x00000002   PAD
    0x08000450   0x08000450   0x0000045c   Code   RO         1444    .text.CMD_handlder_fun  cmdhandle.o
    0x080008ac   0x080008ac   0x00000092   Code   RO         1446    .text.CMD_handlder_tx  cmdhandle.o
    0x0800093e   0x0800093e   0x00000002   PAD
    0x08000940   0x08000940   0x0000000c   Code   RO          186    .text.DMA1_Stream0_IRQHandler  stm32f4xx_it.o
    0x0800094c   0x0800094c   0x0000000c   Code   RO          188    .text.DMA1_Stream1_IRQHandler  stm32f4xx_it.o
    0x08000958   0x08000958   0x0000000c   Code   RO          190    .text.DMA1_Stream3_IRQHandler  stm32f4xx_it.o
    0x08000964   0x08000964   0x0000000c   Code   RO          208    .text.DMA1_Stream7_IRQHandler  stm32f4xx_it.o
    0x08000970   0x08000970   0x0000000c   Code   RO          214    .text.DMA2_Stream2_IRQHandler  stm32f4xx_it.o
    0x0800097c   0x0800097c   0x0000000c   Code   RO          216    .text.DMA2_Stream7_IRQHandler  stm32f4xx_it.o
    0x08000988   0x08000988   0x00000002   Code   RO          172    .text.DebugMon_Handler  stm32f4xx_it.o
    0x0800098a   0x0800098a   0x00000002   PAD
    0x0800098c   0x0800098c   0x00000016   Code   RO          206    .text.EXTI15_10_IRQHandler  stm32f4xx_it.o
    0x080009a2   0x080009a2   0x00000002   PAD
    0x080009a4   0x080009a4   0x00000006   Code   RO          182    .text.EXTI2_IRQHandler  stm32f4xx_it.o
    0x080009aa   0x080009aa   0x00000002   PAD
    0x080009ac   0x080009ac   0x00000006   Code   RO          184    .text.EXTI4_IRQHandler  stm32f4xx_it.o
    0x080009b2   0x080009b2   0x00000002   PAD
    0x080009b4   0x080009b4   0x00000012   Code   RO          192    .text.EXTI9_5_IRQHandler  stm32f4xx_it.o
    0x080009c6   0x080009c6   0x00000002   PAD
    0x080009c8   0x080009c8   0x00000006   Code   RO           15    .text.Error_Handler  main.o
    0x080009ce   0x080009ce   0x00000002   PAD
    0x080009d0   0x080009d0   0x00000046   Code   RO          464    .text.FLASH_Erase_Sector  stm32f4xx_hal_flash_ex.o
    0x08000a16   0x08000a16   0x00000002   PAD
    0x08000a18   0x08000a18   0x00000058   Code   RO          466    .text.FLASH_FlushCaches  stm32f4xx_hal_flash_ex.o
    0x08000a70   0x08000a70   0x00000004   Code   RO          178    .text.FLASH_IRQHandler  stm32f4xx_it.o
    0x08000a74   0x08000a74   0x0000008e   Code   RO          529    .text.HAL_DMA_Abort  stm32f4xx_hal_dma.o
    0x08000b02   0x08000b02   0x00000002   PAD
    0x08000b04   0x08000b04   0x00000024   Code   RO          531    .text.HAL_DMA_Abort_IT  stm32f4xx_hal_dma.o
    0x08000b28   0x08000b28   0x000001c4   Code   RO          535    .text.HAL_DMA_IRQHandler  stm32f4xx_hal_dma.o
    0x08000cec   0x08000cec   0x00000162   Code   RO          521    .text.HAL_DMA_Init  stm32f4xx_hal_dma.o
    0x08000e4e   0x08000e4e   0x00000002   PAD
    0x08000e50   0x08000e50   0x000000a2   Code   RO          527    .text.HAL_DMA_Start_IT  stm32f4xx_hal_dma.o
    0x08000ef2   0x08000ef2   0x00000002   PAD
    0x08000ef4   0x08000ef4   0x00000028   Code   RO          688    .text.HAL_Delay     stm32f4xx_hal.o
    0x08000f1c   0x08000f1c   0x00000002   Code   RO          439    .text.HAL_FLASH_EndOfOperationCallback  stm32f4xx_hal_flash.o
    0x08000f1e   0x08000f1e   0x00000002   PAD
    0x08000f20   0x08000f20   0x00000138   Code   RO          435    .text.HAL_FLASH_IRQHandler  stm32f4xx_hal_flash.o
    0x08001058   0x08001058   0x00000002   Code   RO          437    .text.HAL_FLASH_OperationErrorCallback  stm32f4xx_hal_flash.o
    0x0800105a   0x0800105a   0x00000002   PAD
    0x0800105c   0x0800105c   0x000002b6   Code   RO           17    .text.HAL_GPIO_EXTI_Callback  main.o
    0x08001312   0x08001312   0x00000002   PAD
    0x08001314   0x08001314   0x00000016   Code   RO          495    .text.HAL_GPIO_EXTI_IRQHandler  stm32f4xx_hal_gpio.o
    0x0800132a   0x0800132a   0x00000002   PAD
    0x0800132c   0x0800132c   0x0000019e   Code   RO          483    .text.HAL_GPIO_Init  stm32f4xx_hal_gpio.o
    0x080014ca   0x080014ca   0x00000002   PAD
    0x080014cc   0x080014cc   0x0000000a   Code   RO          487    .text.HAL_GPIO_ReadPin  stm32f4xx_hal_gpio.o
    0x080014d6   0x080014d6   0x00000002   PAD
    0x080014d8   0x080014d8   0x00000010   Code   RO          491    .text.HAL_GPIO_TogglePin  stm32f4xx_hal_gpio.o
    0x080014e8   0x080014e8   0x0000000a   Code   RO          489    .text.HAL_GPIO_WritePin  stm32f4xx_hal_gpio.o
    0x080014f2   0x080014f2   0x00000002   PAD
    0x080014f4   0x080014f4   0x0000000c   Code   RO          680    .text.HAL_GetTick   stm32f4xx_hal.o
    0x08001500   0x08001500   0x0000008a   Code   RO         1199    .text.HAL_HCD_Init  stm32f4xx_hal_hcd.o
    0x0800158a   0x0800158a   0x00000002   PAD
    0x0800158c   0x0800158c   0x00000078   Code   RO          147    .text.HAL_HCD_MspInit  usb_otg.o
    0x08001604   0x08001604   0x0000001a   Code   RO          678    .text.HAL_IncTick   stm32f4xx_hal.o
    0x0800161e   0x0800161e   0x00000002   PAD
    0x08001620   0x08001620   0x00000036   Code   RO          668    .text.HAL_Init      stm32f4xx_hal.o
    0x08001656   0x08001656   0x00000002   PAD
    0x08001658   0x08001658   0x00000048   Code   RO          670    .text.HAL_InitTick  stm32f4xx_hal.o
    0x080016a0   0x080016a0   0x0000005c   Code   RO          226    .text.HAL_MspInit   stm32f4xx_hal_msp.o
    0x080016fc   0x080016fc   0x00000022   Code   RO          620    .text.HAL_NVIC_EnableIRQ  stm32f4xx_hal_cortex.o
    0x0800171e   0x0800171e   0x00000002   PAD
    0x08001720   0x08001720   0x00000056   Code   RO          618    .text.HAL_NVIC_SetPriority  stm32f4xx_hal_cortex.o
    0x08001776   0x08001776   0x00000002   PAD
    0x08001778   0x08001778   0x00000020   Code   RO          616    .text.HAL_NVIC_SetPriorityGrouping  stm32f4xx_hal_cortex.o
    0x08001798   0x08001798   0x00000004   Code   RO          624    .text.HAL_NVIC_SystemReset  stm32f4xx_hal_cortex.o
    0x0800179c   0x0800179c   0x0000014a   Code   RO          409    .text.HAL_RCCEx_PeriphCLKConfig  stm32f4xx_hal_rcc_ex.o
    0x080018e6   0x080018e6   0x00000002   PAD
    0x080018e8   0x080018e8   0x00000164   Code   RO          377    .text.HAL_RCC_ClockConfig  stm32f4xx_hal_rcc.o
    0x08001a4c   0x08001a4c   0x00000026   Code   RO          389    .text.HAL_RCC_GetPCLK1Freq  stm32f4xx_hal_rcc.o
    0x08001a72   0x08001a72   0x00000002   PAD
    0x08001a74   0x08001a74   0x00000026   Code   RO          391    .text.HAL_RCC_GetPCLK2Freq  stm32f4xx_hal_rcc.o
    0x08001a9a   0x08001a9a   0x00000002   PAD
    0x08001a9c   0x08001a9c   0x00000070   Code   RO          379    .text.HAL_RCC_GetSysClockFreq  stm32f4xx_hal_rcc.o
    0x08001b0c   0x08001b0c   0x000003ac   Code   RO          375    .text.HAL_RCC_OscConfig  stm32f4xx_hal_rcc.o
    0x08001eb8   0x08001eb8   0x000000fc   Code   RO          235    .text.HAL_RTC_Init  stm32f4xx_hal_rtc.o
    0x08001fb4   0x08001fb4   0x00000044   Code   RO           69    .text.HAL_RTC_MspInit  rtc.o
    0x08001ff8   0x08001ff8   0x0000002c   Code   RO          628    .text.HAL_SYSTICK_Config  stm32f4xx_hal_cortex.o
    0x08002024   0x08002024   0x00000002   Code   RO         1063    .text.HAL_TIMEx_BreakCallback  stm32f4xx_hal_tim_ex.o
    0x08002026   0x08002026   0x00000002   PAD
    0x08002028   0x08002028   0x00000002   Code   RO         1059    .text.HAL_TIMEx_CommutCallback  stm32f4xx_hal_tim_ex.o
    0x0800202a   0x0800202a   0x00000002   PAD
    0x0800202c   0x0800202c   0x000000ba   Code   RO         1053    .text.HAL_TIMEx_MasterConfigSynchronization  stm32f4xx_hal_tim_ex.o
    0x080020e6   0x080020e6   0x00000002   PAD
    0x080020e8   0x080020e8   0x0000005a   Code   RO          758    .text.HAL_TIM_Base_Init  stm32f4xx_hal_tim.o
    0x08002142   0x08002142   0x00000002   PAD
    0x08002144   0x08002144   0x00000144   Code   RO           98    .text.HAL_TIM_Base_MspInit  tim.o
    0x08002288   0x08002288   0x000000aa   Code   RO          772    .text.HAL_TIM_Base_Start_IT  stm32f4xx_hal_tim.o
    0x08002332   0x08002332   0x00000002   PAD
    0x08002334   0x08002334   0x0000003c   Code   RO          774    .text.HAL_TIM_Base_Stop_IT  stm32f4xx_hal_tim.o
    0x08002370   0x08002370   0x000001a0   Code   RO          938    .text.HAL_TIM_ConfigClockSource  stm32f4xx_hal_tim.o
    0x08002510   0x08002510   0x000000b2   Code   RO          872    .text.HAL_TIM_Encoder_Init  stm32f4xx_hal_tim.o
    0x080025c2   0x080025c2   0x00000002   PAD
    0x080025c4   0x080025c4   0x000000ac   Code   RO           96    .text.HAL_TIM_Encoder_MspInit  tim.o
    0x08002670   0x08002670   0x000000bc   Code   RO          880    .text.HAL_TIM_Encoder_Start  stm32f4xx_hal_tim.o
    0x0800272c   0x0800272c   0x00000024   Code   RO          932    .text.HAL_TIM_GenerateEvent  stm32f4xx_hal_tim.o
    0x08002750   0x08002750   0x00000002   Code   RO          894    .text.HAL_TIM_IC_CaptureCallback  stm32f4xx_hal_tim.o
    0x08002752   0x08002752   0x00000002   PAD
    0x08002754   0x08002754   0x0000014e   Code   RO          892    .text.HAL_TIM_IRQHandler  stm32f4xx_hal_tim.o
    0x080028a2   0x080028a2   0x00000002   PAD
    0x080028a4   0x080028a4   0x00000002   Code   RO          896    .text.HAL_TIM_OC_DelayElapsedCallback  stm32f4xx_hal_tim.o
    0x080028a6   0x080028a6   0x00000002   PAD
    0x080028a8   0x080028a8   0x00000220   Code   RO          912    .text.HAL_TIM_PWM_ConfigChannel  stm32f4xx_hal_tim.o
    0x08002ac8   0x08002ac8   0x0000005a   Code   RO          812    .text.HAL_TIM_PWM_Init  stm32f4xx_hal_tim.o
    0x08002b22   0x08002b22   0x00000002   PAD
    0x08002b24   0x08002b24   0x00000002   Code   RO          814    .text.HAL_TIM_PWM_MspInit  stm32f4xx_hal_tim.o
    0x08002b26   0x08002b26   0x00000002   PAD
    0x08002b28   0x08002b28   0x00000002   Code   RO          898    .text.HAL_TIM_PWM_PulseFinishedCallback  stm32f4xx_hal_tim.o
    0x08002b2a   0x08002b2a   0x00000002   PAD
    0x08002b2c   0x08002b2c   0x0000010e   Code   RO          820    .text.HAL_TIM_PWM_Start  stm32f4xx_hal_tim.o
    0x08002c3a   0x08002c3a   0x00000002   PAD
    0x08002c3c   0x08002c3c   0x000000aa   Code   RO          822    .text.HAL_TIM_PWM_Stop  stm32f4xx_hal_tim.o
    0x08002ce6   0x08002ce6   0x00000002   PAD
    0x08002ce8   0x08002ce8   0x000000fa   Code   RO           19    .text.HAL_TIM_PeriodElapsedCallback  main.o
    0x08002de2   0x08002de2   0x00000002   PAD
    0x08002de4   0x08002de4   0x00000002   Code   RO          902    .text.HAL_TIM_TriggerCallback  stm32f4xx_hal_tim.o
    0x08002de6   0x08002de6   0x00000002   PAD
    0x08002de8   0x08002de8   0x00000002   Code   RO         1163    .text.HAL_UARTEx_RxEventCallback  stm32f4xx_hal_uart.o
    0x08002dea   0x08002dea   0x00000002   PAD
    0x08002dec   0x08002dec   0x0000021c   Code   RO         1119    .text.HAL_UART_DMAStop  stm32f4xx_hal_uart.o
    0x08003008   0x08003008   0x00000002   Code   RO         1161    .text.HAL_UART_ErrorCallback  stm32f4xx_hal_uart.o
    0x0800300a   0x0800300a   0x00000002   PAD
    0x0800300c   0x0800300c   0x00000594   Code   RO         1155    .text.HAL_UART_IRQHandler  stm32f4xx_hal_uart.o
    0x080035a0   0x080035a0   0x00000060   Code   RO         1077    .text.HAL_UART_Init  stm32f4xx_hal_uart.o
    0x08003600   0x08003600   0x000002f0   Code   RO          124    .text.HAL_UART_MspInit  usart.o
    0x080038f0   0x080038f0   0x00000180   Code   RO         1111    .text.HAL_UART_Receive_DMA  stm32f4xx_hal_uart.o
    0x08003a70   0x08003a70   0x00000002   Code   RO         1169    .text.HAL_UART_RxCpltCallback  stm32f4xx_hal_uart.o
    0x08003a72   0x08003a72   0x00000002   PAD
    0x08003a74   0x08003a74   0x00000002   Code   RO         1171    .text.HAL_UART_RxHalfCpltCallback  stm32f4xx_hal_uart.o
    0x08003a76   0x08003a76   0x00000002   PAD
    0x08003a78   0x08003a78   0x00000192   Code   RO         1093    .text.HAL_UART_Transmit  stm32f4xx_hal_uart.o
    0x08003c0a   0x08003c0a   0x00000002   PAD
    0x08003c0c   0x08003c0c   0x000000d4   Code   RO         1103    .text.HAL_UART_Transmit_DMA  stm32f4xx_hal_uart.o
    0x08003ce0   0x08003ce0   0x00000002   Code   RO         1165    .text.HAL_UART_TxCpltCallback  stm32f4xx_hal_uart.o
    0x08003ce2   0x08003ce2   0x00000002   PAD
    0x08003ce4   0x08003ce4   0x00000002   Code   RO         1167    .text.HAL_UART_TxHalfCpltCallback  stm32f4xx_hal_uart.o
    0x08003ce6   0x08003ce6   0x00000002   PAD
    0x08003ce8   0x08003ce8   0x00000002   Code   RO          162    .text.HardFault_Handler  stm32f4xx_it.o
    0x08003cea   0x08003cea   0x00000002   PAD
    0x08003cec   0x08003cec   0x0000009c   Code   RO           58    .text.MX_DMA_Init   dma.o
    0x08003d88   0x08003d88   0x00000254   Code   RO           49    .text.MX_GPIO_Init  gpio.o
    0x08003fdc   0x08003fdc   0x00000036   Code   RO           67    .text.MX_RTC_Init   rtc.o
    0x08004012   0x08004012   0x00000002   PAD
    0x08004014   0x08004014   0x00000036   Code   RO           94    .text.MX_TIM10_Init  tim.o
    0x0800404a   0x0800404a   0x00000002   PAD
    0x0800404c   0x0800404c   0x00000066   Code   RO           82    .text.MX_TIM2_Init  tim.o
    0x080040b2   0x080040b2   0x00000002   PAD
    0x080040b4   0x080040b4   0x00000078   Code   RO           84    .text.MX_TIM3_Init  tim.o
    0x0800412c   0x0800412c   0x00000078   Code   RO           86    .text.MX_TIM4_Init  tim.o
    0x080041a4   0x080041a4   0x00000078   Code   RO           88    .text.MX_TIM5_Init  tim.o
    0x0800421c   0x0800421c   0x000000f4   Code   RO           90    .text.MX_TIM9_Init  tim.o
    0x08004310   0x08004310   0x0000003c   Code   RO          118    .text.MX_UART5_Init  usart.o
    0x0800434c   0x0800434c   0x00000044   Code   RO          120    .text.MX_USART1_UART_Init  usart.o
    0x08004390   0x08004390   0x00000044   Code   RO          122    .text.MX_USART3_UART_Init  usart.o
    0x080043d4   0x080043d4   0x00000032   Code   RO          145    .text.MX_USB_OTG_FS_HCD_Init  usb_otg.o
    0x08004406   0x08004406   0x00000002   PAD
    0x08004408   0x08004408   0x00000002   Code   RO          164    .text.MemManage_Handler  stm32f4xx_it.o
    0x0800440a   0x0800440a   0x00000002   PAD
    0x0800440c   0x0800440c   0x00000002   Code   RO          160    .text.NMI_Handler   stm32f4xx_it.o
    0x0800440e   0x0800440e   0x00000002   PAD
    0x08004410   0x08004410   0x00000002   Code   RO          174    .text.PendSV_Handler  stm32f4xx_it.o
    0x08004412   0x08004412   0x00000002   PAD
    0x08004414   0x08004414   0x00000002   Code   RO          180    .text.RCC_IRQHandler  stm32f4xx_it.o
    0x08004416   0x08004416   0x00000002   PAD
    0x08004418   0x08004418   0x00000002   Code   RO          170    .text.SVC_Handler   stm32f4xx_it.o
    0x0800441a   0x0800441a   0x00000002   PAD
    0x0800441c   0x0800441c   0x00000242   Code   RO         1380    .text.Send_motor1   hardware.o
    0x0800465e   0x0800465e   0x00000002   PAD
    0x08004660   0x08004660   0x00000004   Code   RO          176    .text.SysTick_Handler  stm32f4xx_it.o
    0x08004664   0x08004664   0x000000ac   Code   RO           13    .text.SystemClock_Config  main.o
    0x08004710   0x08004710   0x00000012   Code   RO         1363    .text.SystemInit    system_stm32f4xx.o
    0x08004722   0x08004722   0x00000002   PAD
    0x08004724   0x08004724   0x0000000c   Code   RO          194    .text.TIM1_BRK_TIM9_IRQHandler  stm32f4xx_it.o
    0x08004730   0x08004730   0x0000000c   Code   RO          196    .text.TIM2_IRQHandler  stm32f4xx_it.o
    0x0800473c   0x0800473c   0x0000000c   Code   RO          198    .text.TIM3_IRQHandler  stm32f4xx_it.o
    0x08004748   0x08004748   0x0000000c   Code   RO          200    .text.TIM4_IRQHandler  stm32f4xx_it.o
    0x08004754   0x08004754   0x0000000c   Code   RO          210    .text.TIM5_IRQHandler  stm32f4xx_it.o
    0x08004760   0x08004760   0x0000013a   Code   RO          762    .text.TIM_Base_SetConfig  stm32f4xx_hal_tim.o
    0x0800489a   0x0800489a   0x00000002   PAD
    0x0800489c   0x0800489c   0x0000007a   Code   RO          212    .text.UART5_IRQHandler  stm32f4xx_it.o
    0x08004916   0x08004916   0x00000002   PAD
    0x08004918   0x08004918   0x0000000a   Code   RO         1159    .text.UART_DMAAbortOnError  stm32f4xx_hal_uart.o
    0x08004922   0x08004922   0x00000002   PAD
    0x08004924   0x08004924   0x0000017c   Code   RO         1109    .text.UART_DMAError  stm32f4xx_hal_uart.o
    0x08004aa0   0x08004aa0   0x0000015e   Code   RO         1187    .text.UART_DMAReceiveCplt  stm32f4xx_hal_uart.o
    0x08004bfe   0x08004bfe   0x00000002   PAD
    0x08004c00   0x08004c00   0x00000018   Code   RO         1189    .text.UART_DMARxHalfCplt  stm32f4xx_hal_uart.o
    0x08004c18   0x08004c18   0x000000b0   Code   RO         1105    .text.UART_DMATransmitCplt  stm32f4xx_hal_uart.o
    0x08004cc8   0x08004cc8   0x00000006   Code   RO         1107    .text.UART_DMATxHalfCplt  stm32f4xx_hal_uart.o
    0x08004cce   0x08004cce   0x00000002   PAD
    0x08004cd0   0x08004cd0   0x000000fe   Code   RO         1157    .text.UART_Receive_IT  stm32f4xx_hal_uart.o
    0x08004dce   0x08004dce   0x00000002   PAD
    0x08004dd0   0x08004dd0   0x000000e6   Code   RO         1081    .text.UART_SetConfig  stm32f4xx_hal_uart.o
    0x08004eb6   0x08004eb6   0x00000002   PAD
    0x08004eb8   0x08004eb8   0x0000008c   Code   RO          202    .text.USART1_IRQHandler  stm32f4xx_it.o
    0x08004f44   0x08004f44   0x0000007a   Code   RO          204    .text.USART3_IRQHandler  stm32f4xx_it.o
    0x08004fbe   0x08004fbe   0x00000002   PAD
    0x08004fc0   0x08004fc0   0x00000276   Code   RO         1259    .text.USB_CoreInit  stm32f4xx_ll_usb.o
    0x08005236   0x08005236   0x00000002   PAD
    0x08005238   0x08005238   0x0000000e   Code   RO         1265    .text.USB_DisableGlobalInt  stm32f4xx_ll_usb.o
    0x08005246   0x08005246   0x00000002   PAD
    0x08005248   0x08005248   0x000002e0   Code   RO         1327    .text.USB_HostInit  stm32f4xx_ll_usb.o
    0x08005528   0x08005528   0x00000368   Code   RO         1267    .text.USB_SetCurrentMode  stm32f4xx_ll_usb.o
    0x08005890   0x08005890   0x00000002   Code   RO          168    .text.UsageFault_Handler  stm32f4xx_it.o
    0x08005892   0x08005892   0x00000002   PAD
    0x08005894   0x08005894   0x0000002a   Code   RO          626    .text.__NVIC_SystemReset  stm32f4xx_hal_cortex.o
    0x080058be   0x080058be   0x00000002   PAD
    0x080058c0   0x080058c0   0x000000fa   Code   RO         1394    .text.crc16_head_check  crc.o
    0x080059ba   0x080059ba   0x00000002   PAD
    0x080059bc   0x080059bc   0x000000e8   Code   RO         1396    .text.crc16_make    crc.o
    0x08005aa4   0x08005aa4   0x00000044   Code   RO         1398    .text.generate_head_crc  crc.o
    0x08005ae8   0x08005ae8   0x00000358   Code   RO           11    .text.main          main.o
    0x08005e40   0x08005e40   0x0000000e   Code   RO         1409    .text.ring_buf_init  ring.o
    0x08005e4e   0x08005e4e   0x00000002   PAD
    0x08005e50   0x08005e50   0x00000014   Code   RO         1417    .text.ring_buf_read  ring.o
    0x08005e64   0x08005e64   0x00000034   Code   RO         1419    .text.ring_buf_write  ring.o
    0x08005e98   0x08005e98   0x000000ee   Code   RO         1433    .text.unpack_fun    unpack.o
    0x08005f86   0x08005f86   0x00000002   PAD
    0x08005f88   0x08005f88   0x0000000c   Code   RO         1431    .text.unpack_init   unpack.o
    0x08005f94   0x08005f94   0x0000001a   Code   RO         1578    x$fpl$fpinit        fz_wm.l(fpinit.o)
    0x08005fae   0x08005fae   0x00000010   Data   RO         1368    .rodata.AHBPrescTable  system_stm32f4xx.o
    0x08005fbe   0x08005fbe   0x00000008   Data   RO         1369    .rodata.APBPrescTable  system_stm32f4xx.o
    0x08005fc6   0x08005fc6   0x00000002   PAD
    0x08005fc8   0x08005fc8   0x00000400   Data   RO         1400    .rodata.CRC16Table  crc.o
    0x080063c8   0x080063c8   0x00000008   Data   RO          545    .rodata.cst8        stm32f4xx_hal_dma.o
    0x080063d0   0x080063d0   0x00000020   Data   RO         1639    Region$$Table       anon$$obj.o


    Execution Region RW_IRAM1 (Exec base: 0x20000000, Load base: 0x080063f0, Size: 0x00001990, Max: 0x0001c000, ABSOLUTE)

    Exec Addr    Load Addr    Size         Type   Attr      Idx    E Section Name        Object

    0x20000000   0x080063f0   0x00000021   Data   RW           39    .data..L_MergedGlobals  main.o
    0x20000021   0x08006411   0x00000003   PAD
    0x20000024   0x08006414   0x00000008   Data   RW          723    .data..L_MergedGlobals  stm32f4xx_hal.o
    0x2000002c   0x0800641c   0x00000004   Data   RW         1367    .data.SystemCoreClock  system_stm32f4xx.o
    0x20000030   0x08006420   0x00000012   Data   RW           21    .data.TXBUF2        main.o
    0x20000042   0x08006432   0x00000002   PAD
    0x20000044   0x08006434   0x00000020   Data   RW          453    .data.pFlash        stm32f4xx_hal_flash.o
    0x20000064   0x08006454   0x00000004   PAD
    0x20000068        -       0x00000060   Zero   RW         1504    .bss                c_w.l(libspace.o)
    0x200000c8        -       0x00000016   Zero   RW           40    .bss..L_MergedGlobals.2  main.o
    0x200000de        -       0x00000200   Zero   RW           33    .bss.cmd_buf        main.o
    0x200002de   0x08006454   0x00000002   PAD
    0x200002e0        -       0x00000060   Zero   RW          131    .bss.hdma_uart5_rx  usart.o
    0x20000340        -       0x00000060   Zero   RW          132    .bss.hdma_uart5_tx  usart.o
    0x200003a0        -       0x00000060   Zero   RW          133    .bss.hdma_usart1_rx  usart.o
    0x20000400        -       0x00000060   Zero   RW          134    .bss.hdma_usart1_tx  usart.o
    0x20000460        -       0x00000060   Zero   RW          135    .bss.hdma_usart3_rx  usart.o
    0x200004c0        -       0x00000060   Zero   RW          136    .bss.hdma_usart3_tx  usart.o
    0x20000520        -       0x000003e0   Zero   RW          151    .bss.hhcd_USB_OTG_FS  usb_otg.o
    0x20000900        -       0x00000020   Zero   RW           73    .bss.hrtc           rtc.o
    0x20000920        -       0x00000048   Zero   RW          109    .bss.htim10         tim.o
    0x20000968        -       0x00000048   Zero   RW          104    .bss.htim2          tim.o
    0x200009b0        -       0x00000048   Zero   RW          105    .bss.htim3          tim.o
    0x200009f8        -       0x00000048   Zero   RW          106    .bss.htim4          tim.o
    0x20000a40        -       0x00000048   Zero   RW          107    .bss.htim5          tim.o
    0x20000a88        -       0x00000048   Zero   RW          108    .bss.htim9          tim.o
    0x20000ad0        -       0x00000048   Zero   RW          129    .bss.huart1         usart.o
    0x20000b18        -       0x00000048   Zero   RW          130    .bss.huart3         usart.o
    0x20000b60        -       0x00000048   Zero   RW          128    .bss.huart5         usart.o
    0x20000ba8        -       0x00000002   Zero   RW           37    .bss.pose_time      main.o
    0x20000baa        -       0x00000200   Zero   RW           32    .bss.ring_data      main.o
    0x20000daa        -       0x000001f4   Zero   RW           29    .bss.rx1_buffer     main.o
    0x20000f9e        -       0x00000001   Zero   RW           24    .bss.rx1_flag       main.o
    0x20000f9f   0x08006454   0x00000001   PAD
    0x20000fa0        -       0x00000002   Zero   RW           34    .bss.rx1_length     main.o
    0x20000fa2        -       0x000001f4   Zero   RW           31    .bss.rx3_buffer     main.o
    0x20001196        -       0x000001f4   Zero   RW           30    .bss.rx5_buffer     main.o
    0x2000138a        -       0x00000002   Zero   RW           36    .bss.t_time         main.o
    0x2000138c        -       0x00000004   Zero   RW          722    .bss.uwTick         stm32f4xx_hal.o
    0x20001390        -       0x00000200   Zero   RW            2    HEAP                startup_stm32f407xx.o
    0x20001590        -       0x00000400   Zero   RW            1    STACK               startup_stm32f407xx.o


    Execution Region RW_IRAM2 (Exec base: 0x2001c000, Load base: 0x08006458, Size: 0x00000000, Max: 0x00004000, ABSOLUTE)

    **** No section assigned to this execution region ****


==============================================================================

Image component sizes


      Code (inc. data)   RO Data    RW Data    ZI Data      Debug   Object Name

      1262         30          0          0          0       7667   cmdhandle.o
       550          0       1024          0          0       2573   crc.o
       156          0          0          0          0       3515   dma.o
       596          0          0          0          0       4337   gpio.o
       578          0          0          0          0       6952   hardware.o
      1978          0          0         51       2553      10173   main.o
        86          0          0          0          0       1979   ring.o
       122          0          0          0         32       3177   rtc.o
        64         26        392          0       1536        852   startup_stm32f407xx.o
       204          0          0          8          4       7313   stm32f4xx_hal.o
       242          0          0          0          0      10731   stm32f4xx_hal_cortex.o
      1146          6          8          0          0      10579   stm32f4xx_hal_dma.o
       316          0          0         32          0       5690   stm32f4xx_hal_flash.o
       158          0          0          0          0       5879   stm32f4xx_hal_flash_ex.o
       472          0          0          0          0       5441   stm32f4xx_hal_gpio.o
       138          0          0          0          0      15629   stm32f4xx_hal_hcd.o
        92          0          0          0          0       3539   stm32f4xx_hal_msp.o
      1484          4          0          0          0       7640   stm32f4xx_hal_rcc.o
       330          0          0          0          0       4551   stm32f4xx_hal_rcc_ex.o
       252          0          0          0          0      17252   stm32f4xx_hal_rtc.o
      2870          6          0          0          0      58492   stm32f4xx_hal_tim.o
       190          0          0          0          0      21939   stm32f4xx_hal_tim_ex.o
      4504          0          0          0          0      32807   stm32f4xx_hal_uart.o
       594          0          0          0          0       8187   stm32f4xx_it.o
      2252          0          0          0          0      37529   stm32f4xx_ll_usb.o
        18          0         24          4          0       2602   system_stm32f4xx.o
      1256          0          0          0        432      11570   tim.o
       250          8          0          0          0       1596   unpack.o
       948          0          0          0        792       7982   usart.o
       170          0          0          0        992       5218   usb_otg.o

    ----------------------------------------------------------------------
     23432         80       1482        100       6348     323391   Object Totals
         0          0         32          0          0          0   (incl. Generated)
       154          0          2          5          7          0   (incl. Padding)

    ----------------------------------------------------------------------

      Code (inc. data)   RO Data    RW Data    ZI Data      Debug   Library Member Name

         8          0          0          0          0         68   __main.o
         0          0          0          0          0          0   __rtentry.o
        12          0          0          0          0          0   __rtentry2.o
         6          0          0          0          0          0   __rtentry4.o
        94          8          0          0          0          0   __scatter.o
        26          0          0          0          0          0   __scatter_copy.o
        28          0          0          0          0          0   __scatter_zi.o
        18          0          0          0          0         80   exit.o
         6          0          0          0          0        152   heapauxi.o
         0          0          0          0          0          0   indicate_semi.o
         2          0          0          0          0          0   libinit.o
         6          0          0          0          0          0   libinit2.o
         2          0          0          0          0          0   libshutdown.o
         2          0          0          0          0          0   libshutdown2.o
         8          4          0          0         96         68   libspace.o
       240          0          0          0          0        100   lludivv7m.o
        78          0          0          0          0         80   rt_memclr_w.o
         2          0          0          0          0          0   rtexit.o
        10          0          0          0          0          0   rtexit2.o
        12          4          0          0          0         68   sys_exit.o
        74          0          0          0          0         80   sys_stackheap_outer.o
         2          0          0          0          0         68   use_no_semi.o
        26          0          0          0          0        116   fpinit.o

    ----------------------------------------------------------------------
       670         16          0          0         96        880   Library Totals
         8          0          0          0          0          0   (incl. Padding)

    ----------------------------------------------------------------------

      Code (inc. data)   RO Data    RW Data    ZI Data      Debug   Library Name

       636         16          0          0         96        764   c_w.l
        26          0          0          0          0        116   fz_wm.l

    ----------------------------------------------------------------------
       670         16          0          0         96        880   Library Totals

    ----------------------------------------------------------------------

==============================================================================


      Code (inc. data)   RO Data    RW Data    ZI Data      Debug   

     24102         96       1482        100       6444     323519   Grand Totals
     24102         96       1482        100       6444     323519   ELF Image Totals
     24102         96       1482        100          0          0   ROM Totals

==============================================================================

    Total RO  Size (Code + RO Data)                25584 (  24.98kB)
    Total RW  Size (RW Data + ZI Data)              6544 (   6.39kB)
    Total ROM Size (Code + RO Data + RW Data)      25684 (  25.08kB)

==============================================================================

