Component: Arm Compiler for Embedded 6.23 Tool: armlink [5f102400]

==============================================================================

Section Cross References

    startup_stm32f407xx.o(STACK) refers (Special) to heapauxi.o(.text) for __use_two_region_memory
    startup_stm32f407xx.o(HEAP) refers (Special) to heapauxi.o(.text) for __use_two_region_memory
    startup_stm32f407xx.o(RESET) refers (Special) to heapauxi.o(.text) for __use_two_region_memory
    startup_stm32f407xx.o(RESET) refers to startup_stm32f407xx.o(STACK) for __initial_sp
    startup_stm32f407xx.o(RESET) refers to startup_stm32f407xx.o(.text) for Reset_Handler
    startup_stm32f407xx.o(RESET) refers to stm32f4xx_it.o(.text.NMI_Handler) for NMI_Handler
    startup_stm32f407xx.o(RESET) refers to stm32f4xx_it.o(.text.HardFault_Handler) for HardFault_Handler
    startup_stm32f407xx.o(RESET) refers to stm32f4xx_it.o(.text.MemManage_Handler) for MemManage_Handler
    startup_stm32f407xx.o(RESET) refers to stm32f4xx_it.o(.text.BusFault_Handler) for BusFault_Handler
    startup_stm32f407xx.o(RESET) refers to stm32f4xx_it.o(.text.UsageFault_Handler) for UsageFault_Handler
    startup_stm32f407xx.o(RESET) refers to stm32f4xx_it.o(.text.SVC_Handler) for SVC_Handler
    startup_stm32f407xx.o(RESET) refers to stm32f4xx_it.o(.text.DebugMon_Handler) for DebugMon_Handler
    startup_stm32f407xx.o(RESET) refers to stm32f4xx_it.o(.text.PendSV_Handler) for PendSV_Handler
    startup_stm32f407xx.o(RESET) refers to stm32f4xx_it.o(.text.SysTick_Handler) for SysTick_Handler
    startup_stm32f407xx.o(RESET) refers to stm32f4xx_it.o(.text.FLASH_IRQHandler) for FLASH_IRQHandler
    startup_stm32f407xx.o(RESET) refers to stm32f4xx_it.o(.text.RCC_IRQHandler) for RCC_IRQHandler
    startup_stm32f407xx.o(RESET) refers to stm32f4xx_it.o(.text.EXTI2_IRQHandler) for EXTI2_IRQHandler
    startup_stm32f407xx.o(RESET) refers to stm32f4xx_it.o(.text.EXTI4_IRQHandler) for EXTI4_IRQHandler
    startup_stm32f407xx.o(RESET) refers to stm32f4xx_it.o(.text.DMA1_Stream0_IRQHandler) for DMA1_Stream0_IRQHandler
    startup_stm32f407xx.o(RESET) refers to stm32f4xx_it.o(.text.DMA1_Stream1_IRQHandler) for DMA1_Stream1_IRQHandler
    startup_stm32f407xx.o(RESET) refers to stm32f4xx_it.o(.text.DMA1_Stream3_IRQHandler) for DMA1_Stream3_IRQHandler
    startup_stm32f407xx.o(RESET) refers to stm32f4xx_it.o(.text.EXTI9_5_IRQHandler) for EXTI9_5_IRQHandler
    startup_stm32f407xx.o(RESET) refers to stm32f4xx_it.o(.text.TIM1_BRK_TIM9_IRQHandler) for TIM1_BRK_TIM9_IRQHandler
    startup_stm32f407xx.o(RESET) refers to stm32f4xx_it.o(.text.TIM2_IRQHandler) for TIM2_IRQHandler
    startup_stm32f407xx.o(RESET) refers to stm32f4xx_it.o(.text.TIM3_IRQHandler) for TIM3_IRQHandler
    startup_stm32f407xx.o(RESET) refers to stm32f4xx_it.o(.text.TIM4_IRQHandler) for TIM4_IRQHandler
    startup_stm32f407xx.o(RESET) refers to stm32f4xx_it.o(.text.USART1_IRQHandler) for USART1_IRQHandler
    startup_stm32f407xx.o(RESET) refers to stm32f4xx_it.o(.text.USART3_IRQHandler) for USART3_IRQHandler
    startup_stm32f407xx.o(RESET) refers to stm32f4xx_it.o(.text.EXTI15_10_IRQHandler) for EXTI15_10_IRQHandler
    startup_stm32f407xx.o(RESET) refers to stm32f4xx_it.o(.text.DMA1_Stream7_IRQHandler) for DMA1_Stream7_IRQHandler
    startup_stm32f407xx.o(RESET) refers to stm32f4xx_it.o(.text.UART5_IRQHandler) for UART5_IRQHandler
    startup_stm32f407xx.o(RESET) refers to stm32f4xx_it.o(.text.DMA2_Stream2_IRQHandler) for DMA2_Stream2_IRQHandler
    startup_stm32f407xx.o(RESET) refers to stm32f4xx_it.o(.text.DMA2_Stream7_IRQHandler) for DMA2_Stream7_IRQHandler
    startup_stm32f407xx.o(.text) refers (Special) to heapauxi.o(.text) for __use_two_region_memory
    startup_stm32f407xx.o(.text) refers to system_stm32f4xx.o(.text.SystemInit) for SystemInit
    startup_stm32f407xx.o(.text) refers to __main.o(!!!main) for __main
    startup_stm32f407xx.o(.text) refers to startup_stm32f407xx.o(HEAP) for Heap_Mem
    startup_stm32f407xx.o(.text) refers to startup_stm32f407xx.o(STACK) for Stack_Mem
    main.o(.text.main) refers to stm32f4xx_hal.o(.text.HAL_Init) for HAL_Init
    main.o(.text.main) refers to main.o(.text.SystemClock_Config) for SystemClock_Config
    main.o(.text.main) refers to gpio.o(.text.MX_GPIO_Init) for MX_GPIO_Init
    main.o(.text.main) refers to dma.o(.text.MX_DMA_Init) for MX_DMA_Init
    main.o(.text.main) refers to usart.o(.text.MX_USART1_UART_Init) for MX_USART1_UART_Init
    main.o(.text.main) refers to usart.o(.text.MX_USART3_UART_Init) for MX_USART3_UART_Init
    main.o(.text.main) refers to usb_otg.o(.text.MX_USB_OTG_FS_HCD_Init) for MX_USB_OTG_FS_HCD_Init
    main.o(.text.main) refers to rtc.o(.text.MX_RTC_Init) for MX_RTC_Init
    main.o(.text.main) refers to tim.o(.text.MX_TIM2_Init) for MX_TIM2_Init
    main.o(.text.main) refers to tim.o(.text.MX_TIM3_Init) for MX_TIM3_Init
    main.o(.text.main) refers to tim.o(.text.MX_TIM4_Init) for MX_TIM4_Init
[...]
    [Anonymous Symbol]                       0x080006a8   Section        0  stm32f4xx_it.o(.text.DebugMon_Handler)
    [Anonymous Symbol]                       0x080006ac   Section        0  stm32f4xx_it.o(.text.EXTI15_10_IRQHandler)
    [Anonymous Symbol]                       0x080006c4   Section        0  stm32f4xx_it.o(.text.EXTI2_IRQHandler)
    [Anonymous Symbol]                       0x080006cc   Section        0  stm32f4xx_it.o(.text.EXTI4_IRQHandler)
    [Anonymous Symbol]                       0x080006d4   Section        0  stm32f4xx_it.o(.text.EXTI9_5_IRQHandler)
    [Anonymous Symbol]                       0x080006e8   Section        0  main.o(.text.Error_Handler)
    [Anonymous Symbol]                       0x080006f0   Section        0  stm32f4xx_hal_flash_ex.o(.text.FLASH_Erase_Sector)
    [Anonymous Symbol]                       0x08000738   Section        0  stm32f4xx_hal_flash_ex.o(.text.FLASH_FlushCaches)
    [Anonymous Symbol]                       0x08000790   Section        0  stm32f4xx_it.o(.text.FLASH_IRQHandler)
    [Anonymous Symbol]                       0x08000794   Section        0  stm32f4xx_hal_dma.o(.text.HAL_DMA_Abort)
    [Anonymous Symbol]                       0x08000824   Section        0  stm32f4xx_hal_dma.o(.text.HAL_DMA_Abort_IT)
    [Anonymous Symbol]                       0x08000848   Section        0  stm32f4xx_hal_dma.o(.text.HAL_DMA_IRQHandler)
    [Anonymous Symbol]                       0x08000a0c   Section        0  stm32f4xx_hal_dma.o(.text.HAL_DMA_Init)
    [Anonymous Symbol]                       0x08000b70   Section        0  stm32f4xx_hal_dma.o(.text.HAL_DMA_Start_IT)
    [Anonymous Symbol]                       0x08000c14   Section        0  stm32f4xx_hal.o(.text.HAL_Delay)
    [Anonymous Symbol]                       0x08000c3c   Section        0  stm32f4xx_hal_flash.o(.text.HAL_FLASH_EndOfOperationCallback)
    [Anonymous Symbol]                       0x08000c40   Section        0  stm32f4xx_hal_flash.o(.text.HAL_FLASH_IRQHandler)
    [Anonymous Symbol]                       0x08000d78   Section        0  stm32f4xx_hal_flash.o(.text.HAL_FLASH_OperationErrorCallback)
    [Anonymous Symbol]                       0x08000d7c   Section        0  main.o(.text.HAL_GPIO_EXTI_Callback)
    [Anonymous Symbol]                       0x080010b8   Section        0  stm32f4xx_hal_gpio.o(.text.HAL_GPIO_EXTI_IRQHandler)
    [Anonymous Symbol]                       0x080010d0   Section        0  stm32f4xx_hal_gpio.o(.text.HAL_GPIO_Init)
    [Anonymous Symbol]                       0x08001270   Section        0  stm32f4xx_hal_gpio.o(.text.HAL_GPIO_ReadPin)
    [Anonymous Symbol]                       0x0800127c   Section        0  stm32f4xx_hal_gpio.o(.text.HAL_GPIO_TogglePin)
    [Anonymous Symbol]                       0x0800128c   Section        0  stm32f4xx_hal_gpio.o(.text.HAL_GPIO_WritePin)
    [Anonymous Symbol]                       0x08001298   Section        0  stm32f4xx_hal.o(.text.HAL_GetTick)
    [Anonymous Symbol]                       0x080012a4   Section        0  stm32f4xx_hal_hcd.o(.text.HAL_HCD_Init)
    [Anonymous Symbol]                       0x08001330   Section        0  usb_otg.o(.text.HAL_HCD_MspInit)
    [Anonymous Symbol]                       0x080013a8   Section        0  stm32f4xx_hal.o(.text.HAL_IncTick)
    [Anonymous Symbol]                       0x080013c4   Section        0  stm32f4xx_hal.o(.text.HAL_Init)
    [Anonymous Symbol]                       0x080013fc   Section        0  stm32f4xx_hal.o(.text.HAL_InitTick)
    [Anonymous Symbol]                       0x08001444   Section        0  stm32f4xx_hal_msp.o(.text.HAL_MspInit)
    [Anonymous Symbol]                       0x080014a0   Section        0  stm32f4xx_hal_cortex.o(.text.HAL_NVIC_EnableIRQ)
    [Anonymous Symbol]                       0x080014c4   Section        0  stm32f4xx_hal_cortex.o(.text.HAL_NVIC_SetPriority)
    [Anonymous Symbol]                       0x0800151c   Section        0  stm32f4xx_hal_cortex.o(.text.HAL_NVIC_SetPriorityGrouping)
    [Anonymous Symbol]                       0x0800153c   Section        0  stm32f4xx_hal_rcc_ex.o(.text.HAL_RCCEx_PeriphCLKConfig)
    [Anonymous Symbol]                       0x08001688   Section        0  stm32f4xx_hal_rcc.o(.text.HAL_RCC_ClockConfig)
    [Anonymous Symbol]                       0x080017ec   Section        0  stm32f4xx_hal_rcc.o(.text.HAL_RCC_GetPCLK1Freq)
    [Anonymous Symbol]                       0x08001814   Section        0  stm32f4xx_hal_rcc.o(.text.HAL_RCC_GetPCLK2Freq)
    [Anonymous Symbol]                       0x0800183c   Section        0  stm32f4xx_hal_rcc.o(.text.HAL_RCC_GetSysClockFreq)
    [Anonymous Symbol]                       0x080018ac   Section        0  stm32f4xx_hal_rcc.o(.text.HAL_RCC_OscConfig)
    [Anonymous Symbol]                       0x08001c58   Section        0  stm32f4xx_hal_rtc.o(.text.HAL_RTC_Init)
    [Anonymous Symbol]                       0x08001d54   Section        0  rtc.o(.text.HAL_RTC_MspInit)
    [Anonymous Symbol]                       0x08001d98   Section        0  stm32f4xx_hal_cortex.o(.text.HAL_SYSTICK_Config)
    [Anonymous Symbol]                       0x08001dc4   Section        0  stm32f4xx_hal_tim_ex.o(.text.HAL_TIMEx_BreakCallback)
    [Anonymous Symbol]                       0x08001dc8   Section        0  stm32f4xx_hal_tim_ex.o(.text.HAL_TIMEx_CommutCallback)
    [Anonymous Symbol]                       0x08001dcc   Section        0  stm32f4xx_hal_tim_ex.o(.text.HAL_TIMEx_MasterConfigSynchronization)
    [Anonymous Symbol]                       0x08001e88   Section        0  stm32f4xx_hal_tim.o(.text.HAL_TIM_Base_Init)
    [Anonymous Symbol]                       0x08001ee4   Section        0  tim.o(.text.HAL_TIM_Base_MspInit)
    [Anonymous Symbol]                       0x08001f9c   Section        0  stm32f4xx_hal_tim.o(.text.HAL_TIM_Base_Start_IT)
    [Anonymous Symbol]                       0x08002048   Section        0  stm32f4xx_hal_tim.o(.text.HAL_TIM_Base_Stop_IT)
    [Anonymous Symbol]                       0x08002084   Section        0  stm32f4xx_hal_tim.o(.text.HAL_TIM_ConfigClockSource)
    [Anonymous Symbol]                       0x08002224   Section        0  stm32f4xx_hal_tim.o(.text.HAL_TIM_Encoder_Init)
    [Anonymous Symbol]                       0x080022d8   Section        0  tim.o(.text.HAL_TIM_Encoder_MspInit)
    [Anonymous Symbol]                       0x08002384   Section        0  stm32f4xx_hal_tim.o(.text.HAL_TIM_Encoder_Start)
    [Anonymous Symbol]                       0x08002440   Section        0  stm32f4xx_hal_tim.o(.text.HAL_TIM_GenerateEvent)
    [Anonymous Symbol]                       0x08002464   Section        0  stm32f4xx_hal_tim.o(.text.HAL_TIM_IC_CaptureCallback)
    [Anonymous Symbol]                       0x08002468   Section        0  stm32f4xx_hal_tim.o(.text.HAL_TIM_IRQHandler)
    [Anonymous Symbol]                       0x080025b8   Section        0  stm32f4xx_hal_tim.o(.text.HAL_TIM_OC_DelayElapsedCallback)
    [Anonymous Symbol]                       0x080025bc   Section        0  stm32f4xx_hal_tim.o(.text.HAL_TIM_PWM_ConfigChannel)
    [Anonymous Symbol]                       0x080027dc   Section        0  stm32f4xx_hal_tim.o(.text.HAL_TIM_PWM_Init)
    [Anonymous Symbol]                       0x08002838   Section        0  stm32f4xx_hal_tim.o(.text.HAL_TIM_PWM_MspInit)
    [Anonymous Symbol]                       0x0800283c   Section        0  stm32f4xx_hal_tim.o(.text.HAL_TIM_PWM_PulseFinishedCallback)
    [Anonymous Symbol]                       0x08002840   Section        0  stm32f4xx_hal_tim.o(.text.HAL_TIM_PWM_Start)
    [Anonymous Symbol]                       0x08002950   Section        0  stm32f4xx_hal_tim.o(.text.HAL_TIM_PWM_Stop)
    [Anonymous Symbol]                       0x080029fc   Section        0  main.o(.text.HAL_TIM_PeriodElapsedCallback)
    [Anonymous Symbol]                       0x08002ab0   Section        0  stm32f4xx_hal_tim.o(.text.HAL_TIM_TriggerCallback)
    [Anonymous Symbol]                       0x08002ab4   Section        0  stm32f4xx_hal_uart.o(.text.HAL_UARTEx_RxEventCallback)
    [Anonymous Symbol]                       0x08002ab8   Section        0  stm32f4xx_hal_uart.o(.text.HAL_UART_DMAStop)
    [Anonymous Symbol]                       0x08002cd4   Section        0  stm32f4xx_hal_uart.o(.text.HAL_UART_ErrorCallback)
    [Anonymous Symbol]                       0x08002cd8   Section        0  stm32f4xx_hal_uart.o(.text.HAL_UART_IRQHandler)
    [Anonymous Symbol]                       0x0800326c   Section        0  stm32f4xx_hal_uart.o(.text.HAL_UART_Init)
    [Anonymous Symbol]                       0x080032cc   Section        0  usart.o(.text.HAL_UART_MspInit)
    [Anonymous Symbol]                       0x080035bc   Section        0  stm32f4xx_hal_uart.o(.text.HAL_UART_Receive_DMA)
    [Anonymous Symbol]                       0x0800373c   Section        0  stm32f4xx_hal_uart.o(.text.HAL_UART_RxCpltCallback)
    [Anonymous Symbol]                       0x08003740   Section        0  stm32f4xx_hal_uart.o(.text.HAL_UART_RxHalfCpltCallback)
    [Anonymous Symbol]                       0x08003744   Section        0  stm32f4xx_hal_uart.o(.text.HAL_UART_Transmit)
    [Anonymous Symbol]                       0x080038d8   Section        0  stm32f4xx_hal_uart.o(.text.HAL_UART_Transmit_DMA)
    [Anonymous Symbol]                       0x080039ac   Section        0  stm32f4xx_hal_uart.o(.text.HAL_UART_TxCpltCallback)
    [Anonymous Symbol]                       0x080039b0   Section        0  stm32f4xx_hal_uart.o(.text.HAL_UART_TxHalfCpltCallback)
    [Anonymous Symbol]                       0x080039b4   Section        0  stm32f4xx_it.o(.text.HardFault_Handler)
    [Anonymous Symbol]                       0x080039b8   Section        0  dma.o(.text.MX_DMA_Init)
    [Anonymous Symbol]                       0x08003a54   Section        0  gpio.o(.text.MX_GPIO_Init)
    [Anonymous Symbol]                       0x08003c9c   Section        0  rtc.o(.text.MX_RTC_Init)
    [Anonymous Symbol]                       0x08003cd4   Section        0  tim.o(.text.MX_TIM2_Init)
    [Anonymous Symbol]                       0x08003d3c   Section        0  tim.o(.text.MX_TIM3_Init)
    [Anonymous Symbol]                       0x08003db4   Section        0  tim.o(.text.MX_TIM4_Init)
    [Anonymous Symbol]                       0x08003e2c   Section        0  tim.o(.text.MX_TIM9_Init)
    [Anonymous Symbol]                       0x08003f20   Section        0  usart.o(.text.MX_UART5_Init)
    [Anonymous Symbol]                       0x08003f5c   Section        0  usart.o(.text.MX_USART1_UART_Init)
    [Anonymous Symbol]                       0x08003fa0   Section        0  usart.o(.text.MX_USART3_UART_Init)
    [Anonymous Symbol]                       0x08003fe4   Section        0  usb_otg.o(.text.MX_USB_OTG_FS_HCD_Init)
    [Anonymous Symbol]                       0x08004018   Section        0  stm32f4xx_it.o(.text.MemManage_Handler)
    [Anonymous Symbol]                       0x0800401c   Section        0  stm32f4xx_it.o(.text.NMI_Handler)
    [Anonymous Symbol]                       0x08004020   Section        0  stm32f4xx_it.o(.text.PendSV_Handler)
    [Anonymous Symbol]                       0x08004024   Section        0  stm32f4xx_it.o(.text.RCC_IRQHandler)
    [Anonymous Symbol]                       0x08004028   Section        0  stm32f4xx_it.o(.text.SVC_Handler)
    [Anonymous Symbol]                       0x0800402c   Section        0  hardware.o(.text.Send_motor1)
    [Anonymous Symbol]                       0x08004270   Section        0  stm32f4xx_it.o(.text.SysTick_Handler)
    [Anonymous Symbol]                       0x08004274   Section        0  main.o(.text.SystemClock_Config)
    [Anonymous Symbol]                       0x08004320   Section        0  system_stm32f4xx.o(.text.SystemInit)
    [Anonymous Symbol]                       0x08004334   Section        0  stm32f4xx_it.o(.text.TIM1_BRK_TIM9_IRQHandler)
    [Anonymous Symbol]                       0x08004340   Section        0  stm32f4xx_it.o(.text.TIM2_IRQHandler)
    [Anonymous Symbol]                       0x0800434c   Section        0  stm32f4xx_it.o(.text.TIM3_IRQHandler)
    [Anonymous Symbol]                       0x08004358   Section        0  stm32f4xx_it.o(.text.TIM4_IRQHandler)
    [Anonymous Symbol]                       0x08004364   Section        0  stm32f4xx_hal_tim.o(.text.TIM_Base_SetConfig)
    [Anonymous Symbol]                       0x080044a0   Section        0  stm32f4xx_it.o(.text.UART5_IRQHandler)
    UART_DMAAbortOnError                     0x0800452d   Thumb Code    10  stm32f4xx_hal_uart.o(.text.UART_DMAAbortOnError)
    [Anonymous Symbol]                       0x0800452c   Section        0  stm32f4xx_hal_uart.o(.text.UART_DMAAbortOnError)
    UART_DMAError                            0x08004539   Thumb Code   380  stm32f4xx_hal_uart.o(.text.UART_DMAError)
    [Anonymous Symbol]                       0x08004538   Section        0  stm32f4xx_hal_uart.o(.text.UART_DMAError)
    UART_DMAReceiveCplt                      0x080046b5   Thumb Code   350  stm32f4xx_hal_uart.o(.text.UART_DMAReceiveCplt)
    [Anonymous Symbol]                       0x080046b4   Section        0  stm32f4xx_hal_uart.o(.text.UART_DMAReceiveCplt)
    UART_DMARxHalfCplt                       0x08004815   Thumb Code    24  stm32f4xx_hal_uart.o(.text.UART_DMARxHalfCplt)
    [Anonymous Symbol]                       0x08004814   Section        0  stm32f4xx_hal_uart.o(.text.UART_DMARxHalfCplt)
    UART_DMATransmitCplt                     0x0800482d   Thumb Code   176  stm32f4xx_hal_uart.o(.text.UART_DMATransmitCplt)
    [Anonymous Symbol]                       0x0800482c   Section        0  stm32f4xx_hal_uart.o(.text.UART_DMATransmitCplt)
    UART_DMATxHalfCplt                       0x080048dd   Thumb Code     6  stm32f4xx_hal_uart.o(.text.UART_DMATxHalfCplt)
    [Anonymous Symbol]                       0x080048dc   Section        0  stm32f4xx_hal_uart.o(.text.UART_DMATxHalfCplt)
    UART_Receive_IT                          0x080048e5   Thumb Code   254  stm32f4xx_hal_uart.o(.text.UART_Receive_IT)
    [Anonymous Symbol]                       0x080048e4   Section        0  stm32f4xx_hal_uart.o(.text.UART_Receive_IT)
    UART_SetConfig                           0x080049e5   Thumb Code   230  stm32f4xx_hal_uart.o(.text.UART_SetConfig)
    [Anonymous Symbol]                       0x080049e4   Section        0  stm32f4xx_hal_uart.o(.text.UART_SetConfig)
    [Anonymous Symbol]                       0x08004acc   Section        0  stm32f4xx_it.o(.text.USART1_IRQHandler)
    [Anonymous Symbol]                       0x08004b58   Section        0  stm32f4xx_it.o(.text.USART3_IRQHandler)
    [Anonymous Symbol]                       0x08004bd0   Section        0  stm32f4xx_ll_usb.o(.text.USB_CoreInit)
    [Anonymous Symbol]                       0x08004e48   Section        0  stm32f4xx_ll_usb.o(.text.USB_DisableGlobalInt)
    [Anonymous Symbol]                       0x08004e58   Section        0  stm32f4xx_ll_usb.o(.text.USB_HostInit)
    [Anonymous Symbol]                       0x08005138   Section        0  stm32f4xx_ll_usb.o(.text.USB_SetCurrentMode)
    [Anonymous Symbol]                       0x080054a0   Section        0  stm32f4xx_it.o(.text.UsageFault_Handler)
    [Anonymous Symbol]                       0x080054a4   Section        0  crc.o(.text.crc16_head_check)
    [Anonymous Symbol]                       0x080055a0   Section        0  crc.o(.text.crc16_make)
    [Anonymous Symbol]                       0x08005688   Section        0  crc.o(.text.generate_head_crc)
    [Anonymous Symbol]                       0x080056cc   Section        0  main.o(.text.main)
    [Anonymous Symbol]                       0x08005984   Section        0  ring.o(.text.ring_buf_avail)
    [Anonymous Symbol]                       0x080059a8   Section        0  ring.o(.text.ring_buf_init)
    [Anonymous Symbol]                       0x080059b8   Section        0  ring.o(.text.ring_buf_read)
    [Anonymous Symbol]                       0x080059cc   Section        0  ring.o(.text.ring_buf_write)
    [Anonymous Symbol]                       0x08005a00   Section        0  unpack.o(.text.unpack_fun)
    [Anonymous Symbol]                       0x08005af0   Section        0  unpack.o(.text.unpack_init)
    $v0                                      0x08005afc   Number         0  fpinit.o(x$fpl$fpinit)
    x$fpl$fpinit                             0x08005afc   Section       26  fpinit.o(x$fpl$fpinit)
    CRC16Table                               0x08005b30   Data        1024  crc.o(.rodata.CRC16Table)
    [Anonymous Symbol]                       0x08005b30   Section        0  crc.o(.rodata.CRC16Table)
    DMA_CalcBaseAndBitshift.flagBitshiftOffset 0x08005f30   Data           8  stm32f4xx_hal_dma.o(.rodata.cst8)
    [Anonymous Symbol]                       0x08005f30   Section        0  stm32f4xx_hal_dma.o(.rodata.cst8)
    .L_MergedGlobals                         0x20000000   Data           8  stm32f4xx_hal.o(.data..L_MergedGlobals)
    [Anonymous Symbol]                       0x20000000   Section        0  stm32f4xx_hal.o(.data..L_MergedGlobals)
    .bss                                     0x20000020   Section       96  libspace.o(.bss)
    .L_MergedGlobals                         0x20000080   Data          33  main.o(.bss..L_MergedGlobals)
    [Anonymous Symbol]                       0x20000080   Section        0  main.o(.bss..L_MergedGlobals)
    Heap_Mem                                 0x20000e38   Data         512  startup_stm32f407xx.o(HEAP)
    HEAP                                     0x20000e38   Section      512  startup_stm32f407xx.o(HEAP)
    Stack_Mem                                0x20001038   Data        1024  startup_stm32f407xx.o(STACK)
    STACK                                    0x20001038   Section     1024  startup_stm32f407xx.o(STACK)
    __initial_sp                             0x20001438   Data           0  startup_stm32f407xx.o(STACK)

    Global Symbols

    Symbol Name                              Value     Ov Type        Size  Object(Section)

    BuildAttributes$$THM_ISAv4$E$P$D$K$B$S$7EM$VFPi3$EXTD16$VFPS$VFMA$PE$A:L22UL41UL21$X:L11$S22US41US21$IEEE1$IW$~IW$USESV6$~STKCKD$USESV7$~SHL$OTIME$ROPI$EBA8$UX$STANDARDLIB$REQ8$PRES8$EABIv2 0x00000000   Number         0  anon$$obj.o ABSOLUTE
    __ARM_exceptions_init                     - Undefined Weak Reference
    __alloca_initialize                       - Undefined Weak Reference
    __arm_preinit_                            - Undefined Weak Reference
    __arm_relocate_pie_                       - Undefined Weak Reference
    __cpp_initialize__aeabi_                  - Undefined Weak Reference
    __cxa_finalize                            - Undefined Weak Reference
    __rt_locale                               - Undefined Weak Reference
    __sigvec_lookup                           - Undefined Weak Reference
    _atexit_init                              - Undefined Weak Reference
    _call_atexit_fns                          - Undefined Weak Reference
    _clock_init                               - Undefined Weak Reference
    _fp_trap_init                             - Undefined Weak Reference
    _fp_trap_shutdown                         - Undefined Weak Reference
    _get_lc_collate                           - Undefined Weak Reference
    _get_lc_ctype                             - Undefined Weak Reference
    _get_lc_monetary                          - Undefined Weak Reference
    _get_lc_numeric                           - Undefined Weak Reference
    _get_lc_time                              - Undefined Weak Reference
    _getenv_init                              - Undefined Weak Reference
    _handle_redirection                       - Undefined Weak Reference
    _init_alloc                               - Undefined Weak Reference
    _init_user_alloc                          - Undefined Weak Reference
    _initio                                   - Undefined Weak Reference
    _rand_init                                - Undefined Weak Reference
    _signal_finish                            - Undefined Weak Reference
    _signal_init                              - Undefined Weak Reference
    _terminate_alloc                          - Undefined Weak Reference
    _terminate_user_alloc                     - Undefined Weak Reference
    _terminateio                              - Undefined Weak Reference
    __Vectors_Size                           0x00000188   Number         0  startup_stm32f407xx.o ABSOLUTE
    __Vectors                                0x08000000   Data           4  startup_stm32f407xx.o(RESET)
    __Vectors_End                            0x08000188   Data           0  startup_stm32f407xx.o(RESET)
    __main                                   0x08000189   Thumb Code     8  __main.o(!!!main)
    __scatterload                            0x08000191   Thumb Code     0  __scatter.o(!!!scatter)
    __scatterload_rt2                        0x08000191   Thumb Code    84  __scatter.o(!!!scatter)
    __scatterload_rt2_thumb_only             0x08000191   Thumb Code     0  __scatter.o(!!!scatter)
    __scatterload_loop                       0x0800019b   Thumb Code     0  __scatter.o(!!!scatter)
    __scatterload_copy                       0x080001ed   Thumb Code    26  __scatter_copy.o(!!handler_copy)
    __scatterload_null                       0x08000209   Thumb Code     2  __scatter.o(!!handler_null)
    __scatterload_zeroinit                   0x0800020d   Thumb Code    28  __scatter_zi.o(!!handler_zi)
    __rt_lib_init                            0x08000229   Thumb Code     0  libinit.o(.ARM.Collect$$libinit$$00000000)
    __rt_lib_init_fp_1                       0x0800022b   Thumb Code     0  libinit2.o(.ARM.Collect$$libinit$$00000001)
    __rt_lib_init_alloca_1                   0x0800022f   Thumb Code     0  libinit2.o(.ARM.Collect$$libinit$$00000030)
    __rt_lib_init_argv_1                     0x0800022f   Thumb Code     0  libinit2.o(.ARM.Collect$$libinit$$0000002E)
    __rt_lib_init_atexit_1                   0x0800022f   Thumb Code     0  libinit2.o(.ARM.Collect$$libinit$$0000001D)
    __rt_lib_init_clock_1                    0x0800022f   Thumb Code     0  libinit2.o(.ARM.Collect$$libinit$$00000023)
    __rt_lib_init_cpp_1                      0x0800022f   Thumb Code     0  libinit2.o(.ARM.Collect$$libinit$$00000034)
    __rt_lib_init_exceptions_1               0x0800022f   Thumb Code     0  libinit2.o(.ARM.Collect$$libinit$$00000032)
    __rt_lib_init_fp_trap_1                  0x0800022f   Thumb Code     0  libinit2.o(.ARM.Collect$$libinit$$00000021)
    __rt_lib_init_getenv_1                   0x0800022f   Thumb Code     0  libinit2.o(.ARM.Collect$$libinit$$00000025)
    __rt_lib_init_heap_1                     0x0800022f   Thumb Code     0  libinit2.o(.ARM.Collect$$libinit$$0000000C)
    __rt_lib_init_lc_collate_1               0x0800022f   Thumb Code     0  libinit2.o(.ARM.Collect$$libinit$$00000013)
    __rt_lib_init_lc_ctype_1                 0x0800022f   Thumb Code     0  libinit2.o(.ARM.Collect$$libinit$$00000015)
    __rt_lib_init_lc_monetary_1              0x0800022f   Thumb Code     0  libinit2.o(.ARM.Collect$$libinit$$00000017)
    __rt_lib_init_lc_numeric_1               0x0800022f   Thumb Code     0  libinit2.o(.ARM.Collect$$libinit$$00000019)
    __rt_lib_init_lc_time_1                  0x0800022f   Thumb Code     0  libinit2.o(.ARM.Collect$$libinit$$0000001B)
    __rt_lib_init_preinit_1                  0x0800022f   Thumb Code     0  libinit2.o(.ARM.Collect$$libinit$$00000006)
    __rt_lib_init_rand_1                     0x0800022f   Thumb Code     0  libinit2.o(.ARM.Collect$$libinit$$00000010)
    __rt_lib_init_relocate_pie_1             0x0800022f   Thumb Code     0  libinit2.o(.ARM.Collect$$libinit$$00000004)
    __rt_lib_init_return                     0x0800022f   Thumb Code     0  libinit2.o(.ARM.Collect$$libinit$$00000035)
    __rt_lib_init_signal_1                   0x0800022f   Thumb Code     0  libinit2.o(.ARM.Collect$$libinit$$0000001F)
    __rt_lib_init_stdio_1                    0x0800022f   Thumb Code     0  libinit2.o(.ARM.Collect$$libinit$$00000027)
    __rt_lib_init_user_alloc_1               0x0800022f   Thumb Code     0  libinit2.o(.ARM.Collect$$libinit$$0000000E)
    __rt_lib_shutdown                        0x08000231   Thumb Code     0  libshutdown.o(.ARM.Collect$$libshutdown$$00000000)
    __rt_lib_shutdown_cpp_1                  0x08000233   Thumb Code     0  libshutdown2.o(.ARM.Collect$$libshutdown$$00000002)
    __rt_lib_shutdown_fp_trap_1              0x08000233   Thumb Code     0  libshutdown2.o(.ARM.Collect$$libshutdown$$00000007)
    __rt_lib_shutdown_heap_1                 0x08000233   Thumb Code     0  libshutdown2.o(.ARM.Collect$$libshutdown$$0000000F)
    __rt_lib_shutdown_return                 0x08000233   Thumb Code     0  libshutdown2.o(.ARM.Collect$$libshutdown$$00000010)
    __rt_lib_shutdown_signal_1               0x08000233   Thumb Code     0  libshutdown2.o(.ARM.Collect$$libshutdown$$0000000A)
    __rt_lib_shutdown_stdio_1                0x08000233   Thumb Code     0  libshutdown2.o(.ARM.Collect$$libshutdown$$00000004)
    __rt_lib_shutdown_user_alloc_1           0x08000233   Thumb Code     0  libshutdown2.o(.ARM.Collect$$libshutdown$$0000000C)
    __rt_entry                               0x08000235   Thumb Code     0  __rtentry.o(.ARM.Collect$$rtentry$$00000000)
    __rt_entry_presh_1                       0x08000235   Thumb Code     0  __rtentry2.o(.ARM.Collect$$rtentry$$00000002)
    __rt_entry_sh                            0x08000235   Thumb Code     0  __rtentry4.o(.ARM.Collect$$rtentry$$00000004)
    __rt_entry_li                            0x0800023b   Thumb Code     0  __rtentry2.o(.ARM.Collect$$rtentry$$0000000A)
    __rt_entry_postsh_1                      0x0800023b   Thumb Code     0  __rtentry2.o(.ARM.Collect$$rtentry$$00000009)
    __rt_entry_main                          0x0800023f   Thumb Code     0  __rtentry2.o(.ARM.Collect$$rtentry$$0000000D)
    __rt_entry_postli_1                      0x0800023f   Thumb Code     0  __rtentry2.o(.ARM.Collect$$rtentry$$0000000C)
    __rt_exit                                0x08000247   Thumb Code     0  rtexit.o(.ARM.Collect$$rtexit$$00000000)
    __rt_exit_ls                             0x08000249   Thumb Code     0  rtexit2.o(.ARM.Collect$$rtexit$$00000003)
    __rt_exit_prels_1                        0x08000249   Thumb Code     0  rtexit2.o(.ARM.Collect$$rtexit$$00000002)
    __rt_exit_exit                           0x0800024d   Thumb Code     0  rtexit2.o(.ARM.Collect$$rtexit$$00000004)
    Reset_Handler                            0x08000255   Thumb Code     8  startup_stm32f407xx.o(.text)
    ADC_IRQHandler                           0x0800026f   Thumb Code     0  startup_stm32f407xx.o(.text)
    CAN1_RX0_IRQHandler                      0x0800026f   Thumb Code     0  startup_stm32f407xx.o(.text)
    CAN1_RX1_IRQHandler                      0x0800026f   Thumb Code     0  startup_stm32f407xx.o(.text)
    CAN1_SCE_IRQHandler                      0x0800026f   Thumb Code     0  startup_stm32f407xx.o(.text)
    CAN1_TX_IRQHandler                       0x0800026f   Thumb Code     0  startup_stm32f407xx.o(.text)
    CAN2_RX0_IRQHandler                      0x0800026f   Thumb Code     0  startup_stm32f407xx.o(.text)
    CAN2_RX1_IRQHandler                      0x0800026f   Thumb Code     0  startup_stm32f407xx.o(.text)
    CAN2_SCE_IRQHandler                      0x0800026f   Thumb Code     0  startup_stm32f407xx.o(.text)
    CAN2_TX_IRQHandler                       0x0800026f   Thumb Code     0  startup_stm32f407xx.o(.text)
    DCMI_IRQHandler                          0x0800026f   Thumb Code     0  startup_stm32f407xx.o(.text)
    DMA1_Stream2_IRQHandler                  0x0800026f   Thumb Code     0  startup_stm32f407xx.o(.text)
    DMA1_Stream4_IRQHandler                  0x0800026f   Thumb Code     0  startup_stm32f407xx.o(.text)
    DMA1_Stream5_IRQHandler                  0x0800026f   Thumb Code     0  startup_stm32f407xx.o(.text)
    DMA1_Stream6_IRQHandler                  0x0800026f   Thumb Code     0  startup_stm32f407xx.o(.text)
    DMA2_Stream0_IRQHandler                  0x0800026f   Thumb Code     0  startup_stm32f407xx.o(.text)
    DMA2_Stream1_IRQHandler                  0x0800026f   Thumb Code     0  startup_stm32f407xx.o(.text)
    DMA2_Stream3_IRQHandler                  0x0800026f   Thumb Code     0  startup_stm32f407xx.o(.text)
    DMA2_Stream4_IRQHandler                  0x0800026f   Thumb Code     0  startup_stm32f407xx.o(.text)
    DMA2_Stream5_IRQHandler                  0x0800026f   Thumb Code     0  startup_stm32f407xx.o(.text)
    DMA2_Stream6_IRQHandler                  0x0800026f   Thumb Code     0  startup_stm32f407xx.o(.text)
    ETH_IRQHandler                           0x0800026f   Thumb Code     0  startup_stm32f407xx.o(.text)
    ETH_WKUP_IRQHandler                      0x0800026f   Thumb Code     0  startup_stm32f407xx.o(.text)
    EXTI0_IRQHandler                         0x0800026f   Thumb Code     0  startup_stm32f407xx.o(.text)
    EXTI1_IRQHandler                         0x0800026f   Thumb Code     0  startup_stm32f407xx.o(.text)
    EXTI3_IRQHandler                         0x0800026f   Thumb Code     0  startup_stm32f407xx.o(.text)
    FMC_IRQHandler                           0x0800026f   Thumb Code     0  startup_stm32f407xx.o(.text)
    FPU_IRQHandler                           0x0800026f   Thumb Code     0  startup_stm32f407xx.o(.text)
    HASH_RNG_IRQHandler                      0x0800026f   Thumb Code     0  startup_stm32f407xx.o(.text)
    I2C1_ER_IRQHandler                       0x0800026f   Thumb Code     0  startup_stm32f407xx.o(.text)
    I2C1_EV_IRQHandler                       0x0800026f   Thumb Code     0  startup_stm32f407xx.o(.text)
    I2C2_ER_IRQHandler                       0x0800026f   Thumb Code     0  startup_stm32f407xx.o(.text)
    I2C2_EV_IRQHandler                       0x0800026f   Thumb Code     0  startup_stm32f407xx.o(.text)
    I2C3_ER_IRQHandler                       0x0800026f   Thumb Code     0  startup_stm32f407xx.o(.text)
    I2C3_EV_IRQHandler                       0x0800026f   Thumb Code     0  startup_stm32f407xx.o(.text)
    OTG_FS_IRQHandler                        0x0800026f   Thumb Code     0  startup_stm32f407xx.o(.text)
    OTG_FS_WKUP_IRQHandler                   0x0800026f   Thumb Code     0  startup_stm32f407xx.o(.text)
    OTG_HS_EP1_IN_IRQHandler                 0x0800026f   Thumb Code     0  startup_stm32f407xx.o(.text)
    OTG_HS_EP1_OUT_IRQHandler                0x0800026f   Thumb Code     0  startup_stm32f407xx.o(.text)
    OTG_HS_IRQHandler                        0x0800026f   Thumb Code     0  startup_stm32f407xx.o(.text)
    OTG_HS_WKUP_IRQHandler                   0x0800026f   Thumb Code     0  startup_stm32f407xx.o(.text)
    PVD_IRQHandler                           0x0800026f   Thumb Code     0  startup_stm32f407xx.o(.text)
    RTC_Alarm_IRQHandler                     0x0800026f   Thumb Code     0  startup_stm32f407xx.o(.text)
    RTC_WKUP_IRQHandler                      0x0800026f   Thumb Code     0  startup_stm32f407xx.o(.text)
    SDIO_IRQHandler                          0x0800026f   Thumb Code     0  startup_stm32f407xx.o(.text)
    SPI1_IRQHandler                          0x0800026f   Thumb Code     0  startup_stm32f407xx.o(.text)
    SPI2_IRQHandler                          0x0800026f   Thumb Code     0  startup_stm32f407xx.o(.text)
    SPI3_IRQHandler                          0x0800026f   Thumb Code     0  startup_stm32f407xx.o(.text)
    TAMP_STAMP_IRQHandler                    0x0800026f   Thumb Code     0  startup_stm32f407xx.o(.text)
    TIM1_CC_IRQHandler                       0x0800026f   Thumb Code     0  startup_stm32f407xx.o(.text)
    TIM1_TRG_COM_TIM11_IRQHandler            0x0800026f   Thumb Code     0  startup_stm32f407xx.o(.text)
    TIM1_UP_TIM10_IRQHandler                 0x0800026f   Thumb Code     0  startup_stm32f407xx.o(.text)
    TIM5_IRQHandler                          0x0800026f   Thumb Code     0  startup_stm32f407xx.o(.text)
    TIM6_DAC_IRQHandler                      0x0800026f   Thumb Code     0  startup_stm32f407xx.o(.text)
    TIM7_IRQHandler                          0x0800026f   Thumb Code     0  startup_stm32f407xx.o(.text)
    TIM8_BRK_TIM12_IRQHandler                0x0800026f   Thumb Code     0  startup_stm32f407xx.o(.text)
    TIM8_CC_IRQHandler                       0x0800026f   Thumb Code     0  startup_stm32f407xx.o(.text)
    TIM8_TRG_COM_TIM14_IRQHandler            0x0800026f   Thumb Code     0  startup_stm32f407xx.o(.text)
    TIM8_UP_TIM13_IRQHandler                 0x0800026f   Thumb Code     0  startup_stm32f407xx.o(.text)
    UART4_IRQHandler                         0x0800026f   Thumb Code     0  startup_stm32f407xx.o(.text)
    USART2_IRQHandler                        0x0800026f   Thumb Code     0  startup_stm32f407xx.o(.text)
    USART6_IRQHandler                        0x0800026f   Thumb Code     0  startup_stm32f407xx.o(.text)
    WWDG_IRQHandler                          0x0800026f   Thumb Code     0  startup_stm32f407xx.o(.text)
    __user_initial_stackheap                 0x08000271   Thumb Code     0  startup_stm32f407xx.o(.text)
    __aeabi_uldivmod                         0x08000295   Thumb Code     0  lludivv7m.o(.text)
    _ll_udiv                                 0x08000295   Thumb Code   240  lludivv7m.o(.text)
    __aeabi_memclr4                          0x08000385   Thumb Code     0  rt_memclr_w.o(.text)
    __aeabi_memclr8                          0x08000385   Thumb Code     0  rt_memclr_w.o(.text)
    __rt_memclr_w                            0x08000385   Thumb Code     0  rt_memclr_w.o(.text)
    _memset_w                                0x08000389   Thumb Code    74  rt_memclr_w.o(.text)
    __use_two_region_memory                  0x080003d3   Thumb Code     2  heapauxi.o(.text)
    __rt_heap_escrow$2region                 0x080003d5   Thumb Code     2  heapauxi.o(.text)
    __rt_heap_expand$2region                 0x080003d7   Thumb Code     2  heapauxi.o(.text)
    __user_setup_stackheap                   0x080003d9   Thumb Code    74  sys_stackheap_outer.o(.text)
    exit                                     0x08000423   Thumb Code    18  exit.o(.text)
    __user_libspace                          0x08000435   Thumb Code     8  libspace.o(.text)
    __user_perproc_libspace                  0x08000435   Thumb Code     0  libspace.o(.text)
    __user_perthread_libspace                0x08000435   Thumb Code     0  libspace.o(.text)
    _sys_exit                                0x0800043d   Thumb Code     8  sys_exit.o(.text)
    __I$use$semihosting                      0x08000449   Thumb Code     0  use_no_semi.o(.text)
    __use_no_semihosting_swi                 0x08000449   Thumb Code     2  use_no_semi.o(.text)
    __semihosting_library_function           0x0800044b   Thumb Code     0  indicate_semi.o(.text)
    BusFault_Handler                         0x0800044d   Thumb Code     2  stm32f4xx_it.o(.text.BusFault_Handler)
    CMD_handlder_fun                         0x08000451   Thumb Code   482  cmdhandle.o(.text.CMD_handlder_fun)
    CMD_handlder_tx                          0x08000635   Thumb Code    42  cmdhandle.o(.text.CMD_handlder_tx)
    DMA1_Stream0_IRQHandler                  0x08000661   Thumb Code    12  stm32f4xx_it.o(.text.DMA1_Stream0_IRQHandler)
    DMA1_Stream1_IRQHandler                  0x0800066d   Thumb Code    12  stm32f4xx_it.o(.text.DMA1_Stream1_IRQHandler)
    DMA1_Stream3_IRQHandler                  0x08000679   Thumb Code    12  stm32f4xx_it.o(.text.DMA1_Stream3_IRQHandler)
    DMA1_Stream7_IRQHandler                  0x08000685   Thumb Code    12  stm32f4xx_it.o(.text.DMA1_Stream7_IRQHandler)
    DMA2_Stream2_IRQHandler                  0x08000691   Thumb Code    12  stm32f4xx_it.o(.text.DMA2_Stream2_IRQHandler)
    DMA2_Stream7_IRQHandler                  0x0800069d   Thumb Code    12  stm32f4xx_it.o(.text.DMA2_Stream7_IRQHandler)
    DebugMon_Handler                         0x080006a9   Thumb Code     2  stm32f4xx_it.o(.text.DebugMon_Handler)
    EXTI15_10_IRQHandler                     0x080006ad   Thumb Code    22  stm32f4xx_it.o(.text.EXTI15_10_IRQHandler)
    EXTI2_IRQHandler                         0x080006c5   Thumb Code     6  stm32f4xx_it.o(.text.EXTI2_IRQHandler)
    EXTI4_IRQHandler                         0x080006cd   Thumb Code     6  stm32f4xx_it.o(.text.EXTI4_IRQHandler)
    EXTI9_5_IRQHandler                       0x080006d5   Thumb Code    18  stm32f4xx_it.o(.text.EXTI9_5_IRQHandler)
    Error_Handler                            0x080006e9   Thumb Code     6  main.o(.text.Error_Handler)
    FLASH_Erase_Sector                       0x080006f1   Thumb Code    70  stm32f4xx_hal_flash_ex.o(.text.FLASH_Erase_Sector)
    FLASH_FlushCaches                        0x08000739   Thumb Code    88  stm32f4xx_hal_flash_ex.o(.text.FLASH_FlushCaches)
    FLASH_IRQHandler                         0x08000791   Thumb Code     4  stm32f4xx_it.o(.text.FLASH_IRQHandler)
    HAL_DMA_Abort                            0x08000795   Thumb Code   142  stm32f4xx_hal_dma.o(.text.HAL_DMA_Abort)
    HAL_DMA_Abort_IT                         0x08000825   Thumb Code    36  stm32f4xx_hal_dma.o(.text.HAL_DMA_Abort_IT)
    HAL_DMA_IRQHandler                       0x08000849   Thumb Code   452  stm32f4xx_hal_dma.o(.text.HAL_DMA_IRQHandler)
    HAL_DMA_Init                             0x08000a0d   Thumb Code   354  stm32f4xx_hal_dma.o(.text.HAL_DMA_Init)
    HAL_DMA_Start_IT                         0x08000b71   Thumb Code   162  stm32f4xx_hal_dma.o(.text.HAL_DMA_Start_IT)
    HAL_Delay                                0x08000c15   Thumb Code    40  stm32f4xx_hal.o(.text.HAL_Delay)
    HAL_FLASH_EndOfOperationCallback         0x08000c3d   Thumb Code     2  stm32f4xx_hal_flash.o(.text.HAL_FLASH_EndOfOperationCallback)
    HAL_FLASH_IRQHandler                     0x08000c41   Thumb Code   312  stm32f4xx_hal_flash.o(.text.HAL_FLASH_IRQHandler)
    HAL_FLASH_OperationErrorCallback         0x08000d79   Thumb Code     2  stm32f4xx_hal_flash.o(.text.HAL_FLASH_OperationErrorCallback)
    HAL_GPIO_EXTI_Callback                   0x08000d7d   Thumb Code   828  main.o(.text.HAL_GPIO_EXTI_Callback)
    HAL_GPIO_EXTI_IRQHandler                 0x080010b9   Thumb Code    22  stm32f4xx_hal_gpio.o(.text.HAL_GPIO_EXTI_IRQHandler)
    HAL_GPIO_Init                            0x080010d1   Thumb Code   414  stm32f4xx_hal_gpio.o(.text.HAL_GPIO_Init)
    HAL_GPIO_ReadPin                         0x08001271   Thumb Code    10  stm32f4xx_hal_gpio.o(.text.HAL_GPIO_ReadPin)
    HAL_GPIO_TogglePin                       0x0800127d   Thumb Code    16  stm32f4xx_hal_gpio.o(.text.HAL_GPIO_TogglePin)
    HAL_GPIO_WritePin                        0x0800128d   Thumb Code    10  stm32f4xx_hal_gpio.o(.text.HAL_GPIO_WritePin)
    HAL_GetTick                              0x08001299   Thumb Code    12  stm32f4xx_hal.o(.text.HAL_GetTick)
    HAL_HCD_Init                             0x080012a5   Thumb Code   138  stm32f4xx_hal_hcd.o(.text.HAL_HCD_Init)
    HAL_HCD_MspInit                          0x08001331   Thumb Code   120  usb_otg.o(.text.HAL_HCD_MspInit)
    HAL_IncTick                              0x080013a9   Thumb Code    26  stm32f4xx_hal.o(.text.HAL_IncTick)
    HAL_Init                                 0x080013c5   Thumb Code    54  stm32f4xx_hal.o(.text.HAL_Init)
    HAL_InitTick                             0x080013fd   Thumb Code    72  stm32f4xx_hal.o(.text.HAL_InitTick)
    HAL_MspInit                              0x08001445   Thumb Code    92  stm32f4xx_hal_msp.o(.text.HAL_MspInit)
    HAL_NVIC_EnableIRQ                       0x080014a1   Thumb Code    34  stm32f4xx_hal_cortex.o(.text.HAL_NVIC_EnableIRQ)
    HAL_NVIC_SetPriority                     0x080014c5   Thumb Code    86  stm32f4xx_hal_cortex.o(.text.HAL_NVIC_SetPriority)
    HAL_NVIC_SetPriorityGrouping             0x0800151d   Thumb Code    32  stm32f4xx_hal_cortex.o(.text.HAL_NVIC_SetPriorityGrouping)
    HAL_RCCEx_PeriphCLKConfig                0x0800153d   Thumb Code   330  stm32f4xx_hal_rcc_ex.o(.text.HAL_RCCEx_PeriphCLKConfig)
    HAL_RCC_ClockConfig                      0x08001689   Thumb Code   356  stm32f4xx_hal_rcc.o(.text.HAL_RCC_ClockConfig)
    HAL_RCC_GetPCLK1Freq                     0x080017ed   Thumb Code    38  stm32f4xx_hal_rcc.o(.text.HAL_RCC_GetPCLK1Freq)
    HAL_RCC_GetPCLK2Freq                     0x08001815   Thumb Code    38  stm32f4xx_hal_rcc.o(.text.HAL_RCC_GetPCLK2Freq)
    HAL_RCC_GetSysClockFreq                  0x0800183d   Thumb Code   112  stm32f4xx_hal_rcc.o(.text.HAL_RCC_GetSysClockFreq)
    HAL_RCC_OscConfig                        0x080018ad   Thumb Code   940  stm32f4xx_hal_rcc.o(.text.HAL_RCC_OscConfig)
    HAL_RTC_Init                             0x08001c59   Thumb Code   252  stm32f4xx_hal_rtc.o(.text.HAL_RTC_Init)
    HAL_RTC_MspInit                          0x08001d55   Thumb Code    68  rtc.o(.text.HAL_RTC_MspInit)
    HAL_SYSTICK_Config                       0x08001d99   Thumb Code    44  stm32f4xx_hal_cortex.o(.text.HAL_SYSTICK_Config)
    HAL_TIMEx_BreakCallback                  0x08001dc5   Thumb Code     2  stm32f4xx_hal_tim_ex.o(.text.HAL_TIMEx_BreakCallback)
    HAL_TIMEx_CommutCallback                 0x08001dc9   Thumb Code     2  stm32f4xx_hal_tim_ex.o(.text.HAL_TIMEx_CommutCallback)
    HAL_TIMEx_MasterConfigSynchronization    0x08001dcd   Thumb Code   186  stm32f4xx_hal_tim_ex.o(.text.HAL_TIMEx_MasterConfigSynchronization)
    HAL_TIM_Base_Init                        0x08001e89   Thumb Code    90  stm32f4xx_hal_tim.o(.text.HAL_TIM_Base_Init)
    HAL_TIM_Base_MspInit                     0x08001ee5   Thumb Code   182  tim.o(.text.HAL_TIM_Base_MspInit)
    HAL_TIM_Base_Start_IT                    0x08001f9d   Thumb Code   170  stm32f4xx_hal_tim.o(.text.HAL_TIM_Base_Start_IT)
    HAL_TIM_Base_Stop_IT                     0x08002049   Thumb Code    60  stm32f4xx_hal_tim.o(.text.HAL_TIM_Base_Stop_IT)
    HAL_TIM_ConfigClockSource                0x08002085   Thumb Code   416  stm32f4xx_hal_tim.o(.text.HAL_TIM_ConfigClockSource)
    HAL_TIM_Encoder_Init                     0x08002225   Thumb Code   178  stm32f4xx_hal_tim.o(.text.HAL_TIM_Encoder_Init)
    HAL_TIM_Encoder_MspInit                  0x080022d9   Thumb Code   172  tim.o(.text.HAL_TIM_Encoder_MspInit)
    HAL_TIM_Encoder_Start                    0x08002385   Thumb Code   188  stm32f4xx_hal_tim.o(.text.HAL_TIM_Encoder_Start)
    HAL_TIM_GenerateEvent                    0x08002441   Thumb Code    36  stm32f4xx_hal_tim.o(.text.HAL_TIM_GenerateEvent)
    HAL_TIM_IC_CaptureCallback               0x08002465   Thumb Code     2  stm32f4xx_hal_tim.o(.text.HAL_TIM_IC_CaptureCallback)
    HAL_TIM_IRQHandler                       0x08002469   Thumb Code   334  stm32f4xx_hal_tim.o(.text.HAL_TIM_IRQHandler)
    HAL_TIM_OC_DelayElapsedCallback          0x080025b9   Thumb Code     2  stm32f4xx_hal_tim.o(.text.HAL_TIM_OC_DelayElapsedCallback)
    HAL_TIM_PWM_ConfigChannel                0x080025bd   Thumb Code   544  stm32f4xx_hal_tim.o(.text.HAL_TIM_PWM_ConfigChannel)
    HAL_TIM_PWM_Init                         0x080027dd   Thumb Code    90  stm32f4xx_hal_tim.o(.text.HAL_TIM_PWM_Init)
    HAL_TIM_PWM_MspInit                      0x08002839   Thumb Code     2  stm32f4xx_hal_tim.o(.text.HAL_TIM_PWM_MspInit)
    HAL_TIM_PWM_PulseFinishedCallback        0x0800283d   Thumb Code     2  stm32f4xx_hal_tim.o(.text.HAL_TIM_PWM_PulseFinishedCallback)
    HAL_TIM_PWM_Start                        0x08002841   Thumb Code   270  stm32f4xx_hal_tim.o(.text.HAL_TIM_PWM_Start)
    HAL_TIM_PWM_Stop                         0x08002951   Thumb Code   170  stm32f4xx_hal_tim.o(.text.HAL_TIM_PWM_Stop)
    HAL_TIM_PeriodElapsedCallback            0x080029fd   Thumb Code   178  main.o(.text.HAL_TIM_PeriodElapsedCallback)
    HAL_TIM_TriggerCallback                  0x08002ab1   Thumb Code     2  stm32f4xx_hal_tim.o(.text.HAL_TIM_TriggerCallback)
    HAL_UARTEx_RxEventCallback               0x08002ab5   Thumb Code     2  stm32f4xx_hal_uart.o(.text.HAL_UARTEx_RxEventCallback)
    HAL_UART_DMAStop                         0x08002ab9   Thumb Code   540  stm32f4xx_hal_uart.o(.text.HAL_UART_DMAStop)
    HAL_UART_ErrorCallback                   0x08002cd5   Thumb Code     2  stm32f4xx_hal_uart.o(.text.HAL_UART_ErrorCallback)
    HAL_UART_IRQHandler                      0x08002cd9   Thumb Code  1428  stm32f4xx_hal_uart.o(.text.HAL_UART_IRQHandler)
    HAL_UART_Init                            0x0800326d   Thumb Code    96  stm32f4xx_hal_uart.o(.text.HAL_UART_Init)
    HAL_UART_MspInit                         0x080032cd   Thumb Code   752  usart.o(.text.HAL_UART_MspInit)
    HAL_UART_Receive_DMA                     0x080035bd   Thumb Code   384  stm32f4xx_hal_uart.o(.text.HAL_UART_Receive_DMA)
    HAL_UART_RxCpltCallback                  0x0800373d   Thumb Code     2  stm32f4xx_hal_uart.o(.text.HAL_UART_RxCpltCallback)
    HAL_UART_RxHalfCpltCallback              0x08003741   Thumb Code     2  stm32f4xx_hal_uart.o(.text.HAL_UART_RxHalfCpltCallback)
    HAL_UART_Transmit                        0x08003745   Thumb Code   402  stm32f4xx_hal_uart.o(.text.HAL_UART_Transmit)
    HAL_UART_Transmit_DMA                    0x080038d9   Thumb Code   212  stm32f4xx_hal_uart.o(.text.HAL_UART_Transmit_DMA)
    HAL_UART_TxCpltCallback                  0x080039ad   Thumb Code     2  stm32f4xx_hal_uart.o(.text.HAL_UART_TxCpltCallback)
    HAL_UART_TxHalfCpltCallback              0x080039b1   Thumb Code     2  stm32f4xx_hal_uart.o(.text.HAL_UART_TxHalfCpltCallback)
    HardFault_Handler                        0x080039b5   Thumb Code     2  stm32f4xx_it.o(.text.HardFault_Handler)
    MX_DMA_Init                              0x080039b9   Thumb Code   156  dma.o(.text.MX_DMA_Init)
    MX_GPIO_Init                             0x08003a55   Thumb Code   584  gpio.o(.text.MX_GPIO_Init)
    MX_RTC_Init                              0x08003c9d   Thumb Code    54  rtc.o(.text.MX_RTC_Init)
    MX_TIM2_Init                             0x08003cd5   Thumb Code   102  tim.o(.text.MX_TIM2_Init)
    MX_TIM3_Init                             0x08003d3d   Thumb Code   120  tim.o(.text.MX_TIM3_Init)
    MX_TIM4_Init                             0x08003db5   Thumb Code   120  tim.o(.text.MX_TIM4_Init)
    MX_TIM9_Init                             0x08003e2d   Thumb Code   244  tim.o(.text.MX_TIM9_Init)
    MX_UART5_Init                            0x08003f21   Thumb Code    60  usart.o(.text.MX_UART5_Init)
    MX_USART1_UART_Init                      0x08003f5d   Thumb Code    68  usart.o(.text.MX_USART1_UART_Init)
    MX_USART3_UART_Init                      0x08003fa1   Thumb Code    68  usart.o(.text.MX_USART3_UART_Init)
    MX_USB_OTG_FS_HCD_Init                   0x08003fe5   Thumb Code    50  usb_otg.o(.text.MX_USB_OTG_FS_HCD_Init)
    MemManage_Handler                        0x08004019   Thumb Code     2  stm32f4xx_it.o(.text.MemManage_Handler)
    NMI_Handler                              0x0800401d   Thumb Code     2  stm32f4xx_it.o(.text.NMI_Handler)
    PendSV_Handler                           0x08004021   Thumb Code     2  stm32f4xx_it.o(.text.PendSV_Handler)
    RCC_IRQHandler                           0x08004025   Thumb Code     2  stm32f4xx_it.o(.text.RCC_IRQHandler)
    SVC_Handler                              0x08004029   Thumb Code     2  stm32f4xx_it.o(.text.SVC_Handler)
    Send_motor1                              0x0800402d   Thumb Code   578  hardware.o(.text.Send_motor1)
    SysTick_Handler                          0x08004271   Thumb Code     4  stm32f4xx_it.o(.text.SysTick_Handler)
    SystemClock_Config                       0x08004275   Thumb Code   172  main.o(.text.SystemClock_Config)
    SystemInit                               0x08004321   Thumb Code    18  system_stm32f4xx.o(.text.SystemInit)
    TIM1_BRK_TIM9_IRQHandler                 0x08004335   Thumb Code    12  stm32f4xx_it.o(.text.TIM1_BRK_TIM9_IRQHandler)
    TIM2_IRQHandler                          0x08004341   Thumb Code    12  stm32f4xx_it.o(.text.TIM2_IRQHandler)
    TIM3_IRQHandler                          0x0800434d   Thumb Code    12  stm32f4xx_it.o(.text.TIM3_IRQHandler)
    TIM4_IRQHandler                          0x08004359   Thumb Code    12  stm32f4xx_it.o(.text.TIM4_IRQHandler)
    TIM_Base_SetConfig                       0x08004365   Thumb Code   314  stm32f4xx_hal_tim.o(.text.TIM_Base_SetConfig)
    UART5_IRQHandler                         0x080044a1   Thumb Code   138  stm32f4xx_it.o(.text.UART5_IRQHandler)
    USART1_IRQHandler                        0x08004acd   Thumb Code   138  stm32f4xx_it.o(.text.USART1_IRQHandler)
    USART3_IRQHandler                        0x08004b59   Thumb Code   120  stm32f4xx_it.o(.text.USART3_IRQHandler)
    USB_CoreInit                             0x08004bd1   Thumb Code   630  stm32f4xx_ll_usb.o(.text.USB_CoreInit)
    USB_DisableGlobalInt                     0x08004e49   Thumb Code    14  stm32f4xx_ll_usb.o(.text.USB_DisableGlobalInt)
    USB_HostInit                             0x08004e59   Thumb Code   736  stm32f4xx_ll_usb.o(.text.USB_HostInit)
    USB_SetCurrentMode                       0x08005139   Thumb Code   872  stm32f4xx_ll_usb.o(.text.USB_SetCurrentMode)
    UsageFault_Handler                       0x080054a1   Thumb Code     2  stm32f4xx_it.o(.text.UsageFault_Handler)
    crc16_head_check                         0x080054a5   Thumb Code   250  crc.o(.text.crc16_head_check)
    crc16_make                               0x080055a1   Thumb Code   232  crc.o(.text.crc16_make)
    generate_head_crc                        0x08005689   Thumb Code    68  crc.o(.text.generate_head_crc)
    main                                     0x080056cd   Thumb Code   694  main.o(.text.main)
    ring_buf_avail                           0x08005985   Thumb Code    34  ring.o(.text.ring_buf_avail)
    ring_buf_init                            0x080059a9   Thumb Code    14  ring.o(.text.ring_buf_init)
    ring_buf_read                            0x080059b9   Thumb Code    20  ring.o(.text.ring_buf_read)
    ring_buf_write                           0x080059cd   Thumb Code    52  ring.o(.text.ring_buf_write)
    unpack_fun                               0x08005a01   Thumb Code   238  unpack.o(.text.unpack_fun)
    unpack_init                              0x08005af1   Thumb Code    12  unpack.o(.text.unpack_init)
    _fp_init                                 0x08005afd   Thumb Code    26  fpinit.o(x$fpl$fpinit)
    __fplib_config_fpu_vfp                   0x08005b15   Thumb Code     0  fpinit.o(x$fpl$fpinit)
    __fplib_config_pureend_doubles           0x08005b15   Thumb Code     0  fpinit.o(x$fpl$fpinit)
    AHBPrescTable                            0x08005b16   Data          16  system_stm32f4xx.o(.rodata.AHBPrescTable)
    APBPrescTable                            0x08005b26   Data           8  system_stm32f4xx.o(.rodata.APBPrescTable)
    Region$$Table$$Base                      0x08005f38   Number         0  anon$$obj.o(Region$$Table)
    Region$$Table$$Limit                     0x08005f58   Number         0  anon$$obj.o(Region$$Table)
    uwTickFreq                               0x20000000   Data           1  stm32f4xx_hal.o(.data..L_MergedGlobals)
    uwTickPrio                               0x20000004   Data           4  stm32f4xx_hal.o(.data..L_MergedGlobals)
    SystemCoreClock                          0x20000008   Data           4  system_stm32f4xx.o(.data.SystemCoreClock)
    TXBUF                                    0x2000000c   Data          14  main.o(.data.TXBUF)
    __libspace_start                         0x20000020   Data          96  libspace.o(.bss)
    __temporary_stack_top$libspace           0x20000080   Data           0  libspace.o(.bss)
    rx3_flag                                 0x20000080   Data           1  main.o(.bss..L_MergedGlobals)
    expose_flag                              0x20000081   Data           1  main.o(.bss..L_MergedGlobals)
    Gybpre_flag                              0x20000082   Data           1  main.o(.bss..L_MergedGlobals)
    motor_revflag                            0x20000083   Data           1  main.o(.bss..L_MergedGlobals)
    detector_flag                            0x20000084   Data           1  main.o(.bss..L_MergedGlobals)
    state                                    0x20000085   Data           1  main.o(.bss..L_MergedGlobals)
    sync_in                                  0x20000086   Data           1  main.o(.bss..L_MergedGlobals)
    sync_out                                 0x20000087   Data           1  main.o(.bss..L_MergedGlobals)
    tim3flagw                                0x20000088   Data           1  main.o(.bss..L_MergedGlobals)
    fmqflagw                                 0x20000089   Data           1  main.o(.bss..L_MergedGlobals)
    diretion                                 0x2000008a   Data           1  main.o(.bss..L_MergedGlobals)
    SynState                                 0x2000008c   Data           2  main.o(.bss..L_MergedGlobals)
    t_time                                   0x2000008e   Data           2  main.o(.bss..L_MergedGlobals)
    pose_time                                0x20000090   Data           2  main.o(.bss..L_MergedGlobals)
    rx3_length                               0x20000092   Data           2  main.o(.bss..L_MergedGlobals)
    tim2_length                              0x20000094   Data           2  main.o(.bss..L_MergedGlobals)
    n_total                                  0x20000096   Data           2  main.o(.bss..L_MergedGlobals)
    pos                                      0x20000098   Data           4  main.o(.bss..L_MergedGlobals)
    tim2_buffer                              0x2000009c   Data           5  main.o(.bss..L_MergedGlobals)
    cmd_buf                                  0x200000a1   Data         512  main.o(.bss.cmd_buf)
    hdma_uart5_rx                            0x200002a4   Data          96  usart.o(.bss.hdma_uart5_rx)
    hdma_uart5_tx                            0x20000304   Data          96  usart.o(.bss.hdma_uart5_tx)
    hdma_usart1_rx                           0x20000364   Data          96  usart.o(.bss.hdma_usart1_rx)
    hdma_usart1_tx                           0x200003c4   Data          96  usart.o(.bss.hdma_usart1_tx)
    hdma_usart3_rx                           0x20000424   Data          96  usart.o(.bss.hdma_usart3_rx)
    hdma_usart3_tx                           0x20000484   Data          96  usart.o(.bss.hdma_usart3_tx)
    hhcd_USB_OTG_FS                          0x200004e4   Data         992  usb_otg.o(.bss.hhcd_USB_OTG_FS)
    hrtc                                     0x200008c4   Data          32  rtc.o(.bss.hrtc)
    htim2                                    0x200008e4   Data          72  tim.o(.bss.htim2)
    htim3                                    0x2000092c   Data          72  tim.o(.bss.htim3)
    htim4                                    0x20000974   Data          72  tim.o(.bss.htim4)
    htim9                                    0x200009bc   Data          72  tim.o(.bss.htim9)
    huart1                                   0x20000a04   Data          72  usart.o(.bss.huart1)
    huart3                                   0x20000a4c   Data          72  usart.o(.bss.huart3)
    huart5                                   0x20000a94   Data          72  usart.o(.bss.huart5)
    mode_flag                                0x20000adc   Data           1  main.o(.bss.mode_flag)
    pFlash                                   0x20000ae0   Data          32  stm32f4xx_hal_flash.o(.bss.pFlash)
    ring_data                                0x20000b00   Data         512  main.o(.bss.ring_data)
    rx1_buffer                               0x20000d00   Data         100  main.o(.bss.rx1_buffer)
    rx1_flag                                 0x20000d64   Data           1  main.o(.bss.rx1_flag)
    rx1_length                               0x20000d66   Data           2  main.o(.bss.rx1_length)
    rx3_buffer                               0x20000d68   Data         100  main.o(.bss.rx3_buffer)
    rx4_buffer                               0x20000dcc   Data         100  main.o(.bss.rx4_buffer)
    rx4_flag                                 0x20000e30   Data           1  main.o(.bss.rx4_flag)
    rx4_length                               0x20000e32   Data           2  main.o(.bss.rx4_length)
    uwTick                                   0x20000e34   Data           4  stm32f4xx_hal.o(.bss.uwTick)



==============================================================================

Memory Map of the image

  Image Entry point : 0x08000189

  Load Region LR_IROM1 (Base: 0x08000000, Size: 0x00005f78, Max: 0x00080000, ABSOLUTE)

    Execution Region ER_IROM1 (Exec base: 0x08000000, Load base: 0x08000000, Size: 0x00005f58, Max: 0x00080000, ABSOLUTE)

    Exec Addr    Load Addr    Size         Type   Attr      Idx    E Section Name        Object

    0x08000000   0x08000000   0x00000188   Data   RO            3    RESET               startup_stm32f407xx.o
    0x08000188   0x08000188   0x00000008   Code   RO         1454  * !!!main             c_w.l(__main.o)
    0x08000190   0x08000190   0x0000005c   Code   RO         1629    !!!scatter          c_w.l(__scatter.o)
    0x080001ec   0x080001ec   0x0000001a   Code   RO         1633    !!handler_copy      c_w.l(__scatter_copy.o)
    0x08000206   0x08000206   0x00000002   PAD
    0x08000208   0x08000208   0x00000002   Code   RO         1630    !!handler_null      c_w.l(__scatter.o)
    0x0800020a   0x0800020a   0x00000002   PAD
    0x0800020c   0x0800020c   0x0000001c   Code   RO         1635    !!handler_zi        c_w.l(__scatter_zi.o)
    0x08000228   0x08000228   0x00000002   Code   RO         1491    .ARM.Collect$$libinit$$00000000  c_w.l(libinit.o)
    0x0800022a   0x0800022a   0x00000004   Code   RO         1503    .ARM.Collect$$libinit$$00000001  c_w.l(libinit2.o)
    0x0800022e   0x0800022e   0x00000000   Code   RO         1506    .ARM.Collect$$libinit$$00000004  c_w.l(libinit2.o)
    0x0800022e   0x0800022e   0x00000000   Code   RO         1508    .ARM.Collect$$libinit$$00000006  c_w.l(libinit2.o)
    0x0800022e   0x0800022e   0x00000000   Code   RO         1511    .ARM.Collect$$libinit$$0000000C  c_w.l(libinit2.o)
    0x0800022e   0x0800022e   0x00000000   Code   RO         1513    .ARM.Collect$$libinit$$0000000E  c_w.l(libinit2.o)
    0x0800022e   0x0800022e   0x00000000   Code   RO         1515    .ARM.Collect$$libinit$$00000010  c_w.l(libinit2.o)
    0x0800022e   0x0800022e   0x00000000   Code   RO         1518    .ARM.Collect$$libinit$$00000013  c_w.l(libinit2.o)
    0x0800022e   0x0800022e   0x00000000   Code   RO         1520    .ARM.Collect$$libinit$$00000015  c_w.l(libinit2.o)
    0x0800022e   0x0800022e   0x00000000   Code   RO         1522    .ARM.Collect$$libinit$$00000017  c_w.l(libinit2.o)
    0x0800022e   0x0800022e   0x00000000   Code   RO         1524    .ARM.Collect$$libinit$$00000019  c_w.l(libinit2.o)
    0x0800022e   0x0800022e   0x00000000   Code   RO         1526    .ARM.Collect$$libinit$$0000001B  c_w.l(libinit2.o)
    0x0800022e   0x0800022e   0x00000000   Code   RO         1528    .ARM.Collect$$libinit$$0000001D  c_w.l(libinit2.o)
    0x0800022e   0x0800022e   0x00000000   Code   RO         1530    .ARM.Collect$$libinit$$0000001F  c_w.l(libinit2.o)
    0x0800022e   0x0800022e   0x00000000   Code   RO         1532    .ARM.Collect$$libinit$$00000021  c_w.l(libinit2.o)
    0x0800022e   0x0800022e   0x00000000   Code   RO         1534    .ARM.Collect$$libinit$$00000023  c_w.l(libinit2.o)
    0x0800022e   0x0800022e   0x00000000   Code   RO         1536    .ARM.Collect$$libinit$$00000025  c_w.l(libinit2.o)
    0x0800022e   0x0800022e   0x00000000   Code   RO         1538    .ARM.Collect$$libinit$$00000027  c_w.l(libinit2.o)
    0x0800022e   0x0800022e   0x00000000   Code   RO         1542    .ARM.Collect$$libinit$$0000002E  c_w.l(libinit2.o)
    0x0800022e   0x0800022e   0x00000000   Code   RO         1544    .ARM.Collect$$libinit$$00000030  c_w.l(libinit2.o)
    0x0800022e   0x0800022e   0x00000000   Code   RO         1546    .ARM.Collect$$libinit$$00000032  c_w.l(libinit2.o)
    0x0800022e   0x0800022e   0x00000000   Code   RO         1548    .ARM.Collect$$libinit$$00000034  c_w.l(libinit2.o)
    0x0800022e   0x0800022e   0x00000002   Code   RO         1549    .ARM.Collect$$libinit$$00000035  c_w.l(libinit2.o)
    0x08000230   0x08000230   0x00000002   Code   RO         1584    .ARM.Collect$$libshutdown$$00000000  c_w.l(libshutdown.o)
    0x08000232   0x08000232   0x00000000   Code   RO         1612    .ARM.Collect$$libshutdown$$00000002  c_w.l(libshutdown2.o)
    0x08000232   0x08000232   0x00000000   Code   RO         1614    .ARM.Collect$$libshutdown$$00000004  c_w.l(libshutdown2.o)
    0x08000232   0x08000232   0x00000000   Code   RO         1617    .ARM.Collect$$libshutdown$$00000007  c_w.l(libshutdown2.o)
    0x08000232   0x08000232   0x00000000   Code   RO         1620    .ARM.Collect$$libshutdown$$0000000A  c_w.l(libshutdown2.o)
    0x08000232   0x08000232   0x00000000   Code   RO         1622    .ARM.Collect$$libshutdown$$0000000C  c_w.l(libshutdown2.o)
    0x08000232   0x08000232   0x00000000   Code   RO         1625    .ARM.Collect$$libshutdown$$0000000F  c_w.l(libshutdown2.o)
    0x08000232   0x08000232   0x00000002   Code   RO         1626    .ARM.Collect$$libshutdown$$00000010  c_w.l(libshutdown2.o)
    0x08000234   0x08000234   0x00000000   Code   RO         1456    .ARM.Collect$$rtentry$$00000000  c_w.l(__rtentry.o)
    0x08000234   0x08000234   0x00000000   Code   RO         1462    .ARM.Collect$$rtentry$$00000002  c_w.l(__rtentry2.o)
    0x08000234   0x08000234   0x00000006   Code   RO         1474    .ARM.Collect$$rtentry$$00000004  c_w.l(__rtentry4.o)
    0x0800023a   0x0800023a   0x00000000   Code   RO         1464    .ARM.Collect$$rtentry$$00000009  c_w.l(__rtentry2.o)
    0x0800023a   0x0800023a   0x00000004   Code   RO         1465    .ARM.Collect$$rtentry$$0000000A  c_w.l(__rtentry2.o)
    0x0800023e   0x0800023e   0x00000000   Code   RO         1467    .ARM.Collect$$rtentry$$0000000C  c_w.l(__rtentry2.o)
    0x0800023e   0x0800023e   0x00000008   Code   RO         1468    .ARM.Collect$$rtentry$$0000000D  c_w.l(__rtentry2.o)
    0x08000246   0x08000246   0x00000002   Code   RO         1495    .ARM.Collect$$rtexit$$00000000  c_w.l(rtexit.o)
    0x08000248   0x08000248   0x00000000   Code   RO         1555    .ARM.Collect$$rtexit$$00000002  c_w.l(rtexit2.o)
    0x08000248   0x08000248   0x00000004   Code   RO         1556    .ARM.Collect$$rtexit$$00000003  c_w.l(rtexit2.o)
    0x0800024c   0x0800024c   0x00000006   Code   RO         1557    .ARM.Collect$$rtexit$$00000004  c_w.l(rtexit2.o)
    0x08000252   0x08000252   0x00000002   PAD
    0x08000254   0x08000254   0x00000040   Code   RO            4    .text               startup_stm32f407xx.o
    0x08000294   0x08000294   0x000000f0   Code   RO         1448    .text               c_w.l(lludivv7m.o)
    0x08000384   0x08000384   0x0000004e   Code   RO         1450    .text               c_w.l(rt_memclr_w.o)
    0x080003d2   0x080003d2   0x00000006   Code   RO         1452    .text               c_w.l(heapauxi.o)
    0x080003d8   0x080003d8   0x0000004a   Code   RO         1478    .text               c_w.l(sys_stackheap_outer.o)
    0x08000422   0x08000422   0x00000012   Code   RO         1480    .text               c_w.l(exit.o)
    0x08000434   0x08000434   0x00000008   Code   RO         1492    .text               c_w.l(libspace.o)
    0x0800043c   0x0800043c   0x0000000c   Code   RO         1550    .text               c_w.l(sys_exit.o)
    0x08000448   0x08000448   0x00000002   Code   RO         1573    .text               c_w.l(use_no_semi.o)
    0x0800044a   0x0800044a   0x00000000   Code   RO         1575    .text               c_w.l(indicate_semi.o)
    0x0800044a   0x0800044a   0x00000002   PAD
    0x0800044c   0x0800044c   0x00000002   Code   RO          159    .text.BusFault_Handler  stm32f4xx_it.o
    0x0800044e   0x0800044e   0x00000002   PAD
    0x08000450   0x08000450   0x000001e2   Code   RO         1435    .text.CMD_handlder_fun  cmdhandle.o
    0x08000632   0x08000632   0x00000002   PAD
    0x08000634   0x08000634   0x0000002a   Code   RO         1437    .text.CMD_handlder_tx  cmdhandle.o
    0x0800065e   0x0800065e   0x00000002   PAD
    0x08000660   0x08000660   0x0000000c   Code   RO          179    .text.DMA1_Stream0_IRQHandler  stm32f4xx_it.o
    0x0800066c   0x0800066c   0x0000000c   Code   RO          181    .text.DMA1_Stream1_IRQHandler  stm32f4xx_it.o
    0x08000678   0x08000678   0x0000000c   Code   RO          183    .text.DMA1_Stream3_IRQHandler  stm32f4xx_it.o
    0x08000684   0x08000684   0x0000000c   Code   RO          201    .text.DMA1_Stream7_IRQHandler  stm32f4xx_it.o
    0x08000690   0x08000690   0x0000000c   Code   RO          205    .text.DMA2_Stream2_IRQHandler  stm32f4xx_it.o
    0x0800069c   0x0800069c   0x0000000c   Code   RO          207    .text.DMA2_Stream7_IRQHandler  stm32f4xx_it.o
    0x080006a8   0x080006a8   0x00000002   Code   RO          165    .text.DebugMon_Handler  stm32f4xx_it.o
    0x080006aa   0x080006aa   0x00000002   PAD
    0x080006ac   0x080006ac   0x00000016   Code   RO          199    .text.EXTI15_10_IRQHandler  stm32f4xx_it.o
    0x080006c2   0x080006c2   0x00000002   PAD
    0x080006c4   0x080006c4   0x00000006   Code   RO          175    .text.EXTI2_IRQHandler  stm32f4xx_it.o
    0x080006ca   0x080006ca   0x00000002   PAD
    0x080006cc   0x080006cc   0x00000006   Code   RO          177    .text.EXTI4_IRQHandler  stm32f4xx_it.o
    0x080006d2   0x080006d2   0x00000002   PAD
    0x080006d4   0x080006d4   0x00000012   Code   RO          185    .text.EXTI9_5_IRQHandler  stm32f4xx_it.o
    0x080006e6   0x080006e6   0x00000002   PAD
    0x080006e8   0x080006e8   0x00000006   Code   RO           15    .text.Error_Handler  main.o
    0x080006ee   0x080006ee   0x00000002   PAD
    0x080006f0   0x080006f0   0x00000046   Code   RO          455    .text.FLASH_Erase_Sector  stm32f4xx_hal_flash_ex.o
    0x08000736   0x08000736   0x00000002   PAD
    0x08000738   0x08000738   0x00000058   Code   RO          457    .text.FLASH_FlushCaches  stm32f4xx_hal_flash_ex.o
    0x08000790   0x08000790   0x00000004   Code   RO          171    .text.FLASH_IRQHandler  stm32f4xx_it.o
    0x08000794   0x08000794   0x0000008e   Code   RO          520    .text.HAL_DMA_Abort  stm32f4xx_hal_dma.o
    0x08000822   0x08000822   0x00000002   PAD
    0x08000824   0x08000824   0x00000024   Code   RO          522    .text.HAL_DMA_Abort_IT  stm32f4xx_hal_dma.o
    0x08000848   0x08000848   0x000001c4   Code   RO          526    .text.HAL_DMA_IRQHandler  stm32f4xx_hal_dma.o
    0x08000a0c   0x08000a0c   0x00000162   Code   RO          512    .text.HAL_DMA_Init  stm32f4xx_hal_dma.o
    0x08000b6e   0x08000b6e   0x00000002   PAD
    0x08000b70   0x08000b70   0x000000a2   Code   RO          518    .text.HAL_DMA_Start_IT  stm32f4xx_hal_dma.o
    0x08000c12   0x08000c12   0x00000002   PAD
    0x08000c14   0x08000c14   0x00000028   Code   RO          679    .text.HAL_Delay     stm32f4xx_hal.o
    0x08000c3c   0x08000c3c   0x00000002   Code   RO          430    .text.HAL_FLASH_EndOfOperationCallback  stm32f4xx_hal_flash.o
    0x08000c3e   0x08000c3e   0x00000002   PAD
    0x08000c40   0x08000c40   0x00000138   Code   RO          426    .text.HAL_FLASH_IRQHandler  stm32f4xx_hal_flash.o
    0x08000d78   0x08000d78   0x00000002   Code   RO          428    .text.HAL_FLASH_OperationErrorCallback  stm32f4xx_hal_flash.o
    0x08000d7a   0x08000d7a   0x00000002   PAD
    0x08000d7c   0x08000d7c   0x0000033c   Code   RO           17    .text.HAL_GPIO_EXTI_Callback  main.o
    0x080010b8   0x080010b8   0x00000016   Code   RO          486    .text.HAL_GPIO_EXTI_IRQHandler  stm32f4xx_hal_gpio.o
    0x080010ce   0x080010ce   0x00000002   PAD
    0x080010d0   0x080010d0   0x0000019e   Code   RO          474    .text.HAL_GPIO_Init  stm32f4xx_hal_gpio.o
    0x0800126e   0x0800126e   0x00000002   PAD
    0x08001270   0x08001270   0x0000000a   Code   RO          478    .text.HAL_GPIO_ReadPin  stm32f4xx_hal_gpio.o
    0x0800127a   0x0800127a   0x00000002   PAD
    0x0800127c   0x0800127c   0x00000010   Code   RO          482    .text.HAL_GPIO_TogglePin  stm32f4xx_hal_gpio.o
    0x0800128c   0x0800128c   0x0000000a   Code   RO          480    .text.HAL_GPIO_WritePin  stm32f4xx_hal_gpio.o
    0x08001296   0x08001296   0x00000002   PAD
    0x08001298   0x08001298   0x0000000c   Code   RO          671    .text.HAL_GetTick   stm32f4xx_hal.o
    0x080012a4   0x080012a4   0x0000008a   Code   RO         1190    .text.HAL_HCD_Init  stm32f4xx_hal_hcd.o
    0x0800132e   0x0800132e   0x00000002   PAD
    0x08001330   0x08001330   0x00000078   Code   RO          140    .text.HAL_HCD_MspInit  usb_otg.o
    0x080013a8   0x080013a8   0x0000001a   Code   RO          669    .text.HAL_IncTick   stm32f4xx_hal.o
    0x080013c2   0x080013c2   0x00000002   PAD
    0x080013c4   0x080013c4   0x00000036   Code   RO          659    .text.HAL_Init      stm32f4xx_hal.o
    0x080013fa   0x080013fa   0x00000002   PAD
    0x080013fc   0x080013fc   0x00000048   Code   RO          661    .text.HAL_InitTick  stm32f4xx_hal.o
    0x08001444   0x08001444   0x0000005c   Code   RO          217    .text.HAL_MspInit   stm32f4xx_hal_msp.o
    0x080014a0   0x080014a0   0x00000022   Code   RO          611    .text.HAL_NVIC_EnableIRQ  stm32f4xx_hal_cortex.o
    0x080014c2   0x080014c2   0x00000002   PAD
    0x080014c4   0x080014c4   0x00000056   Code   RO          609    .text.HAL_NVIC_SetPriority  stm32f4xx_hal_cortex.o
    0x0800151a   0x0800151a   0x00000002   PAD
    0x0800151c   0x0800151c   0x00000020   Code   RO          607    .text.HAL_NVIC_SetPriorityGrouping  stm32f4xx_hal_cortex.o
    0x0800153c   0x0800153c   0x0000014a   Code   RO          400    .text.HAL_RCCEx_PeriphCLKConfig  stm32f4xx_hal_rcc_ex.o
    0x08001686   0x08001686   0x00000002   PAD
    0x08001688   0x08001688   0x00000164   Code   RO          368    .text.HAL_RCC_ClockConfig  stm32f4xx_hal_rcc.o
    0x080017ec   0x080017ec   0x00000026   Code   RO          380    .text.HAL_RCC_GetPCLK1Freq  stm32f4xx_hal_rcc.o
    0x08001812   0x08001812   0x00000002   PAD
    0x08001814   0x08001814   0x00000026   Code   RO          382    .text.HAL_RCC_GetPCLK2Freq  stm32f4xx_hal_rcc.o
    0x0800183a   0x0800183a   0x00000002   PAD
    0x0800183c   0x0800183c   0x00000070   Code   RO          370    .text.HAL_RCC_GetSysClockFreq  stm32f4xx_hal_rcc.o
    0x080018ac   0x080018ac   0x000003ac   Code   RO          366    .text.HAL_RCC_OscConfig  stm32f4xx_hal_rcc.o
    0x08001c58   0x08001c58   0x000000fc   Code   RO          226    .text.HAL_RTC_Init  stm32f4xx_hal_rtc.o
    0x08001d54   0x08001d54   0x00000044   Code   RO           68    .text.HAL_RTC_MspInit  rtc.o
    0x08001d98   0x08001d98   0x0000002c   Code   RO          619    .text.HAL_SYSTICK_Config  stm32f4xx_hal_cortex.o
    0x08001dc4   0x08001dc4   0x00000002   Code   RO         1054    .text.HAL_TIMEx_BreakCallback  stm32f4xx_hal_tim_ex.o
    0x08001dc6   0x08001dc6   0x00000002   PAD
    0x08001dc8   0x08001dc8   0x00000002   Code   RO         1050    .text.HAL_TIMEx_CommutCallback  stm32f4xx_hal_tim_ex.o
    0x08001dca   0x08001dca   0x00000002   PAD
    0x08001dcc   0x08001dcc   0x000000ba   Code   RO         1044    .text.HAL_TIMEx_MasterConfigSynchronization  stm32f4xx_hal_tim_ex.o
    0x08001e86   0x08001e86   0x00000002   PAD
    0x08001e88   0x08001e88   0x0000005a   Code   RO          749    .text.HAL_TIM_Base_Init  stm32f4xx_hal_tim.o
    0x08001ee2   0x08001ee2   0x00000002   PAD
    0x08001ee4   0x08001ee4   0x000000b6   Code   RO           93    .text.HAL_TIM_Base_MspInit  tim.o
    0x08001f9a   0x08001f9a   0x00000002   PAD
    0x08001f9c   0x08001f9c   0x000000aa   Code   RO          763    .text.HAL_TIM_Base_Start_IT  stm32f4xx_hal_tim.o
    0x08002046   0x08002046   0x00000002   PAD
    0x08002048   0x08002048   0x0000003c   Code   RO          765    .text.HAL_TIM_Base_Stop_IT  stm32f4xx_hal_tim.o
    0x08002084   0x08002084   0x000001a0   Code   RO          929    .text.HAL_TIM_ConfigClockSource  stm32f4xx_hal_tim.o
    0x08002224   0x08002224   0x000000b2   Code   RO          863    .text.HAL_TIM_Encoder_Init  stm32f4xx_hal_tim.o
    0x080022d6   0x080022d6   0x00000002   PAD
    0x080022d8   0x080022d8   0x000000ac   Code   RO           91    .text.HAL_TIM_Encoder_MspInit  tim.o
    0x08002384   0x08002384   0x000000bc   Code   RO          871    .text.HAL_TIM_Encoder_Start  stm32f4xx_hal_tim.o
    0x08002440   0x08002440   0x00000024   Code   RO          923    .text.HAL_TIM_GenerateEvent  stm32f4xx_hal_tim.o
    0x08002464   0x08002464   0x00000002   Code   RO          885    .text.HAL_TIM_IC_CaptureCallback  stm32f4xx_hal_tim.o
    0x08002466   0x08002466   0x00000002   PAD
    0x08002468   0x08002468   0x0000014e   Code   RO          883    .text.HAL_TIM_IRQHandler  stm32f4xx_hal_tim.o
    0x080025b6   0x080025b6   0x00000002   PAD
    0x080025b8   0x080025b8   0x00000002   Code   RO          887    .text.HAL_TIM_OC_DelayElapsedCallback  stm32f4xx_hal_tim.o
    0x080025ba   0x080025ba   0x00000002   PAD
    0x080025bc   0x080025bc   0x00000220   Code   RO          903    .text.HAL_TIM_PWM_ConfigChannel  stm32f4xx_hal_tim.o
    0x080027dc   0x080027dc   0x0000005a   Code   RO          803    .text.HAL_TIM_PWM_Init  stm32f4xx_hal_tim.o
    0x08002836   0x08002836   0x00000002   PAD
    0x08002838   0x08002838   0x00000002   Code   RO          805    .text.HAL_TIM_PWM_MspInit  stm32f4xx_hal_tim.o
    0x0800283a   0x0800283a   0x00000002   PAD
    0x0800283c   0x0800283c   0x00000002   Code   RO          889    .text.HAL_TIM_PWM_PulseFinishedCallback  stm32f4xx_hal_tim.o
    0x0800283e   0x0800283e   0x00000002   PAD
    0x08002840   0x08002840   0x0000010e   Code   RO          811    .text.HAL_TIM_PWM_Start  stm32f4xx_hal_tim.o
    0x0800294e   0x0800294e   0x00000002   PAD
    0x08002950   0x08002950   0x000000aa   Code   RO          813    .text.HAL_TIM_PWM_Stop  stm32f4xx_hal_tim.o
    0x080029fa   0x080029fa   0x00000002   PAD
    0x080029fc   0x080029fc   0x000000b2   Code   RO           19    .text.HAL_TIM_PeriodElapsedCallback  main.o
    0x08002aae   0x08002aae   0x00000002   PAD
    0x08002ab0   0x08002ab0   0x00000002   Code   RO          893    .text.HAL_TIM_TriggerCallback  stm32f4xx_hal_tim.o
    0x08002ab2   0x08002ab2   0x00000002   PAD
    0x08002ab4   0x08002ab4   0x00000002   Code   RO         1154    .text.HAL_UARTEx_RxEventCallback  stm32f4xx_hal_uart.o
    0x08002ab6   0x08002ab6   0x00000002   PAD
    0x08002ab8   0x08002ab8   0x0000021c   Code   RO         1110    .text.HAL_UART_DMAStop  stm32f4xx_hal_uart.o
    0x08002cd4   0x08002cd4   0x00000002   Code   RO         1152    .text.HAL_UART_ErrorCallback  stm32f4xx_hal_uart.o
    0x08002cd6   0x08002cd6   0x00000002   PAD
    0x08002cd8   0x08002cd8   0x00000594   Code   RO         1146    .text.HAL_UART_IRQHandler  stm32f4xx_hal_uart.o
    0x0800326c   0x0800326c   0x00000060   Code   RO         1068    .text.HAL_UART_Init  stm32f4xx_hal_uart.o
    0x080032cc   0x080032cc   0x000002f0   Code   RO          117    .text.HAL_UART_MspInit  usart.o
    0x080035bc   0x080035bc   0x00000180   Code   RO         1102    .text.HAL_UART_Receive_DMA  stm32f4xx_hal_uart.o
    0x0800373c   0x0800373c   0x00000002   Code   RO         1160    .text.HAL_UART_RxCpltCallback  stm32f4xx_hal_uart.o
    0x0800373e   0x0800373e   0x00000002   PAD
    0x08003740   0x08003740   0x00000002   Code   RO         1162    .text.HAL_UART_RxHalfCpltCallback  stm32f4xx_hal_uart.o
    0x08003742   0x08003742   0x00000002   PAD
    0x08003744   0x08003744   0x00000192   Code   RO         1084    .text.HAL_UART_Transmit  stm32f4xx_hal_uart.o
    0x080038d6   0x080038d6   0x00000002   PAD
    0x080038d8   0x080038d8   0x000000d4   Code   RO         1094    .text.HAL_UART_Transmit_DMA  stm32f4xx_hal_uart.o
    0x080039ac   0x080039ac   0x00000002   Code   RO         1156    .text.HAL_UART_TxCpltCallback  stm32f4xx_hal_uart.o
    0x080039ae   0x080039ae   0x00000002   PAD
    0x080039b0   0x080039b0   0x00000002   Code   RO         1158    .text.HAL_UART_TxHalfCpltCallback  stm32f4xx_hal_uart.o
    0x080039b2   0x080039b2   0x00000002   PAD
    0x080039b4   0x080039b4   0x00000002   Code   RO          155    .text.HardFault_Handler  stm32f4xx_it.o
    0x080039b6   0x080039b6   0x00000002   PAD
    0x080039b8   0x080039b8   0x0000009c   Code   RO           57    .text.MX_DMA_Init   dma.o
    0x08003a54   0x08003a54   0x00000248   Code   RO           48    .text.MX_GPIO_Init  gpio.o
    0x08003c9c   0x08003c9c   0x00000036   Code   RO           66    .text.MX_RTC_Init   rtc.o
    0x08003cd2   0x08003cd2   0x00000002   PAD
    0x08003cd4   0x08003cd4   0x00000066   Code   RO           81    .text.MX_TIM2_Init  tim.o
    0x08003d3a   0x08003d3a   0x00000002   PAD
    0x08003d3c   0x08003d3c   0x00000078   Code   RO           83    .text.MX_TIM3_Init  tim.o
    0x08003db4   0x08003db4   0x00000078   Code   RO           85    .text.MX_TIM4_Init  tim.o
    0x08003e2c   0x08003e2c   0x000000f4   Code   RO           87    .text.MX_TIM9_Init  tim.o
    0x08003f20   0x08003f20   0x0000003c   Code   RO          111    .text.MX_UART5_Init  usart.o
    0x08003f5c   0x08003f5c   0x00000044   Code   RO          113    .text.MX_USART1_UART_Init  usart.o
    0x08003fa0   0x08003fa0   0x00000044   Code   RO          115    .text.MX_USART3_UART_Init  usart.o
    0x08003fe4   0x08003fe4   0x00000032   Code   RO          138    .text.MX_USB_OTG_FS_HCD_Init  usb_otg.o
    0x08004016   0x08004016   0x00000002   PAD
    0x08004018   0x08004018   0x00000002   Code   RO          157    .text.MemManage_Handler  stm32f4xx_it.o
    0x0800401a   0x0800401a   0x00000002   PAD
    0x0800401c   0x0800401c   0x00000002   Code   RO          153    .text.NMI_Handler   stm32f4xx_it.o
    0x0800401e   0x0800401e   0x00000002   PAD
    0x08004020   0x08004020   0x00000002   Code   RO          167    .text.PendSV_Handler  stm32f4xx_it.o
    0x08004022   0x08004022   0x00000002   PAD
    0x08004024   0x08004024   0x00000002   Code   RO          173    .text.RCC_IRQHandler  stm32f4xx_it.o
    0x08004026   0x08004026   0x00000002   PAD
    0x08004028   0x08004028   0x00000002   Code   RO          163    .text.SVC_Handler   stm32f4xx_it.o
    0x0800402a   0x0800402a   0x00000002   PAD
    0x0800402c   0x0800402c   0x00000242   Code   RO         1371    .text.Send_motor1   hardware.o
    0x0800426e   0x0800426e   0x00000002   PAD
    0x08004270   0x08004270   0x00000004   Code   RO          169    .text.SysTick_Handler  stm32f4xx_it.o
    0x08004274   0x08004274   0x000000ac   Code   RO           13    .text.SystemClock_Config  main.o
    0x08004320   0x08004320   0x00000012   Code   RO         1354    .text.SystemInit    system_stm32f4xx.o
    0x08004332   0x08004332   0x00000002   PAD
    0x08004334   0x08004334   0x0000000c   Code   RO          187    .text.TIM1_BRK_TIM9_IRQHandler  stm32f4xx_it.o
    0x08004340   0x08004340   0x0000000c   Code   RO          189    .text.TIM2_IRQHandler  stm32f4xx_it.o
    0x0800434c   0x0800434c   0x0000000c   Code   RO          191    .text.TIM3_IRQHandler  stm32f4xx_it.o
    0x08004358   0x08004358   0x0000000c   Code   RO          193    .text.TIM4_IRQHandler  stm32f4xx_it.o
    0x08004364   0x08004364   0x0000013a   Code   RO          753    .text.TIM_Base_SetConfig  stm32f4xx_hal_tim.o
    0x0800449e   0x0800449e   0x00000002   PAD
    0x080044a0   0x080044a0   0x0000008a   Code   RO          203    .text.UART5_IRQHandler  stm32f4xx_it.o
    0x0800452a   0x0800452a   0x00000002   PAD
    0x0800452c   0x0800452c   0x0000000a   Code   RO         1150    .text.UART_DMAAbortOnError  stm32f4xx_hal_uart.o
    0x08004536   0x08004536   0x00000002   PAD
    0x08004538   0x08004538   0x0000017c   Code   RO         1100    .text.UART_DMAError  stm32f4xx_hal_uart.o
    0x080046b4   0x080046b4   0x0000015e   Code   RO         1178    .text.UART_DMAReceiveCplt  stm32f4xx_hal_uart.o
    0x08004812   0x08004812   0x00000002   PAD
    0x08004814   0x08004814   0x00000018   Code   RO         1180    .text.UART_DMARxHalfCplt  stm32f4xx_hal_uart.o
    0x0800482c   0x0800482c   0x000000b0   Code   RO         1096    .text.UART_DMATransmitCplt  stm32f4xx_hal_uart.o
    0x080048dc   0x080048dc   0x00000006   Code   RO         1098    .text.UART_DMATxHalfCplt  stm32f4xx_hal_uart.o
    0x080048e2   0x080048e2   0x00000002   PAD
    0x080048e4   0x080048e4   0x000000fe   Code   RO         1148    .text.UART_Receive_IT  stm32f4xx_hal_uart.o
    0x080049e2   0x080049e2   0x00000002   PAD
    0x080049e4   0x080049e4   0x000000e6   Code   RO         1072    .text.UART_SetConfig  stm32f4xx_hal_uart.o
    0x08004aca   0x08004aca   0x00000002   PAD
    0x08004acc   0x08004acc   0x0000008a   Code   RO          195    .text.USART1_IRQHandler  stm32f4xx_it.o
    0x08004b56   0x08004b56   0x00000002   PAD
    0x08004b58   0x08004b58   0x00000078   Code   RO          197    .text.USART3_IRQHandler  stm32f4xx_it.o
    0x08004bd0   0x08004bd0   0x00000276   Code   RO         1250    .text.USB_CoreInit  stm32f4xx_ll_usb.o
    0x08004e46   0x08004e46   0x00000002   PAD
    0x08004e48   0x08004e48   0x0000000e   Code   RO         1256    .text.USB_DisableGlobalInt  stm32f4xx_ll_usb.o
    0x08004e56   0x08004e56   0x00000002   PAD
    0x08004e58   0x08004e58   0x000002e0   Code   RO         1318    .text.USB_HostInit  stm32f4xx_ll_usb.o
    0x08005138   0x08005138   0x00000368   Code   RO         1258    .text.USB_SetCurrentMode  stm32f4xx_ll_usb.o
    0x080054a0   0x080054a0   0x00000002   Code   RO          161    .text.UsageFault_Handler  stm32f4xx_it.o
    0x080054a2   0x080054a2   0x00000002   PAD
    0x080054a4   0x080054a4   0x000000fa   Code   RO         1385    .text.crc16_head_check  crc.o
    0x0800559e   0x0800559e   0x00000002   PAD
    0x080055a0   0x080055a0   0x000000e8   Code   RO         1387    .text.crc16_make    crc.o
    0x08005688   0x08005688   0x00000044   Code   RO         1389    .text.generate_head_crc  crc.o
    0x080056cc   0x080056cc   0x000002b6   Code   RO           11    .text.main          main.o
    0x08005982   0x08005982   0x00000002   PAD
    0x08005984   0x08005984   0x00000022   Code   RO         1412    .text.ring_buf_avail  ring.o
    0x080059a6   0x080059a6   0x00000002   PAD
    0x080059a8   0x080059a8   0x0000000e   Code   RO         1400    .text.ring_buf_init  ring.o
    0x080059b6   0x080059b6   0x00000002   PAD
    0x080059b8   0x080059b8   0x00000014   Code   RO         1408    .text.ring_buf_read  ring.o
    0x080059cc   0x080059cc   0x00000034   Code   RO         1410    .text.ring_buf_write  ring.o
    0x08005a00   0x08005a00   0x000000ee   Code   RO         1424    .text.unpack_fun    unpack.o
    0x08005aee   0x08005aee   0x00000002   PAD
    0x08005af0   0x08005af0   0x0000000c   Code   RO         1422    .text.unpack_init   unpack.o
    0x08005afc   0x08005afc   0x0000001a   Code   RO         1567    x$fpl$fpinit        fz_wm.l(fpinit.o)
    0x08005b16   0x08005b16   0x00000010   Data   RO         1359    .rodata.AHBPrescTable  system_stm32f4xx.o
    0x08005b26   0x08005b26   0x00000008   Data   RO         1360    .rodata.APBPrescTable  system_stm32f4xx.o
    0x08005b2e   0x08005b2e   0x00000002   PAD
    0x08005b30   0x08005b30   0x00000400   Data   RO         1391    .rodata.CRC16Table  crc.o
    0x08005f30   0x08005f30   0x00000008   Data   RO          536    .rodata.cst8        stm32f4xx_hal_dma.o
    0x08005f38   0x08005f38   0x00000020   Data   RO         1628    Region$$Table       anon$$obj.o


    Execution Region RW_IRAM1 (Exec base: 0x20000000, Load base: 0x08005f58, Size: 0x00001438, Max: 0x0001c000, ABSOLUTE)

    Exec Addr    Load Addr    Size         Type   Attr      Idx    E Section Name        Object

    0x20000000   0x08005f58   0x00000008   Data   RW          714    .data..L_MergedGlobals  stm32f4xx_hal.o
    0x20000008   0x08005f60   0x00000004   Data   RW         1358    .data.SystemCoreClock  system_stm32f4xx.o
    0x2000000c   0x08005f64   0x0000000e   Data   RW           21    .data.TXBUF         main.o
    0x2000001a   0x08005f72   0x00000006   PAD
    0x20000020        -       0x00000060   Zero   RW         1493    .bss                c_w.l(libspace.o)
    0x20000080        -       0x00000021   Zero   RW           39    .bss..L_MergedGlobals  main.o
    0x200000a1        -       0x00000200   Zero   RW           35    .bss.cmd_buf        main.o
    0x200002a1   0x08005f72   0x00000003   PAD
    0x200002a4        -       0x00000060   Zero   RW          124    .bss.hdma_uart5_rx  usart.o
    0x20000304        -       0x00000060   Zero   RW          125    .bss.hdma_uart5_tx  usart.o
    0x20000364        -       0x00000060   Zero   RW          126    .bss.hdma_usart1_rx  usart.o
    0x200003c4        -       0x00000060   Zero   RW          127    .bss.hdma_usart1_tx  usart.o
    0x20000424        -       0x00000060   Zero   RW          128    .bss.hdma_usart3_rx  usart.o
    0x20000484        -       0x00000060   Zero   RW          129    .bss.hdma_usart3_tx  usart.o
    0x200004e4        -       0x000003e0   Zero   RW          144    .bss.hhcd_USB_OTG_FS  usb_otg.o
    0x200008c4        -       0x00000020   Zero   RW           72    .bss.hrtc           rtc.o
    0x200008e4        -       0x00000048   Zero   RW           99    .bss.htim2          tim.o
    0x2000092c        -       0x00000048   Zero   RW          100    .bss.htim3          tim.o
    0x20000974        -       0x00000048   Zero   RW          101    .bss.htim4          tim.o
    0x200009bc        -       0x00000048   Zero   RW          102    .bss.htim9          tim.o
    0x20000a04        -       0x00000048   Zero   RW          122    .bss.huart1         usart.o
    0x20000a4c        -       0x00000048   Zero   RW          123    .bss.huart3         usart.o
    0x20000a94        -       0x00000048   Zero   RW          121    .bss.huart5         usart.o
    0x20000adc        -       0x00000001   Zero   RW           28    .bss.mode_flag      main.o
    0x20000add   0x08005f72   0x00000003   PAD
    0x20000ae0        -       0x00000020   Zero   RW          444    .bss.pFlash         stm32f4xx_hal_flash.o
    0x20000b00        -       0x00000200   Zero   RW           34    .bss.ring_data      main.o
    0x20000d00        -       0x00000064   Zero   RW           31    .bss.rx1_buffer     main.o
    0x20000d64        -       0x00000001   Zero   RW           22    .bss.rx1_flag       main.o
    0x20000d65   0x08005f72   0x00000001   PAD
    0x20000d66        -       0x00000002   Zero   RW           36    .bss.rx1_length     main.o
    0x20000d68        -       0x00000064   Zero   RW           33    .bss.rx3_buffer     main.o
    0x20000dcc        -       0x00000064   Zero   RW           32    .bss.rx4_buffer     main.o
    0x20000e30        -       0x00000001   Zero   RW           23    .bss.rx4_flag       main.o
    0x20000e31   0x08005f72   0x00000001   PAD
    0x20000e32        -       0x00000002   Zero   RW           37    .bss.rx4_length     main.o
    0x20000e34        -       0x00000004   Zero   RW          713    .bss.uwTick         stm32f4xx_hal.o
    0x20000e38        -       0x00000200   Zero   RW            2    HEAP                startup_stm32f407xx.o
    0x20001038        -       0x00000400   Zero   RW            1    STACK               startup_stm32f407xx.o


    Execution Region RW_IRAM2 (Exec base: 0x2001c000, Load base: 0x08005f78, Size: 0x00000000, Max: 0x00004000, ABSOLUTE)

    **** No section assigned to this execution region ****


==============================================================================

Image component sizes


      Code (inc. data)   RO Data    RW Data    ZI Data      Debug   Object Name

       524          6          0          0          0       6547   cmdhandle.o
       550          0       1024          0          0       2566   crc.o
       156          0          0          0          0       3508   dma.o
       584          0          0          0          0       4327   gpio.o
       578          0          0          0          0       6945   hardware.o
      1878          0          0         14       1364       9817   main.o
       120          0          0          0          0       1972   ring.o
       122          0          0          0         32       3170   rtc.o
        64         26        392          0       1536        848   startup_stm32f407xx.o
       204          0          0          8          4       7306   stm32f4xx_hal.o
       196          0          0          0          0      10724   stm32f4xx_hal_cortex.o
      1146          6          8          0          0      10572   stm32f4xx_hal_dma.o
       316          0          0          0         32       5683   stm32f4xx_hal_flash.o
       158          0          0          0          0       5872   stm32f4xx_hal_flash_ex.o
       472          0          0          0          0       5434   stm32f4xx_hal_gpio.o
       138          0          0          0          0      15622   stm32f4xx_hal_hcd.o
        92          0          0          0          0       3532   stm32f4xx_hal_msp.o
      1484          4          0          0          0       7633   stm32f4xx_hal_rcc.o
       330          0          0          0          0       4544   stm32f4xx_hal_rcc_ex.o
       252          0          0          0          0      17245   stm32f4xx_hal_rtc.o
      2870          6          0          0          0      58485   stm32f4xx_hal_tim.o
       190          0          0          0          0      21932   stm32f4xx_hal_tim_ex.o
      4504          0          0          0          0      32800   stm32f4xx_hal_uart.o
       594          0          0          0          0       8100   stm32f4xx_it.o
      2252          0          0          0          0      37522   stm32f4xx_ll_usb.o
        18          0         24          4          0       2595   system_stm32f4xx.o
       940          0          0          0        288      10739   tim.o
       250          8          0          0          0       1589   unpack.o
       948          0          0          0        792       7975   usart.o
       170          0          0          0        992       5211   usb_otg.o

    ----------------------------------------------------------------------
     22256         56       1482         28       5052     320815   Object Totals
         0          0         32          0          0          0   (incl. Generated)
       156          0          2          2         12          0   (incl. Padding)

    ----------------------------------------------------------------------

      Code (inc. data)   RO Data    RW Data    ZI Data      Debug   Library Member Name

         8          0          0          0          0         68   __main.o
         0          0          0          0          0          0   __rtentry.o
        12          0          0          0          0          0   __rtentry2.o
         6          0          0          0          0          0   __rtentry4.o
        94          8          0          0          0          0   __scatter.o
        26          0          0          0          0          0   __scatter_copy.o
        28          0          0          0          0          0   __scatter_zi.o
        18          0          0          0          0         80   exit.o
         6          0          0          0          0        152   heapauxi.o
         0          0          0          0          0          0   indicate_semi.o
         2          0          0          0          0          0   libinit.o
         6          0          0          0          0          0   libinit2.o
         2          0          0          0          0          0   libshutdown.o
         2          0          0          0          0          0   libshutdown2.o
         8          4          0          0         96         68   libspace.o
       240          0          0          0          0        100   lludivv7m.o
        78          0          0          0          0         80   rt_memclr_w.o
         2          0          0          0          0          0   rtexit.o
        10          0          0          0          0          0   rtexit2.o
        12          4          0          0          0         68   sys_exit.o
        74          0          0          0          0         80   sys_stackheap_outer.o
         2          0          0          0          0         68   use_no_semi.o
        26          0          0          0          0        116   fpinit.o

    ----------------------------------------------------------------------
       670         16          0          0         96        880   Library Totals
         8          0          0          0          0          0   (incl. Padding)

    ----------------------------------------------------------------------

      Code (inc. data)   RO Data    RW Data    ZI Data      Debug   Library Name

       636         16          0          0         96        764   c_w.l
        26          0          0          0          0        116   fz_wm.l

    ----------------------------------------------------------------------
       670         16          0          0         96        880   Library Totals

    ----------------------------------------------------------------------

==============================================================================


      Code (inc. data)   RO Data    RW Data    ZI Data      Debug   

     22926         72       1482         28       5148     320943   Grand Totals
     22926         72       1482         28       5148     320943   ELF Image Totals
     22926         72       1482         28          0          0   ROM Totals

==============================================================================

    Total RO  Size (Code + RO Data)                24408 (  23.84kB)
    Total RW  Size (RW Data + ZI Data)              5176 (   5.05kB)
    Total ROM Size (Code + RO Data + RW Data)      24436 (  23.86kB)

==============================================================================

